Archive member included to satisfy reference by file (symbol)

c:/program files (x86)/gnu tools arm embedded/6 2017-q2-update/bin/../lib/gcc/arm-none-eabi/6.3.1/../../../../arm-none-eabi/lib/thumb/v6-m\libc_nano.a(lib_a-exit.o)
                              c:/program files (x86)/gnu tools arm embedded/6 2017-q2-update/bin/../lib/gcc/arm-none-eabi/6.3.1/../../../../arm-none-eabi/lib/thumb/v6-m/crt0.o (exit)
c:/program files (x86)/gnu tools arm embedded/6 2017-q2-update/bin/../lib/gcc/arm-none-eabi/6.3.1/../../../../arm-none-eabi/lib/thumb/v6-m\libc_nano.a(lib_a-impure.o)
                              c:/program files (x86)/gnu tools arm embedded/6 2017-q2-update/bin/../lib/gcc/arm-none-eabi/6.3.1/../../../../arm-none-eabi/lib/thumb/v6-m\libc_nano.a(lib_a-exit.o) (_global_impure_ptr)
c:/program files (x86)/gnu tools arm embedded/6 2017-q2-update/bin/../lib/gcc/arm-none-eabi/6.3.1/../../../../arm-none-eabi/lib/thumb/v6-m\libc_nano.a(lib_a-init.o)
                              c:/program files (x86)/gnu tools arm embedded/6 2017-q2-update/bin/../lib/gcc/arm-none-eabi/6.3.1/../../../../arm-none-eabi/lib/thumb/v6-m/crt0.o (__libc_init_array)
c:/program files (x86)/gnu tools arm embedded/6 2017-q2-update/bin/../lib/gcc/arm-none-eabi/6.3.1/../../../../arm-none-eabi/lib/thumb/v6-m\libc_nano.a(lib_a-memset.o)
                              c:/program files (x86)/gnu tools arm embedded/6 2017-q2-update/bin/../lib/gcc/arm-none-eabi/6.3.1/../../../../arm-none-eabi/lib/thumb/v6-m/crt0.o (memset)
c:/program files (x86)/gnu tools arm embedded/6 2017-q2-update/bin/../lib/gcc/arm-none-eabi/6.3.1/../../../../arm-none-eabi/lib/thumb/v6-m\libnosys.a(_exit.o)
                              c:/program files (x86)/gnu tools arm embedded/6 2017-q2-update/bin/../lib/gcc/arm-none-eabi/6.3.1/../../../../arm-none-eabi/lib/thumb/v6-m\libc_nano.a(lib_a-exit.o) (_exit)
c:/program files (x86)/gnu tools arm embedded/6 2017-q2-update/bin/../lib/gcc/arm-none-eabi/6.3.1/thumb/v6-m\libgcc.a(_udivsi3.o)
                              _build/pstorage.o (__aeabi_uidiv)
c:/program files (x86)/gnu tools arm embedded/6 2017-q2-update/bin/../lib/gcc/arm-none-eabi/6.3.1/thumb/v6-m\libgcc.a(_dvmd_tls.o)
                              c:/program files (x86)/gnu tools arm embedded/6 2017-q2-update/bin/../lib/gcc/arm-none-eabi/6.3.1/thumb/v6-m\libgcc.a(_udivsi3.o) (__aeabi_idiv0)
c:/program files (x86)/gnu tools arm embedded/6 2017-q2-update/bin/../lib/gcc/arm-none-eabi/6.3.1/../../../../arm-none-eabi/lib/thumb/v6-m\libc_nano.a(lib_a-memcmp.o)
                              _build/device_manager_peripheral.o (memcmp)
c:/program files (x86)/gnu tools arm embedded/6 2017-q2-update/bin/../lib/gcc/arm-none-eabi/6.3.1/../../../../arm-none-eabi/lib/thumb/v6-m\libc_nano.a(lib_a-memcpy-stub.o)
                              _build/pstorage.o (memcpy)
c:/program files (x86)/gnu tools arm embedded/6 2017-q2-update/bin/../lib/gcc/arm-none-eabi/6.3.1/../../../../arm-none-eabi/lib/thumb/v6-m\libc_nano.a(lib_a-strlen.o)
                              _build/main.o (strlen)

Allocating common symbols
Common symbol       size              file

__stdin             0x68              _build/retarget.o
__stdout            0x68              _build/retarget.o

Discarded input sections

 .text          0x00000000        0x0 c:/program files (x86)/gnu tools arm embedded/6 2017-q2-update/bin/../lib/gcc/arm-none-eabi/6.3.1/thumb/v6-m/crti.o
 .data          0x00000000        0x0 c:/program files (x86)/gnu tools arm embedded/6 2017-q2-update/bin/../lib/gcc/arm-none-eabi/6.3.1/thumb/v6-m/crti.o
 .bss           0x00000000        0x0 c:/program files (x86)/gnu tools arm embedded/6 2017-q2-update/bin/../lib/gcc/arm-none-eabi/6.3.1/thumb/v6-m/crti.o
 .text          0x00000000       0x60 c:/program files (x86)/gnu tools arm embedded/6 2017-q2-update/bin/../lib/gcc/arm-none-eabi/6.3.1/thumb/v6-m/crtbegin.o
 .data          0x00000000        0x4 c:/program files (x86)/gnu tools arm embedded/6 2017-q2-update/bin/../lib/gcc/arm-none-eabi/6.3.1/thumb/v6-m/crtbegin.o
 .bss           0x00000000       0x1c c:/program files (x86)/gnu tools arm embedded/6 2017-q2-update/bin/../lib/gcc/arm-none-eabi/6.3.1/thumb/v6-m/crtbegin.o
 .init_array    0x00000000        0x4 c:/program files (x86)/gnu tools arm embedded/6 2017-q2-update/bin/../lib/gcc/arm-none-eabi/6.3.1/thumb/v6-m/crtbegin.o
 .fini_array    0x00000000        0x4 c:/program files (x86)/gnu tools arm embedded/6 2017-q2-update/bin/../lib/gcc/arm-none-eabi/6.3.1/thumb/v6-m/crtbegin.o
 .eh_frame      0x00000000        0x0 c:/program files (x86)/gnu tools arm embedded/6 2017-q2-update/bin/../lib/gcc/arm-none-eabi/6.3.1/thumb/v6-m/crtbegin.o
 .jcr           0x00000000        0x0 c:/program files (x86)/gnu tools arm embedded/6 2017-q2-update/bin/../lib/gcc/arm-none-eabi/6.3.1/thumb/v6-m/crtbegin.o
 .ARM.attributes
[...]
Memory Configuration

Name             Origin             Length             Attributes
FLASH            0x00018000         0x00028000         xr
RAM              0x20002000         0x00002000         xrw
*default*        0x00000000         0xffffffff

Linker script and memory map

LOAD c:/program files (x86)/gnu tools arm embedded/6 2017-q2-update/bin/../lib/gcc/arm-none-eabi/6.3.1/thumb/v6-m/crti.o
LOAD c:/program files (x86)/gnu tools arm embedded/6 2017-q2-update/bin/../lib/gcc/arm-none-eabi/6.3.1/thumb/v6-m/crtbegin.o
LOAD c:/program files (x86)/gnu tools arm embedded/6 2017-q2-update/bin/../lib/gcc/arm-none-eabi/6.3.1/../../../../arm-none-eabi/lib/thumb/v6-m/crt0.o
LOAD c:/program files (x86)/gnu tools arm embedded/6 2017-q2-update/bin/../lib/gcc/arm-none-eabi/6.3.1/../../../../arm-none-eabi/lib/thumb/v6-m\libc_nano.a
LOAD c:/program files (x86)/gnu tools arm embedded/6 2017-q2-update/bin/../lib/gcc/arm-none-eabi/6.3.1/../../../../arm-none-eabi/lib/thumb/v6-m\libnosys.a
LOAD _build/app_button.o
LOAD _build/app_error.o
LOAD _build/app_fifo.o
LOAD _build/app_timer.o
LOAD _build/app_trace.o
LOAD _build/nrf_assert.o
LOAD _build/retarget.o
LOAD _build/sensorsim.o
LOAD _build/app_uart_fifo.o
LOAD _build/nrf_delay.o
LOAD _build/nrf_drv_common.o
LOAD _build/nrf_drv_gpiote.o
LOAD _build/pstorage.o
LOAD _build/bsp.o
LOAD _build/bsp_btn_ble.o
LOAD _build/main.o
LOAD _build/ble_advdata.o
LOAD _build/ble_advertising.o
LOAD _build/ble_bas.o
LOAD _build/ble_bps.o
LOAD _build/ble_conn_params.o
LOAD _build/ble_dis.o
LOAD _build/ble_srv_common.o
LOAD _build/device_manager_peripheral.o
LOAD _build/system_nrf51.o
LOAD _build/softdevice_handler.o
LOAD _build/gcc_startup_nrf51.o
START GROUP
LOAD c:/program files (x86)/gnu tools arm embedded/6 2017-q2-update/bin/../lib/gcc/arm-none-eabi/6.3.1/thumb/v6-m\libgcc.a
LOAD c:/program files (x86)/gnu tools arm embedded/6 2017-q2-update/bin/../lib/gcc/arm-none-eabi/6.3.1/../../../../arm-none-eabi/lib/thumb/v6-m\libc_nano.a
END GROUP
START GROUP
LOAD c:/program files (x86)/gnu tools arm embedded/6 2017-q2-update/bin/../lib/gcc/arm-none-eabi/6.3.1/thumb/v6-m\libgcc.a
LOAD c:/program files (x86)/gnu tools arm embedded/6 2017-q2-update/bin/../lib/gcc/arm-none-eabi/6.3.1/../../../../arm-none-eabi/lib/thumb/v6-m\libc_nano.a
END GROUP
LOAD c:/program files (x86)/gnu tools arm embedded/6 2017-q2-update/bin/../lib/gcc/arm-none-eabi/6.3.1/thumb/v6-m/crtend.o
LOAD c:/program files (x86)/gnu tools arm embedded/6 2017-q2-update/bin/../lib/gcc/arm-none-eabi/6.3.1/thumb/v6-m/crtn.o
START GROUP
LOAD c:/program files (x86)/gnu tools arm embedded/6 2017-q2-update/bin/../lib/gcc/arm-none-eabi/6.3.1/thumb/v6-m\libgcc.a
LOAD c:/program files (x86)/gnu tools arm embedded/6 2017-q2-update/bin/../lib/gcc/arm-none-eabi/6.3.1/../../../../arm-none-eabi/lib/thumb/v6-m\libc.a
LOAD c:/program files (x86)/gnu tools arm embedded/6 2017-q2-update/bin/../lib/gcc/arm-none-eabi/6.3.1/../../../../arm-none-eabi/lib/thumb/v6-m\libnosys.a
END GROUP

.text           0x00018000     0xa354
 *(.Vectors)
 .Vectors       0x00018000       0xc0 _build/gcc_startup_nrf51.o
                0x00018000                __Vectors
 *(.text*)
 .text          0x000180c0       0x78 c:/program files (x86)/gnu tools arm embedded/6 2017-q2-update/bin/../lib/gcc/arm-none-eabi/6.3.1/../../../../arm-none-eabi/lib/thumb/v6-m/crt0.o
                0x000180c0                _start
                0x000180c0                _mainCRTStartup
 .text.exit     0x00018138       0x2c c:/program files (x86)/gnu tools arm embedded/6 2017-q2-update/bin/../lib/gcc/arm-none-eabi/6.3.1/../../../../arm-none-eabi/lib/thumb/v6-m\libc_nano.a(lib_a-exit.o)
                0x00018138                exit
 .text.__libc_init_array
                0x00018164       0x48 c:/program files (x86)/gnu tools arm embedded/6 2017-q2-update/bin/../lib/gcc/arm-none-eabi/6.3.1/../../../../arm-none-eabi/lib/thumb/v6-m\libc_nano.a(lib_a-init.o)
                0x00018164                __libc_init_array
 .text.memset   0x000181ac       0x10 c:/program files (x86)/gnu tools arm embedded/6 2017-q2-update/bin/../lib/gcc/arm-none-eabi/6.3.1/../../../../arm-none-eabi/lib/thumb/v6-m\libc_nano.a(lib_a-memset.o)
                0x000181ac                memset
 .text._exit    0x000181bc        0x4 c:/program files (x86)/gnu tools arm embedded/6 2017-q2-update/bin/../lib/gcc/arm-none-eabi/6.3.1/../../../../arm-none-eabi/lib/thumb/v6-m\libnosys.a(_exit.o)
                0x000181bc                _exit
 .text.detection_delay_timeout_handler
                0x000181c0       0xe4 _build/app_button.o
 .text.gpiote_event_handler
                0x000182a4       0xa8 _build/app_button.o
 .text.app_button_init
                0x0001834c      0x104 _build/app_button.o
                0x0001834c                app_button_init
 .text.app_button_enable
                0x00018450       0x44 _build/app_button.o
                0x00018450                app_button_enable
 .text.NVIC_SystemReset
                0x00018494       0x1c _build/app_error.o
 .text.app_error_handler
                0x000184b0       0x18 _build/app_error.o
                0x000184b0                app_error_handler
 .text.fifo_length
                0x000184c8       0x1e _build/app_fifo.o
 .text.app_fifo_put
                0x000184e6       0x4e _build/app_fifo.o
                0x000184e6                app_fifo_put
 .text.app_fifo_get
                0x00018534       0x44 _build/app_fifo.o
                0x00018534                app_fifo_get
 .text.is_word_aligned
                0x00018578       0x1c _build/app_timer.o
 .text.NVIC_EnableIRQ
                0x00018594       0x2c _build/app_timer.o
 .text.NVIC_DisableIRQ
                0x000185c0       0x30 _build/app_timer.o
 .text.NVIC_SetPendingIRQ
                0x000185f0       0x34 _build/app_timer.o
 .text.NVIC_ClearPendingIRQ
                0x00018624       0x34 _build/app_timer.o
 .text.NVIC_SetPriority
                0x00018658       0xdc _build/app_timer.o
 .text.NVIC_GetPriority
                0x00018734       0x7c _build/app_timer.o
 .text.current_int_priority_get
                0x000187b0       0x3c _build/app_timer.o
 .text.rtc1_init
                0x000187ec       0x28 _build/app_timer.o
 .text.rtc1_start
                0x00018814       0x6c _build/app_timer.o
 .text.rtc1_stop
                0x00018880       0x98 _build/app_timer.o
 .text.rtc1_counter_get
                0x00018918       0x18 _build/app_timer.o
 .text.ticks_diff_get
                0x00018930       0x1c _build/app_timer.o
 .text.rtc1_compare0_set
                0x0001894c       0x20 _build/app_timer.o
 .text.timer_list_insert
                0x0001896c      0x144 _build/app_timer.o
 .text.timer_list_remove
                0x00018ab0      0x118 _build/app_timer.o
 .text.timer_timeouts_check_sched
                0x00018bc8       0x10 _build/app_timer.o
 .text.timer_list_handler_sched
                0x00018bd8       0x10 _build/app_timer.o
 .text.timeout_handler_exec
                0x00018be8       0x54 _build/app_timer.o
 .text.timer_timeouts_check
                0x00018c3c       0xd0 _build/app_timer.o
 .text.elapsed_ticks_acquire
                0x00018d0c       0x7c _build/app_timer.o
 .text.list_deletions_handler
                0x00018d88      0x120 _build/app_timer.o
 .text.expired_timers_handler
                0x00018ea8       0xb0 _build/app_timer.o
 .text.list_insertions_handler
                0x00018f58      0x1c0 _build/app_timer.o
 .text.compare_reg_update
                0x00019118       0xc4 _build/app_timer.o
 .text.timer_list_handler
                0x000191dc       0x94 _build/app_timer.o
 .text.user_op_enque
                0x00019270       0x1a _build/app_timer.o
 .text.user_op_alloc
                0x0001928a       0x58 _build/app_timer.o
 *fill*         0x000192e2        0x2 
 .text.timer_start_op_schedule
                0x000192e4       0x80 _build/app_timer.o
 .text.timer_stop_op_schedule
                0x00019364       0x60 _build/app_timer.o
 .text.RTC1_IRQHandler
                0x000193c4       0x50 _build/app_timer.o
                0x000193c4                RTC1_IRQHandler
 .text.SWI0_IRQHandler
                0x00019414        0xe _build/app_timer.o
                0x00019414                SWI0_IRQHandler
 *fill*         0x00019422        0x2 
 .text.app_timer_init
                0x00019424      0x17c _build/app_timer.o
                0x00019424                app_timer_init
 .text.app_timer_create
                0x000195a0       0xbc _build/app_timer.o
                0x000195a0                app_timer_create
 .text.user_id_get
                0x0001965c       0x32 _build/app_timer.o
 *fill*         0x0001968e        0x2 
 .text.app_timer_start
                0x00019690       0x90 _build/app_timer.o
                0x00019690                app_timer_start
 .text.app_timer_stop
                0x00019720       0x60 _build/app_timer.o
                0x00019720                app_timer_stop
 .text.sensorsim_init
                0x00019780       0x38 _build/sensorsim.o
                0x00019780                sensorsim_init
 .text.sensorsim_measure
                0x000197b8       0x80 _build/sensorsim.o
                0x000197b8                sensorsim_measure
 .text.fifo_length
                0x00019838       0x1e _build/app_uart_fifo.o
 *fill*         0x00019856        0x2 
 .text.action_uart_deactivate
                0x00019858       0x30 _build/app_uart_fifo.o
 .text.action_tx_stop
                0x00019888       0x38 _build/app_uart_fifo.o
                0x00019888                action_tx_stop
 .text.action_tx_send
                0x000198c0       0x68 _build/app_uart_fifo.o
 .text.action_tx_ready
                0x00019928       0x24 _build/app_uart_fifo.o
 .text.on_cts_high
                0x0001994c       0x2c _build/app_uart_fifo.o
 .text.on_cts_low
                0x00019978       0x58 _build/app_uart_fifo.o
 .text.on_tx_ready
                0x000199d0       0x30 _build/app_uart_fifo.o
 .text.on_uart_put
                0x00019a00       0x1c _build/app_uart_fifo.o
 .text.on_uart_close
                0x00019a1c        0xe _build/app_uart_fifo.o
 *fill*         0x00019a2a        0x2 
 .text.on_uart_event
                0x00019a2c       0x4c _build/app_uart_fifo.o
 .text.UART0_IRQHandler
                0x00019a78       0xec _build/app_uart_fifo.o
                0x00019a78                UART0_IRQHandler
 .text.NVIC_EnableIRQ
                0x00019b64       0x2c _build/nrf_drv_common.o
 .text.NVIC_ClearPendingIRQ
                0x00019b90       0x34 _build/nrf_drv_common.o
 .text.NVIC_SetPriority
                0x00019bc4       0xdc _build/nrf_drv_common.o
 .text.nrf_drv_common_irq_enable
                0x00019ca0       0x44 _build/nrf_drv_common.o
                0x00019ca0                nrf_drv_common_irq_enable
 .text.nrf_gpiote_event_is_set
                0x00019ce4       0x2a _build/nrf_drv_gpiote.o
 .text.nrf_gpiote_event_clear
                0x00019d0e       0x24 _build/nrf_drv_gpiote.o
 *fill*         0x00019d32        0x2 
 .text.nrf_gpiote_event_addr_get
                0x00019d34       0x24 _build/nrf_drv_gpiote.o
 .text.nrf_gpiote_int_enable
                0x00019d58       0x20 _build/nrf_drv_gpiote.o
 .text.nrf_gpiote_int_is_enabled
                0x00019d78       0x20 _build/nrf_drv_gpiote.o
 .text.nrf_gpiote_event_enable
                0x00019d98       0x30 _build/nrf_drv_gpiote.o
 .text.nrf_gpiote_event_configure
                0x00019dc8       0x70 _build/nrf_drv_gpiote.o
 .text.nrf_gpiote_event_pin_get
                0x00019e38       0x28 _build/nrf_drv_gpiote.o
 .text.nrf_gpiote_event_polarity_get
                0x00019e60       0x28 _build/nrf_drv_gpiote.o
 .text.nrf_gpio_cfg_input
                0x00019e88       0x2c _build/nrf_drv_gpiote.o
 .text.nrf_gpio_cfg_watcher
                0x00019eb4       0x34 _build/nrf_drv_gpiote.o
 .text.nrf_gpio_cfg_sense_set
                0x00019ee8       0x60 _build/nrf_drv_gpiote.o
 .text.nrf_gpio_pin_read
                0x00019f48       0x24 _build/nrf_drv_gpiote.o
 .text.nrf_gpio_pins_read
                0x00019f6c       0x14 _build/nrf_drv_gpiote.o
 .text.nrf_gpio_pin_sense_get
                0x00019f80       0x26 _build/nrf_drv_gpiote.o
 *fill*         0x00019fa6        0x2 
 .text.pin_in_use_by_te
                0x00019fa8       0x48 _build/nrf_drv_gpiote.o
 .text.pin_in_use_by_port
                0x00019ff0       0x30 _build/nrf_drv_gpiote.o
 .text.pin_in_use_by_gpiote
                0x0001a020       0x2c _build/nrf_drv_gpiote.o
 .text.pin_in_use_by_te_set
                0x0001a04c       0x60 _build/nrf_drv_gpiote.o
 .text.pin_in_use_clear
                0x0001a0ac       0x24 _build/nrf_drv_gpiote.o
 .text.channel_port_get
                0x0001a0d0       0x24 _build/nrf_drv_gpiote.o
 .text.pin_from_port_get
                0x0001a0f4       0x24 _build/nrf_drv_gpiote.o
 .text.channel_handler_get
                0x0001a118       0x20 _build/nrf_drv_gpiote.o
 .text.channel_port_alloc
                0x0001a138       0x88 _build/nrf_drv_gpiote.o
 .text.channel_free
                0x0001a1c0       0x44 _build/nrf_drv_gpiote.o
 .text.nrf_drv_gpiote_init
                0x0001a204       0x80 _build/nrf_drv_gpiote.o
                0x0001a204                nrf_drv_gpiote_init
 .text.nrf_drv_gpiote_is_init
                0x0001a284       0x18 _build/nrf_drv_gpiote.o
                0x0001a284                nrf_drv_gpiote_is_init
 .text.nrf_drv_gpiote_in_init
                0x0001a29c       0xd0 _build/nrf_drv_gpiote.o
                0x0001a29c                nrf_drv_gpiote_in_init
 .text.nrf_drv_gpiote_in_event_enable
                0x0001a36c       0xee _build/nrf_drv_gpiote.o
                0x0001a36c                nrf_drv_gpiote_in_event_enable
 .text.nrf_drv_gpiote_in_is_set
                0x0001a45a       0x20 _build/nrf_drv_gpiote.o
                0x0001a45a                nrf_drv_gpiote_in_is_set
 .text.GPIOTE_IRQHandler
                0x0001a47a      0x1e4 _build/nrf_drv_gpiote.o
                0x0001a47a                GPIOTE_IRQHandler
 .text.pstorage_flash_page_size
                0x0001a65e       0x12 _build/pstorage.o
 .text.pstorage_flash_page_end
                0x0001a670       0x38 _build/pstorage.o
 .text.sd_flash_write
                0x0001a6a8        0x8 _build/pstorage.o
 .text.sd_flash_page_erase
                0x0001a6b0        0x8 _build/pstorage.o
 .text.is_word_aligned
                0x0001a6b8       0x1c _build/pstorage.o
 .text.cmd_queue_element_init
                0x0001a6d4       0x8c _build/pstorage.o
 .text.cmd_queue_init
                0x0001a760       0x54 _build/pstorage.o
 .text.cmd_queue_enqueue
                0x0001a7b4      0x13c _build/pstorage.o
 .text.cmd_queue_dequeue
                0x0001a8f0       0x48 _build/pstorage.o
 .text.app_notify
                0x0001a938       0x4c _build/pstorage.o
 .text.pstorage_sys_event_handler
                0x0001a984      0x288 _build/pstorage.o
                0x0001a984                pstorage_sys_event_handler
 .text.swap_state_process
                0x0001ac0c      0x24c _build/pstorage.o
 .text.cmd_process
                0x0001ae58      0x204 _build/pstorage.o
 .text.pstorage_init
                0x0001b05c       0xdc _build/pstorage.o
                0x0001b05c                pstorage_init
 .text.pstorage_register
                0x0001b138      0x1d8 _build/pstorage.o
                0x0001b138                pstorage_register
 .text.pstorage_block_identifier_get
                0x0001b310       0xe0 _build/pstorage.o
                0x0001b310                pstorage_block_identifier_get
 .text.pstorage_store
                0x0001b3f0      0x14c _build/pstorage.o
                0x0001b3f0                pstorage_store
 .text.pstorage_update
                0x0001b53c      0x14c _build/pstorage.o
                0x0001b53c                pstorage_update
 .text.pstorage_load
                0x0001b688      0x168 _build/pstorage.o
                0x0001b688                pstorage_load
 .text.pstorage_clear
                0x0001b7f0       0xf8 _build/pstorage.o
                0x0001b7f0                pstorage_clear
 .text.pstorage_access_status_get
                0x0001b8e8       0x40 _build/pstorage.o
                0x0001b8e8                pstorage_access_status_get
 .text.bsp_button_is_pressed
                0x0001b928       0x54 _build/bsp.o
                0x0001b928                bsp_button_is_pressed
 .text.bsp_button_event_handler
                0x0001b97c      0x160 _build/bsp.o
 .text.button_timer_handler
                0x0001badc       0x1c _build/bsp.o
 .text.bsp_led_indication
                0x0001baf8      0x6ac _build/bsp.o
 .text.leds_timer_handler
                0x0001c1a4       0x2c _build/bsp.o
 .text.alert_timer_handler
                0x0001c1d0       0x48 _build/bsp.o
 .text.bsp_indication_set
                0x0001c218       0x38 _build/bsp.o
                0x0001c218                bsp_indication_set
 .text.bsp_init
                0x0001c250      0x120 _build/bsp.o
                0x0001c250                bsp_init
 .text.bsp_event_to_button_action_assign
                0x0001c370       0xac _build/bsp.o
                0x0001c370                bsp_event_to_button_action_assign
 .text.bsp_wakeup_buttons_set
                0x0001c41c       0x84 _build/bsp.o
                0x0001c41c                bsp_wakeup_buttons_set
 .text.connection_buttons_configure
                0x0001c4a0       0x6a _build/bsp_btn_ble.o
 .text.advertising_buttons_configure
                0x0001c50a       0x6a _build/bsp_btn_ble.o
 .text.startup_event_extract
                0x0001c574       0x70 _build/bsp_btn_ble.o
 .text.bsp_btn_ble_sleep_mode_prepare
                0x0001c5e4       0x2a _build/bsp_btn_ble.o
                0x0001c5e4                bsp_btn_ble_sleep_mode_prepare
 *fill*         0x0001c60e        0x2 
 .text.bsp_btn_ble_on_ble_evt
                0x0001c610       0x90 _build/bsp_btn_ble.o
                0x0001c610                bsp_btn_ble_on_ble_evt
 .text.bsp_btn_ble_init
                0x0001c6a0       0x54 _build/bsp_btn_ble.o
                0x0001c6a0                bsp_btn_ble_init
 .text.sd_ble_gap_disconnect
                0x0001c6f4        0x8 _build/main.o
 .text.sd_ble_gap_appearance_set
                0x0001c6fc        0x8 _build/main.o
 .text.sd_ble_gap_ppcp_set
                0x0001c704        0x8 _build/main.o
 .text.sd_ble_gap_device_name_set
                0x0001c70c        0x8 _build/main.o
 .text.sd_ble_enable
                0x0001c714        0x8 _build/main.o
 .text.sd_power_system_off
                0x0001c71c        0x8 _build/main.o
 .text.sd_app_evt_wait
                0x0001c724        0x8 _build/main.o
 .text.assert_nrf_callback
                0x0001c72c       0x28 _build/main.o
                0x0001c72c                assert_nrf_callback
 .text.battery_level_update
                0x0001c754       0x70 _build/main.o
 .text.battery_level_meas_timeout_handler
                0x0001c7c4       0x14 _build/main.o
 .text.bps_sim_measurement
                0x0001c7d8      0x174 _build/main.o
 .text.timers_init
                0x0001c94c       0x6c _build/main.o
 .text.gap_params_init
                0x0001c9b8       0xe0 _build/main.o
 .text.blood_pressure_measurement_send
                0x0001ca98       0x90 _build/main.o
 .text.on_bps_evt
                0x0001cb28       0x34 _build/main.o
 .text.services_init
                0x0001cb5c      0x288 _build/main.o
 .text.sensor_simulator_init
                0x0001cde4      0x10c _build/main.o
 .text.application_timers_start
                0x0001cef0       0x3c _build/main.o
 .text.on_conn_params_evt
                0x0001cf2c       0x44 _build/main.o
 .text.conn_params_error_handler
                0x0001cf70       0x1c _build/main.o
 .text.conn_params_init
                0x0001cf8c       0x78 _build/main.o
 .text.sleep_mode_enter
                0x0001d004       0x6a _build/main.o
 .text.on_adv_evt
                0x0001d06e       0x4c _build/main.o
 *fill*         0x0001d0ba        0x2 
 .text.on_ble_evt
                0x0001d0bc       0x98 _build/main.o
 .text.ble_evt_dispatch
                0x0001d154       0x58 _build/main.o
 .text.sys_evt_dispatch
                0x0001d1ac       0x20 _build/main.o
 .text.ble_stack_init
                0x0001d1cc       0xbc _build/main.o
 .text.bsp_event_handler
                0x0001d288       0xac _build/main.o
 .text.device_manager_evt_handler
                0x0001d334       0x74 _build/main.o
 .text.device_manager_init
                0x0001d3a8       0xf8 _build/main.o
 .text.advertising_init
                0x0001d4a0       0x9c _build/main.o
 .text.buttons_leds_init
                0x0001d53c       0x78 _build/main.o
 .text.power_manage
                0x0001d5b4       0x2c _build/main.o
 .text.main     0x0001d5e0       0x5e _build/main.o
                0x0001d5e0                main
 .text.sd_ble_gap_adv_data_set
                0x0001d63e        0x8 _build/ble_advdata.o
 .text.sd_ble_gap_appearance_get
                0x0001d646        0x8 _build/ble_advdata.o
 .text.sd_ble_gap_device_name_get
                0x0001d64e        0x8 _build/ble_advdata.o
 .text.sd_ble_uuid_encode
                0x0001d656        0x8 _build/ble_advdata.o
 .text.uint16_encode
                0x0001d65e       0x32 _build/ble_advdata.o
 .text.name_encode
                0x0001d690      0x13a _build/ble_advdata.o
 .text.appearance_encode
                0x0001d7ca       0x8e _build/ble_advdata.o
 .text.tx_power_level_encode
                0x0001d858       0x70 _build/ble_advdata.o
 .text.uuid_list_sized_encode
                0x0001d8c8      0x16e _build/ble_advdata.o
 .text.uuid_list_encode
                0x0001da36       0x70 _build/ble_advdata.o
 *fill*         0x0001daa6        0x2 
 .text.conn_int_check
                0x0001daa8       0x80 _build/ble_advdata.o
 .text.conn_int_encode
                0x0001db28       0xb2 _build/ble_advdata.o
 .text.manuf_specific_data_encode
                0x0001dbda       0xd2 _build/ble_advdata.o
 .text.service_data_encode
                0x0001dcac      0x106 _build/ble_advdata.o
 .text.adv_data_encode
                0x0001ddb2      0x1c8 _build/ble_advdata.o
 .text.advdata_check
                0x0001df7a       0x22 _build/ble_advdata.o
 .text.srdata_check
                0x0001df9c       0x1e _build/ble_advdata.o
 .text.ble_advdata_set
                0x0001dfba       0xc4 _build/ble_advdata.o
                0x0001dfba                ble_advdata_set
 .text.sd_ble_gap_adv_start
                0x0001e07e        0x8 _build/ble_advertising.o
 .text.sd_ble_gap_adv_stop
                0x0001e086        0x8 _build/ble_advertising.o
 .text.whitelist_has_entries
                0x0001e08e       0x26 _build/ble_advertising.o
 .text.ble_advertising_peer_address_clear
                0x0001e0b4       0x1c _build/ble_advertising.o
 .text.peer_address_exists
                0x0001e0d0       0x34 _build/ble_advertising.o
 .text.ble_advertising_init
                0x0001e104      0x228 _build/ble_advertising.o
                0x0001e104                ble_advertising_init
 .text.ble_advertising_start
                0x0001e32c      0x2f8 _build/ble_advertising.o
                0x0001e32c                ble_advertising_start
 .text.ble_advertising_on_ble_evt
                0x0001e624      0x178 _build/ble_advertising.o
                0x0001e624                ble_advertising_on_ble_evt
 .text.ble_advertising_on_sys_evt
                0x0001e79c       0x64 _build/ble_advertising.o
                0x0001e79c                ble_advertising_on_sys_evt
 .text.ble_advertising_restart_without_whitelist
                0x0001e800       0x7c _build/ble_advertising.o
                0x0001e800                ble_advertising_restart_without_whitelist
 .text.sd_ble_gatts_service_add
                0x0001e87c        0x8 _build/ble_bas.o
 .text.sd_ble_gatts_characteristic_add
                0x0001e884        0x8 _build/ble_bas.o
 .text.sd_ble_gatts_descriptor_add
                0x0001e88c        0x8 _build/ble_bas.o
 .text.sd_ble_gatts_value_set
                0x0001e894        0x8 _build/ble_bas.o
 .text.sd_ble_gatts_hvx
                0x0001e89c        0x8 _build/ble_bas.o
 .text.uint16_decode
                0x0001e8a4       0x26 _build/ble_bas.o
 .text.ble_srv_is_notification_enabled
                0x0001e8ca       0x30 _build/ble_bas.o
 .text.on_connect
                0x0001e8fa       0x1a _build/ble_bas.o
 .text.on_disconnect
                0x0001e914       0x1a _build/ble_bas.o
 .text.on_write
                0x0001e92e       0x6a _build/ble_bas.o
 .text.ble_bas_on_ble_evt
                0x0001e998       0x4e _build/ble_bas.o
                0x0001e998                ble_bas_on_ble_evt
 *fill*         0x0001e9e6        0x2 
 .text.battery_level_char_add
                0x0001e9e8      0x2c4 _build/ble_bas.o
 .text.ble_bas_init
                0x0001ecac       0x70 _build/ble_bas.o
                0x0001ecac                ble_bas_init
 .text.ble_bas_battery_level_update
                0x0001ed1c       0xe8 _build/ble_bas.o
                0x0001ed1c                ble_bas_battery_level_update
 .text.sd_ble_gatts_service_add
                0x0001ee04        0x8 _build/ble_bps.o
 .text.sd_ble_gatts_characteristic_add
                0x0001ee0c        0x8 _build/ble_bps.o
 .text.sd_ble_gatts_value_get
                0x0001ee14        0x8 _build/ble_bps.o
 .text.sd_ble_gatts_hvx
                0x0001ee1c        0x8 _build/ble_bps.o
 .text.uint16_encode
                0x0001ee24       0x32 _build/ble_bps.o
 .text.uint16_decode
                0x0001ee56       0x26 _build/ble_bps.o
 .text.ble_srv_is_indication_enabled
                0x0001ee7c       0x30 _build/ble_bps.o
 .text.ble_date_time_encode
                0x0001eeac       0xb0 _build/ble_bps.o
 .text.on_connect
                0x0001ef5c       0x1a _build/ble_bps.o
 .text.on_disconnect
                0x0001ef76       0x1a _build/ble_bps.o
 .text.on_cccd_write
                0x0001ef90       0x50 _build/ble_bps.o
 .text.on_write
                0x0001efe0       0x30 _build/ble_bps.o
 .text.on_hvc   0x0001f010       0x3a _build/ble_bps.o
 .text.ble_bps_on_ble_evt
                0x0001f04a       0x64 _build/ble_bps.o
                0x0001f04a                ble_bps_on_ble_evt
 .text.bps_measurement_encode
                0x0001f0ae      0x23c _build/ble_bps.o
 *fill*         0x0001f2ea        0x2 
 .text.bps_measurement_char_add
                0x0001f2ec      0x18c _build/ble_bps.o
 .text.bps_feature_char_add
                0x0001f478      0x140 _build/ble_bps.o
 .text.ble_bps_init
                0x0001f5b8       0x94 _build/ble_bps.o
                0x0001f5b8                ble_bps_init
 .text.ble_bps_measurement_send
                0x0001f64c       0xb8 _build/ble_bps.o
                0x0001f64c                ble_bps_measurement_send
 .text.ble_bps_is_indication_enabled
                0x0001f704       0x6a _build/ble_bps.o
                0x0001f704                ble_bps_is_indication_enabled
 .text.sd_ble_gap_conn_param_update
                0x0001f76e        0x8 _build/ble_conn_params.o
 .text.sd_ble_gap_disconnect
                0x0001f776        0x8 _build/ble_conn_params.o
 .text.sd_ble_gap_ppcp_set
                0x0001f77e        0x8 _build/ble_conn_params.o
 .text.sd_ble_gap_ppcp_get
                0x0001f786        0x8 _build/ble_conn_params.o
 .text.uint16_decode
                0x0001f78e       0x26 _build/ble_conn_params.o
 .text.ble_srv_is_notification_enabled
                0x0001f7b4       0x30 _build/ble_conn_params.o
 .text.is_conn_params_ok
                0x0001f7e4       0x34 _build/ble_conn_params.o
 .text.update_timeout_handler
                0x0001f818       0xc4 _build/ble_conn_params.o
 .text.ble_conn_params_init
                0x0001f8dc       0xa4 _build/ble_conn_params.o
                0x0001f8dc                ble_conn_params_init
 .text.conn_params_negotiation
                0x0001f980       0xbc _build/ble_conn_params.o
 .text.on_connect
                0x0001fa3c       0x4c _build/ble_conn_params.o
 .text.on_disconnect
                0x0001fa88       0x54 _build/ble_conn_params.o
 .text.on_write
                0x0001fadc       0x6c _build/ble_conn_params.o
 .text.on_conn_params_update
                0x0001fb48       0x2c _build/ble_conn_params.o
 .text.ble_conn_params_on_ble_evt
                0x0001fb74       0x52 _build/ble_conn_params.o
                0x0001fb74                ble_conn_params_on_ble_evt
 .text.uint16_encode
                0x0001fbc6       0x32 _build/ble_dis.o
 .text.sd_ble_gatts_service_add
                0x0001fbf8        0x8 _build/ble_dis.o
 .text.sd_ble_gatts_characteristic_add
                0x0001fc00        0x8 _build/ble_dis.o
 .text.sys_id_encode
                0x0001fc08       0xe2 _build/ble_dis.o
 .text.pnp_id_encode
                0x0001fcea       0xfa _build/ble_dis.o
 .text.char_add
                0x0001fde4      0x16c _build/ble_dis.o
 .text.ble_dis_init
                0x0001ff50      0x270 _build/ble_dis.o
                0x0001ff50                ble_dis_init
 .text.ble_srv_report_ref_encode
                0x000201c0       0x74 _build/ble_srv_common.o
                0x000201c0                ble_srv_report_ref_encode
 .text.ble_srv_ascii_to_utf8
                0x00020234       0x28 _build/ble_srv_common.o
                0x00020234                ble_srv_ascii_to_utf8
 .text.sd_ble_gap_sec_params_reply
                0x0002025c        0x8 _build/device_manager_peripheral.o
 .text.sd_ble_gap_sec_info_reply
                0x00020264        0x8 _build/device_manager_peripheral.o
 .text.sd_ble_gatts_service_changed
                0x0002026c        0x8 _build/device_manager_peripheral.o
 .text.sd_ble_gatts_sys_attr_set
                0x00020274        0x8 _build/device_manager_peripheral.o
 .text.sd_ble_gatts_sys_attr_get
                0x0002027c        0x8 _build/device_manager_peripheral.o
 .text.update_status_bit_reset
                0x00020284       0x28 _build/device_manager_peripheral.o
 .text.update_status_bit_is_set
                0x000202ac       0x2c _build/device_manager_peripheral.o
 .text.application_instance_init
                0x000202d8       0x4c _build/device_manager_peripheral.o
 .text.connection_instance_init
                0x00020324       0x6c _build/device_manager_peripheral.o
 .text.peer_instance_init
                0x00020390       0x90 _build/device_manager_peripheral.o
 .text.connection_instance_find
                0x00020420       0x90 _build/device_manager_peripheral.o
 .text.device_instance_allocate
                0x000204b0       0xd8 _build/device_manager_peripheral.o
 .text.device_instance_free
                0x00020588       0x50 _build/device_manager_peripheral.o
 .text.device_instance_find
                0x000205d8       0x84 _build/device_manager_peripheral.o
 .text.app_evt_notify
                0x0002065c       0x28 _build/device_manager_peripheral.o
 .text.connection_instance_allocate
                0x00020684       0x4c _build/device_manager_peripheral.o
 .text.connection_instance_free
                0x000206d0       0x38 _build/device_manager_peripheral.o
 .text.storage_operation_dummy_handler
                0x00020708       0x20 _build/device_manager_peripheral.o
 .text.device_context_store
                0x00020728      0x150 _build/device_manager_peripheral.o
 .text.no_service_context_store
                0x00020878       0x14 _build/device_manager_peripheral.o
 .text.gatts_context_store
                0x0002088c      0x168 _build/device_manager_peripheral.o
 .text.gattc_context_store
                0x000209f4       0x14 _build/device_manager_peripheral.o
 .text.gattsc_context_store
                0x00020a08       0x3a _build/device_manager_peripheral.o
 .text.no_service_context_load
                0x00020a42       0x14 _build/device_manager_peripheral.o
 *fill*         0x00020a56        0x2 
 .text.gatts_context_load
                0x00020a58       0x70 _build/device_manager_peripheral.o
 .text.gattc_context_load
                0x00020ac8       0x14 _build/device_manager_peripheral.o
 .text.gattsc_context_load
                0x00020adc       0x3a _build/device_manager_peripheral.o
 .text.no_service_context_apply
                0x00020b16       0x12 _build/device_manager_peripheral.o
 .text.gatts_context_apply
                0x00020b28      0x194 _build/device_manager_peripheral.o
 .text.gattc_context_apply
                0x00020cbc       0x12 _build/device_manager_peripheral.o
 .text.gattsc_context_apply
                0x00020cce       0x30 _build/device_manager_peripheral.o
 *fill*         0x00020cfe        0x2 
 .text.dm_pstorage_cb_handler
                0x00020d00      0x2ec _build/device_manager_peripheral.o
 .text.dm_init  0x00020fec      0x160 _build/device_manager_peripheral.o
                0x00020fec                dm_init
 .text.dm_register
                0x0002114c       0xd0 _build/device_manager_peripheral.o
                0x0002114c                dm_register
 .text.dm_handle_initialize
                0x0002121c       0x38 _build/device_manager_peripheral.o
                0x0002121c                dm_handle_initialize
 .text.bond_data_load
                0x00021254       0x78 _build/device_manager_peripheral.o
                0x00021254                bond_data_load
 .text.dm_ble_evt_handler
                0x000212cc      0x904 _build/device_manager_peripheral.o
                0x000212cc                dm_ble_evt_handler
 .text.SystemInit
                0x00021bd0       0x40 _build/system_nrf51.o
                0x00021bd0                SystemInit
 .text.is_manual_peripheral_setup_needed
                0x00021c10       0x80 _build/system_nrf51.o
 .text.is_disabled_in_debug_needed
                0x00021c90       0x4c _build/system_nrf51.o
 .text.sd_nvic_EnableIRQ
                0x00021cdc        0x8 _build/softdevice_handler.o
 .text.sd_evt_get
                0x00021ce4        0x8 _build/softdevice_handler.o
 .text.sd_softdevice_enable
                0x00021cec        0x8 _build/softdevice_handler.o
 .text.is_word_aligned
                0x00021cf4       0x1c _build/softdevice_handler.o
 .text.sd_ble_evt_get
                0x00021d10        0x8 _build/softdevice_handler.o
 .text.softdevice_assertion_handler
                0x00021d18       0x2a _build/softdevice_handler.o
                0x00021d18                softdevice_assertion_handler
 *fill*         0x00021d42        0x2 
 .text.intern_softdevice_events_execute
                0x00021d44      0x110 _build/softdevice_handler.o
                0x00021d44                intern_softdevice_events_execute
 .text.softdevice_handler_init
                0x00021e54       0x8c _build/softdevice_handler.o
                0x00021e54                softdevice_handler_init
 .text.softdevice_ble_evt_handler_set
                0x00021ee0       0x28 _build/softdevice_handler.o
                0x00021ee0                softdevice_ble_evt_handler_set
 .text.softdevice_sys_evt_handler_set
                0x00021f08       0x28 _build/softdevice_handler.o
                0x00021f08                softdevice_sys_evt_handler_set
 .text.SWI2_IRQHandler
                0x00021f30       0x40 _build/softdevice_handler.o
                0x00021f30                SWI2_IRQHandler
 .text          0x00021f70       0x54 _build/gcc_startup_nrf51.o
                0x00021f70                Reset_Handler
                0x00021fb8                NMI_Handler
                0x00021fba                HardFault_Handler
                0x00021fbc                SVC_Handler
                0x00021fbe                PendSV_Handler
                0x00021fc0                SysTick_Handler
                0x00021fc2                RTC0_IRQHandler
                0x00021fc2                POWER_CLOCK_IRQHandler
                0x00021fc2                SPI0_TWI0_IRQHandler
                0x00021fc2                LPCOMP_IRQHandler
                0x00021fc2                SWI4_IRQHandler
                0x00021fc2                TEMP_IRQHandler
                0x00021fc2                QDEC_IRQHandler
                0x00021fc2                SWI5_IRQHandler
                0x00021fc2                TIMER0_IRQHandler
                0x00021fc2                RADIO_IRQHandler
                0x00021fc2                TIMER1_IRQHandler
                0x00021fc2                ECB_IRQHandler
                0x00021fc2                Default_Handler
                0x00021fc2                ADC_IRQHandler
                0x00021fc2                SWI3_IRQHandler
                0x00021fc2                CCM_AAR_IRQHandler
                0x00021fc2                WDT_IRQHandler
                0x00021fc2                TIMER2_IRQHandler
                0x00021fc2                RNG_IRQHandler
                0x00021fc2                SPI1_TWI1_IRQHandler
                0x00021fc2                SWI1_IRQHandler
 .text          0x00021fc4      0x114 c:/program files (x86)/gnu tools arm embedded/6 2017-q2-update/bin/../lib/gcc/arm-none-eabi/6.3.1/thumb/v6-m\libgcc.a(_udivsi3.o)
                0x00021fc4                __aeabi_uidiv
                0x00021fc4                __udivsi3
                0x000220d0                __aeabi_uidivmod
 .text          0x000220d8        0x4 c:/program files (x86)/gnu tools arm embedded/6 2017-q2-update/bin/../lib/gcc/arm-none-eabi/6.3.1/thumb/v6-m\libgcc.a(_dvmd_tls.o)
                0x000220d8                __aeabi_idiv0
                0x000220d8                __aeabi_ldiv0
 .text.memcmp   0x000220dc       0x1e c:/program files (x86)/gnu tools arm embedded/6 2017-q2-update/bin/../lib/gcc/arm-none-eabi/6.3.1/../../../../arm-none-eabi/lib/thumb/v6-m\libc_nano.a(lib_a-memcmp.o)
                0x000220dc                memcmp
 .text.memcpy   0x000220fa       0x12 c:/program files (x86)/gnu tools arm embedded/6 2017-q2-update/bin/../lib/gcc/arm-none-eabi/6.3.1/../../../../arm-none-eabi/lib/thumb/v6-m\libc_nano.a(lib_a-memcpy-stub.o)
                0x000220fa                memcpy
 .text          0x0002210c        0xe c:/program files (x86)/gnu tools arm embedded/6 2017-q2-update/bin/../lib/gcc/arm-none-eabi/6.3.1/../../../../arm-none-eabi/lib/thumb/v6-m\libc_nano.a(lib_a-strlen.o)
                0x0002210c                strlen
 *(.init)
 *fill*         0x0002211a        0x2 
 .init          0x0002211c        0x4 c:/program files (x86)/gnu tools arm embedded/6 2017-q2-update/bin/../lib/gcc/arm-none-eabi/6.3.1/thumb/v6-m/crti.o
                0x0002211c                _init
 .init          0x00022120        0x8 c:/program files (x86)/gnu tools arm embedded/6 2017-q2-update/bin/../lib/gcc/arm-none-eabi/6.3.1/thumb/v6-m/crtn.o
 *(.fini)
 .fini          0x00022128        0x4 c:/program files (x86)/gnu tools arm embedded/6 2017-q2-update/bin/../lib/gcc/arm-none-eabi/6.3.1/thumb/v6-m/crti.o
                0x00022128                _fini
 .fini          0x0002212c        0x8 c:/program files (x86)/gnu tools arm embedded/6 2017-q2-update/bin/../lib/gcc/arm-none-eabi/6.3.1/thumb/v6-m/crtn.o
 *crtbegin.o(.ctors)
 *crtbegin?.o(.ctors)
 *(EXCLUDE_FILE(*crtend.o *crtend?.o) .ctors)
 *(SORT(.ctors.*))
 *(.ctors)
 *crtbegin.o(.dtors)
 *crtbegin?.o(.dtors)
 *(EXCLUDE_FILE(*crtend.o *crtend?.o) .dtors)
 *(SORT(.dtors.*))
 *(.dtors)
 *(.rodata*)
 .rodata._global_impure_ptr
                0x00022134        0x4 c:/program files (x86)/gnu tools arm embedded/6 2017-q2-update/bin/../lib/gcc/arm-none-eabi/6.3.1/../../../../arm-none-eabi/lib/thumb/v6-m\libc_nano.a(lib_a-impure.o)
                0x00022134                _global_impure_ptr
 .rodata.on_uart_event
                0x00022138       0x14 _build/app_uart_fifo.o
 .rodata.swap_state_process
                0x0002214c       0x1c _build/pstorage.o
 .rodata.m_buttons_list
                0x00022168       0x10 _build/bsp.o
 .rodata.app_buttons
                0x00022178       0x20 _build/bsp.o
 .rodata.bsp_led_indication
                0x00022198       0x60 _build/bsp.o
 .rodata        0x000221f8       0x1d _build/main.o
 *fill*         0x00022215        0x3 
 .rodata.m_service_context_store
                0x00022218       0x10 _build/device_manager_peripheral.o
                0x00022218                m_service_context_store
 .rodata.m_service_context_load
                0x00022228       0x10 _build/device_manager_peripheral.o
                0x00022228                m_service_context_load
 .rodata.m_service_context_apply
                0x00022238       0x10 _build/device_manager_peripheral.o
                0x00022238                m_service_context_apply
 .rodata.dm_ble_evt_handler
                0x00022248      0x10c _build/device_manager_peripheral.o
 *(.eh_frame*)
                0x00022354                . = ALIGN (0x4)

.glue_7         0x00022354        0x0
 .glue_7        0x00022354        0x0 linker stubs

.glue_7t        0x00022354        0x0
 .glue_7t       0x00022354        0x0 linker stubs

.vfp11_veneer   0x00022354        0x0
 .vfp11_veneer  0x00022354        0x0 linker stubs

.v4_bx          0x00022354        0x0
 .v4_bx         0x00022354        0x0 linker stubs

.iplt           0x00022354        0x0
 .iplt          0x00022354        0x0 c:/program files (x86)/gnu tools arm embedded/6 2017-q2-update/bin/../lib/gcc/arm-none-eabi/6.3.1/thumb/v6-m/crtbegin.o

.ARM.extab      0x00022354        0x0
 *(.ARM.extab* .gnu.linkonce.armextab.*)
                0x00022354                . = ALIGN (0x4)
                0x00022354                __exidx_start = .

.ARM.exidx      0x00022354        0x8
 *(.ARM.exidx* .gnu.linkonce.armexidx.*)
 .ARM.exidx     0x00022354        0x8 c:/program files (x86)/gnu tools arm embedded/6 2017-q2-update/bin/../lib/gcc/arm-none-eabi/6.3.1/../../../../arm-none-eabi/lib/thumb/v6-m/crt0.o
 .ARM.exidx     0x0002235c        0x0 _build/gcc_startup_nrf51.o
                                  0x8 (size before relaxing)
                0x0002235c                . = ALIGN (0x4)
                0x0002235c                __exidx_end = .
                0x0002235c                __etext = .

.rel.dyn        0x0002235c        0x0
 .rel.iplt      0x0002235c        0x0 c:/program files (x86)/gnu tools arm embedded/6 2017-q2-update/bin/../lib/gcc/arm-none-eabi/6.3.1/thumb/v6-m/crtbegin.o

.data           0x20002000       0x78 load address 0x0002235c
                0x20002000                __data_start__ = .
 *(vtable)
 *(.data*)
 .data.impure_data
                0x20002000       0x60 c:/program files (x86)/gnu tools arm embedded/6 2017-q2-update/bin/../lib/gcc/arm-none-eabi/6.3.1/../../../../arm-none-eabi/lib/thumb/v6-m\libc_nano.a(lib_a-impure.o)
 .data.m_conn_handle
                0x20002060        0x2 _build/main.o
 *fill*         0x20002062        0x2 
 .data.m_adv_uuids
                0x20002064        0x8 _build/main.o
 .data.s_time_stamp.8353
                0x2000206c        0x8 _build/main.o
 .data.current_slave_link_conn_handle.7233
                0x20002074        0x2 _build/ble_advertising.o
                0x20002078                . = ALIGN (0x4)
 *fill*         0x20002076        0x2 
                0x20002078                PROVIDE (__preinit_array_start, .)
 *(.preinit_array)
                0x20002078                PROVIDE (__preinit_array_end, .)
                0x20002078                . = ALIGN (0x4)
                0x20002078                PROVIDE (__init_array_start, .)
 *(SORT(.init_array.*))
 *(.init_array)
                0x20002078                PROVIDE (__init_array_end, .)
                0x20002078                . = ALIGN (0x4)
                [!provide]                PROVIDE (__fini_array_start, .)
 *(SORT(.fini_array.*))
 *(.fini_array)
                [!provide]                PROVIDE (__fini_array_end, .)
 *(.jcr)
                0x20002078                . = ALIGN (0x4)
                0x20002078                __data_end__ = .

.igot.plt       0x20002078        0x0 load address 0x000223d4
 .igot.plt      0x20002078        0x0 c:/program files (x86)/gnu tools arm embedded/6 2017-q2-update/bin/../lib/gcc/arm-none-eabi/6.3.1/thumb/v6-m/crtbegin.o

.bss            0x20002078      0x878 load address 0x000223d4
                0x20002078                . = ALIGN (0x4)
                0x20002078                __bss_start__ = .
 *(.bss*)
 .bss.mp_buttons
                0x20002078        0x4 _build/app_button.o
 .bss.m_button_count
                0x2000207c        0x1 _build/app_button.o
 *fill*         0x2000207d        0x3 
 .bss.m_detection_delay
                0x20002080        0x4 _build/app_button.o
 .bss.m_detection_delay_timer_id
                0x20002084        0x4 _build/app_button.o
 .bss.m_pin_state
                0x20002088        0x4 _build/app_button.o
 .bss.m_pin_transition
                0x2000208c        0x4 _build/app_button.o
 .bss.m_node_array_size
                0x20002090        0x1 _build/app_timer.o
 *fill*         0x20002091        0x3 
 .bss.mp_nodes  0x20002094        0x4 _build/app_timer.o
 .bss.m_user_array_size
                0x20002098        0x1 _build/app_timer.o
 *fill*         0x20002099        0x3 
 .bss.mp_users  0x2000209c        0x4 _build/app_timer.o
 .bss.m_timer_id_head
                0x200020a0        0x4 _build/app_timer.o
 .bss.m_ticks_latest
                0x200020a4        0x4 _build/app_timer.o
 .bss.m_ticks_elapsed
                0x200020a8        0x8 _build/app_timer.o
 .bss.m_ticks_elapsed_q_read_ind
                0x200020b0        0x1 _build/app_timer.o
 .bss.m_ticks_elapsed_q_write_ind
                0x200020b1        0x1 _build/app_timer.o
 *fill*         0x200020b2        0x2 
 .bss.m_evt_schedule_func
                0x200020b4        0x4 _build/app_timer.o
 .bss.m_rtc1_running
                0x200020b8        0x1 _build/app_timer.o
 .bss.m_rtc1_reset
                0x200020b9        0x1 _build/app_timer.o
 *fill*         0x200020ba        0x2 
 .bss.m_rx_fifo
                0x200020bc       0x10 _build/app_uart_fifo.o
 .bss.m_tx_fifo
                0x200020cc       0x10 _build/app_uart_fifo.o
 .bss.m_event_handler
                0x200020dc        0x4 _build/app_uart_fifo.o
 .bss.m_current_state
                0x200020e0        0x1 _build/app_uart_fifo.o
 *fill*         0x200020e1        0x3 
 .bss.m_cb      0x200020e4       0x54 _build/nrf_drv_gpiote.o
 .bss.m_cmd_queue
                0x20002138       0xcc _build/pstorage.o
 .bss.m_next_app_instance
                0x20002204        0x2 _build/pstorage.o
 *fill*         0x20002206        0x2 
 .bss.m_next_page_addr
                0x20002208        0x4 _build/pstorage.o
 .bss.m_round_val
                0x2000220c        0x2 _build/pstorage.o
 .bss.m_module_initialized
                0x2000220e        0x1 _build/pstorage.o
 .bss.m_swap_state
                0x2000220f        0x1 _build/pstorage.o
 .bss.m_app_table
                0x20002210       0x10 _build/pstorage.o
 .bss.m_stable_state
                0x20002220        0x1 _build/bsp.o
 *fill*         0x20002221        0x3 
 .bss.m_app_ticks_per_100ms
                0x20002224        0x4 _build/bsp.o
 .bss.m_indication_type
                0x20002228        0x4 _build/bsp.o
 .bss.m_leds_timer_id
                0x2000222c        0x4 _build/bsp.o
 .bss.m_alert_timer_id
                0x20002230        0x4 _build/bsp.o
 .bss.m_registered_callback
                0x20002234        0x4 _build/bsp.o
 .bss.m_events_list
                0x20002238        0xc _build/bsp.o
 .bss.m_button_timer_id
                0x20002244        0x4 _build/bsp.o
 .bss.current_long_push_pin_no.5979
                0x20002248        0x1 _build/bsp.o
 *fill*         0x20002249        0x3 
 .bss.release_event_at_push.5980
                0x2000224c        0x4 _build/bsp.o
 .bss.m_error_handler
                0x20002250        0x4 _build/bsp_btn_ble.o
 .bss.m_num_connections
                0x20002254        0x4 _build/bsp_btn_ble.o
 .bss.m_bas     0x20002258       0x18 _build/main.o
 .bss.m_bps     0x20002270       0x1c _build/main.o
 .bss.m_bps_meas_sim_val
                0x2000228c       0x40 _build/main.o
 .bss.m_bps_meas_ind_conf_pending
                0x200022cc        0x1 _build/main.o
 *fill*         0x200022cd        0x3 
 .bss.m_battery_sim_cfg
                0x200022d0       0x10 _build/main.o
 .bss.m_battery_sim_state
                0x200022e0        0x8 _build/main.o
 .bss.m_battery_timer_id
                0x200022e8        0x4 _build/main.o
 .bss.m_app_handle
                0x200022ec        0x1 _build/main.o
 .bss.s_ndx.8354
                0x200022ed        0x1 _build/main.o
 *fill*         0x200022ee        0x2 
 .bss.APP_TIMER_BUF.8359
                0x200022f0      0x2b8 _build/main.o
 .bss.BLE_EVT_BUFFER.8461
                0x200025a8       0x48 _build/main.o
 .bss.m_advertising_start_pending
                0x200025f0        0x1 _build/ble_advertising.o
 *fill*         0x200025f1        0x3 
 .bss.m_peer_address
                0x200025f4        0x7 _build/ble_advertising.o
 *fill*         0x200025fb        0x1 
 .bss.m_advdata
                0x200025fc       0x30 _build/ble_advertising.o
 .bss.m_adv_evt
                0x2000262c        0x1 _build/ble_advertising.o
 *fill*         0x2000262d        0x3 
 .bss.m_evt_handler
                0x20002630        0x4 _build/ble_advertising.o
 .bss.m_error_handler
                0x20002634        0x4 _build/ble_advertising.o
 .bss.m_adv_mode_current
                0x20002638        0x1 _build/ble_advertising.o
 .bss.m_direct_adv_cnt
                0x20002639        0x1 _build/ble_advertising.o
 *fill*         0x2000263a        0x2 
 .bss.m_adv_modes_config
                0x2000263c       0x20 _build/ble_advertising.o
 .bss.m_whitelist
                0x2000265c       0x10 _build/ble_advertising.o
 .bss.mp_whitelist_addr
                0x2000266c       0x20 _build/ble_advertising.o
 .bss.mp_whitelist_irk
                0x2000268c       0x20 _build/ble_advertising.o
 .bss.m_whitelist_temporarily_disabled
                0x200026ac        0x1 _build/ble_advertising.o
 .bss.m_whitelist_reply_expected
                0x200026ad        0x1 _build/ble_advertising.o
 .bss.m_peer_addr_reply_expected
                0x200026ae        0x1 _build/ble_advertising.o
 *fill*         0x200026af        0x1 
 .bss.m_manuf_specific_data
                0x200026b0        0xc _build/ble_advertising.o
 .bss.m_manuf_data_array
                0x200026bc       0x1f _build/ble_advertising.o
 *fill*         0x200026db        0x1 
 .bss.m_service_data
                0x200026dc        0xc _build/ble_advertising.o
 .bss.m_service_data_array
                0x200026e8       0x1f _build/ble_advertising.o
 *fill*         0x20002707        0x1 
 .bss.m_slave_conn_int
                0x20002708        0x4 _build/ble_advertising.o
 .bss.m_tx_power_level
                0x2000270c        0x1 _build/ble_advertising.o
 *fill*         0x2000270d        0x3 
 .bss.m_conn_params_config
                0x20002710       0x1c _build/ble_conn_params.o
 .bss.m_preferred_conn_params
                0x2000272c        0x8 _build/ble_conn_params.o
 .bss.m_update_count
                0x20002734        0x1 _build/ble_conn_params.o
 *fill*         0x20002735        0x1 
 .bss.m_conn_handle
                0x20002736        0x2 _build/ble_conn_params.o
 .bss.m_current_conn_params
                0x20002738        0x8 _build/ble_conn_params.o
 .bss.m_conn_params_timer_id
                0x20002740        0x4 _build/ble_conn_params.o
 .bss.m_change_param
                0x20002744        0x1 _build/ble_conn_params.o
 *fill*         0x20002745        0x1 
 .bss.service_handle
                0x20002746        0x2 _build/ble_dis.o
 .bss.manufact_name_handles
                0x20002748        0x8 _build/ble_dis.o
 .bss.model_num_handles
                0x20002750        0x8 _build/ble_dis.o
 .bss.serial_num_handles
                0x20002758        0x8 _build/ble_dis.o
 .bss.hw_rev_handles
                0x20002760        0x8 _build/ble_dis.o
 .bss.fw_rev_handles
                0x20002768        0x8 _build/ble_dis.o
 .bss.sw_rev_handles
                0x20002770        0x8 _build/ble_dis.o
 .bss.sys_id_handles
                0x20002778        0x8 _build/ble_dis.o
 .bss.reg_cert_data_list_handles
                0x20002780        0x8 _build/ble_dis.o
 .bss.pnp_id_handles
                0x20002788        0x8 _build/ble_dis.o
 .bss.m_peer_table
                0x20002790       0xc4 _build/device_manager_peripheral.o
 .bss.m_bond_table
                0x20002854       0x1c _build/device_manager_peripheral.o
 .bss.m_gatts_table
                0x20002870       0x24 _build/device_manager_peripheral.o
 .bss.m_connection_table
                0x20002894        0xc _build/device_manager_peripheral.o
 .bss.m_application_table
                0x200028a0        0xc _build/device_manager_peripheral.o
 .bss.m_storage_handle
                0x200028ac        0x8 _build/device_manager_peripheral.o
 .bss.m_peer_addr_update
                0x200028b4        0x4 _build/device_manager_peripheral.o
 .bss.m_local_id_info
                0x200028b8       0x17 _build/device_manager_peripheral.o
 .bss.m_module_initialized
                0x200028cf        0x1 _build/device_manager_peripheral.o
 .bss.m_irk_index_table
                0x200028d0        0x7 _build/device_manager_peripheral.o
 *fill*         0x200028d7        0x1 
 .bss.m_evt_schedule_func
                0x200028d8        0x4 _build/softdevice_handler.o
 .bss.m_softdevice_enabled
                0x200028dc        0x1 _build/softdevice_handler.o
 *fill*         0x200028dd        0x3 
 .bss.mp_ble_evt_buffer
                0x200028e0        0x4 _build/softdevice_handler.o
 .bss.m_ble_evt_buffer_size
                0x200028e4        0x2 _build/softdevice_handler.o
 *fill*         0x200028e6        0x2 
 .bss.m_ble_evt_handler
                0x200028e8        0x4 _build/softdevice_handler.o
 .bss.m_sys_evt_handler
                0x200028ec        0x4 _build/softdevice_handler.o
 *(COMMON)
                0x200028f0                . = ALIGN (0x4)
                0x200028f0                __bss_end__ = .

.heap           0x200028f0      0x800
                0x200028f0                __end__ = .
                0x200028f0                end = __end__
 *(.heap*)
 .heap          0x200028f0      0x800 _build/gcc_startup_nrf51.o
                0x200028f0                __HeapBase
                0x200030f0                __HeapLimit = .

.stack_dummy    0x200028f0      0x800
 *(.stack*)
 .stack         0x200028f0      0x800 _build/gcc_startup_nrf51.o
                0x20004000                __StackTop = (ORIGIN (RAM) + LENGTH (RAM))
                0x20003800                __StackLimit = (__StackTop - SIZEOF (.stack_dummy))
                0x20004000                PROVIDE (__stack, __StackTop)
                0x00000001                ASSERT ((__StackLimit >= __HeapLimit), region RAM overflowed with stack)
OUTPUT(_build/nrf51422_xxac_s110.out elf32-littlearm)

.ARM.attributes
                0x00000000       0x28
 .ARM.attributes
                0x00000000       0x1e c:/program files (x86)/gnu tools arm embedded/6 2017-q2-update/bin/../lib/gcc/arm-none-eabi/6.3.1/thumb/v6-m/crti.o
 .ARM.attributes
                0x0000001e       0x1b c:/program files (x86)/gnu tools arm embedded/6 2017-q2-update/bin/../lib/gcc/arm-none-eabi/6.3.1/../../../../arm-none-eabi/lib/thumb/v6-m/crt0.o
 .ARM.attributes
                0x00000039       0x2c c:/program files (x86)/gnu tools arm embedded/6 2017-q2-update/bin/../lib/gcc/arm-none-eabi/6.3.1/../../../../arm-none-eabi/lib/thumb/v6-m\libc_nano.a(lib_a-exit.o)
 .ARM.attributes
                0x00000065       0x2c c:/program files (x86)/gnu tools arm embedded/6 2017-q2-update/bin/../lib/gcc/arm-none-eabi/6.3.1/../../../../arm-none-eabi/lib/thumb/v6-m\libc_nano.a(lib_a-impure.o)
 .ARM.attributes
                0x00000091       0x2c c:/program files (x86)/gnu tools arm embedded/6 2017-q2-update/bin/../lib/gcc/arm-none-eabi/6.3.1/../../../../arm-none-eabi/lib/thumb/v6-m\libc_nano.a(lib_a-init.o)
 .ARM.attributes
                0x000000bd       0x2c c:/program files (x86)/gnu tools arm embedded/6 2017-q2-update/bin/../lib/gcc/arm-none-eabi/6.3.1/../../../../arm-none-eabi/lib/thumb/v6-m\libc_nano.a(lib_a-memset.o)
 .ARM.attributes
                0x000000e9       0x2c c:/program files (x86)/gnu tools arm embedded/6 2017-q2-update/bin/../lib/gcc/arm-none-eabi/6.3.1/../../../../arm-none-eabi/lib/thumb/v6-m\libnosys.a(_exit.o)
 .ARM.attributes
                0x00000115       0x31 _build/app_button.o
 .ARM.attributes
                0x00000146       0x31 _build/app_error.o
 .ARM.attributes
                0x00000177       0x31 _build/app_fifo.o
 .ARM.attributes
                0x000001a8       0x31 _build/app_timer.o
 .ARM.attributes
                0x000001d9       0x31 _build/sensorsim.o
 .ARM.attributes
                0x0000020a       0x31 _build/app_uart_fifo.o
 .ARM.attributes
                0x0000023b       0x31 _build/nrf_drv_common.o
 .ARM.attributes
                0x0000026c       0x31 _build/nrf_drv_gpiote.o
 .ARM.attributes
                0x0000029d       0x31 _build/pstorage.o
 .ARM.attributes
                0x000002ce       0x31 _build/bsp.o
 .ARM.attributes
                0x000002ff       0x31 _build/bsp_btn_ble.o
 .ARM.attributes
                0x00000330       0x31 _build/main.o
 .ARM.attributes
                0x00000361       0x31 _build/ble_advdata.o
 .ARM.attributes
                0x00000392       0x31 _build/ble_advertising.o
 .ARM.attributes
                0x000003c3       0x31 _build/ble_bas.o
 .ARM.attributes
                0x000003f4       0x31 _build/ble_bps.o
 .ARM.attributes
                0x00000425       0x31 _build/ble_conn_params.o
 .ARM.attributes
                0x00000456       0x31 _build/ble_dis.o
 .ARM.attributes
                0x00000487       0x31 _build/ble_srv_common.o
 .ARM.attributes
                0x000004b8       0x31 _build/device_manager_peripheral.o
 .ARM.attributes
                0x000004e9       0x31 _build/system_nrf51.o
 .ARM.attributes
                0x0000051a       0x31 _build/softdevice_handler.o
 .ARM.attributes
                0x0000054b       0x1b _build/gcc_startup_nrf51.o
 .ARM.attributes
                0x00000566       0x1e c:/program files (x86)/gnu tools arm embedded/6 2017-q2-update/bin/../lib/gcc/arm-none-eabi/6.3.1/thumb/v6-m\libgcc.a(_udivsi3.o)
 .ARM.attributes
                0x00000584       0x1e c:/program files (x86)/gnu tools arm embedded/6 2017-q2-update/bin/../lib/gcc/arm-none-eabi/6.3.1/thumb/v6-m\libgcc.a(_dvmd_tls.o)
 .ARM.attributes
                0x000005a2       0x2c c:/program files (x86)/gnu tools arm embedded/6 2017-q2-update/bin/../lib/gcc/arm-none-eabi/6.3.1/../../../../arm-none-eabi/lib/thumb/v6-m\libc_nano.a(lib_a-memcmp.o)
 .ARM.attributes
                0x000005ce       0x2c c:/program files (x86)/gnu tools arm embedded/6 2017-q2-update/bin/../lib/gcc/arm-none-eabi/6.3.1/../../../../arm-none-eabi/lib/thumb/v6-m\libc_nano.a(lib_a-memcpy-stub.o)
 .ARM.attributes
                0x000005fa       0x1c c:/program files (x86)/gnu tools arm embedded/6 2017-q2-update/bin/../lib/gcc/arm-none-eabi/6.3.1/../../../../arm-none-eabi/lib/thumb/v6-m\libc_nano.a(lib_a-strlen.o)
 .ARM.attributes
                0x00000616       0x1e c:/program files (x86)/gnu tools arm embedded/6 2017-q2-update/bin/../lib/gcc/arm-none-eabi/6.3.1/thumb/v6-m/crtn.o

.comment        0x00000000       0x7f
 .comment       0x00000000       0x7f _build/app_button.o
                                 0x80 (size before relaxing)
 .comment       0x0000007f       0x80 _build/app_error.o
 .comment       0x0000007f       0x80 _build/app_fifo.o
 .comment       0x0000007f       0x80 _build/app_timer.o
 .comment       0x0000007f       0x80 _build/sensorsim.o
 .comment       0x0000007f       0x80 _build/app_uart_fifo.o
 .comment       0x0000007f       0x80 _build/nrf_drv_common.o
 .comment       0x0000007f       0x80 _build/nrf_drv_gpiote.o
 .comment       0x0000007f       0x80 _build/pstorage.o
 .comment       0x0000007f       0x80 _build/bsp.o
 .comment       0x0000007f       0x80 _build/bsp_btn_ble.o
 .comment       0x0000007f       0x80 _build/main.o
 .comment       0x0000007f       0x80 _build/ble_advdata.o
 .comment       0x0000007f       0x80 _build/ble_advertising.o
 .comment       0x0000007f       0x80 _build/ble_bas.o
 .comment       0x0000007f       0x80 _build/ble_bps.o
 .comment       0x0000007f       0x80 _build/ble_conn_params.o
 .comment       0x0000007f       0x80 _build/ble_dis.o
 .comment       0x0000007f       0x80 _build/ble_srv_common.o
 .comment       0x0000007f       0x80 _build/device_manager_peripheral.o
 .comment       0x0000007f       0x80 _build/system_nrf51.o
 .comment       0x0000007f       0x80 _build/softdevice_handler.o

.debug_frame    0x00000000     0x6d58
 .debug_frame   0x00000000       0x28 c:/program files (x86)/gnu tools arm embedded/6 2017-q2-update/bin/../lib/gcc/arm-none-eabi/6.3.1/../../../../arm-none-eabi/lib/thumb/v6-m\libc_nano.a(lib_a-exit.o)
 .debug_frame   0x00000028       0x2c c:/program files (x86)/gnu tools arm embedded/6 2017-q2-update/bin/../lib/gcc/arm-none-eabi/6.3.1/../../../../arm-none-eabi/lib/thumb/v6-m\libc_nano.a(lib_a-init.o)
 .debug_frame   0x00000054       0x20 c:/program files (x86)/gnu tools arm embedded/6 2017-q2-update/bin/../lib/gcc/arm-none-eabi/6.3.1/../../../../arm-none-eabi/lib/thumb/v6-m\libc_nano.a(lib_a-memset.o)
 .debug_frame   0x00000074       0x20 c:/program files (x86)/gnu tools arm embedded/6 2017-q2-update/bin/../lib/gcc/arm-none-eabi/6.3.1/../../../../arm-none-eabi/lib/thumb/v6-m\libnosys.a(_exit.o)
 .debug_frame   0x00000094       0xd0 _build/app_button.o
 .debug_frame   0x00000164       0x4c _build/app_error.o
 .debug_frame   0x000001b0       0xb0 _build/app_fifo.o
 .debug_frame   0x00000260      0x84c _build/app_timer.o
 .debug_frame   0x00000aac       0x50 _build/sensorsim.o
 .debug_frame   0x00000afc      0x664 _build/app_uart_fifo.o
 .debug_frame   0x00001160      0x3c4 _build/nrf_drv_common.o
 .debug_frame   0x00001524      0xb18 _build/nrf_drv_gpiote.o
 .debug_frame   0x0000203c      0x5a8 _build/pstorage.o
 .debug_frame   0x000025e4      0x1c8 _build/bsp.o
 .debug_frame   0x000027ac      0x490 _build/bsp_btn_ble.o
 .debug_frame   0x00002c3c      0xa9c _build/main.o
 .debug_frame   0x000036d8      0x590 _build/ble_advdata.o
 .debug_frame   0x00003c68      0x83c _build/ble_advertising.o
 .debug_frame   0x000044a4      0x4f0 _build/ble_bas.o
 .debug_frame   0x00004994      0x5d0 _build/ble_bps.o
 .debug_frame   0x00004f64      0x56c _build/ble_conn_params.o
 .debug_frame   0x000054d0      0x344 _build/ble_dis.o
 .debug_frame   0x00005814      0x200 _build/ble_srv_common.o
 .debug_frame   0x00005a14      0xa10 _build/device_manager_peripheral.o
 .debug_frame   0x00006424       0x80 _build/system_nrf51.o
 .debug_frame   0x000064a4      0x840 _build/softdevice_handler.o
 .debug_frame   0x00006ce4       0x20 c:/program files (x86)/gnu tools arm embedded/6 2017-q2-update/bin/../lib/gcc/arm-none-eabi/6.3.1/thumb/v6-m\libgcc.a(_udivsi3.o)
 .debug_frame   0x00006d04       0x2c c:/program files (x86)/gnu tools arm embedded/6 2017-q2-update/bin/../lib/gcc/arm-none-eabi/6.3.1/../../../../arm-none-eabi/lib/thumb/v6-m\libc_nano.a(lib_a-memcmp.o)
 .debug_frame   0x00006d30       0x28 c:/program files (x86)/gnu tools arm embedded/6 2017-q2-update/bin/../lib/gcc/arm-none-eabi/6.3.1/../../../../arm-none-eabi/lib/thumb/v6-m\libc_nano.a(lib_a-memcpy-stub.o)

.debug_info     0x00000000    0x338c4
 .debug_info    0x00000000      0xc5b _build/app_button.o
 .debug_info    0x00000c5b      0x1e3 _build/app_error.o
 .debug_info    0x00000e3e      0xa45 _build/app_fifo.o
 .debug_info    0x00001883     0x2809 _build/app_timer.o
 .debug_info    0x0000408c      0x172 _build/sensorsim.o
 .debug_info    0x000041fe     0x23d9 _build/app_uart_fifo.o
 .debug_info    0x000065d7      0xffe _build/nrf_drv_common.o
 .debug_info    0x000075d5     0x2005 _build/nrf_drv_gpiote.o
 .debug_info    0x000095da     0x2217 _build/pstorage.o
 .debug_info    0x0000b7f1     0x1170 _build/bsp.o
 .debug_info    0x0000c961     0x2d0f _build/bsp_btn_ble.o
 .debug_info    0x0000f670     0x5a49 _build/main.o
 .debug_info    0x000150b9     0x2d1f _build/ble_advdata.o
 .debug_info    0x00017dd8     0x47d1 _build/ble_advertising.o
 .debug_info    0x0001c5a9     0x37cd _build/ble_bas.o
 .debug_info    0x0001fd76     0x3b8d _build/ble_bps.o
 .debug_info    0x00023903     0x37db _build/ble_conn_params.o
 .debug_info    0x000270de     0x2284 _build/ble_dis.o
 .debug_info    0x00029362     0x15c1 _build/ble_srv_common.o
 .debug_info    0x0002a923     0x4a72 _build/device_manager_peripheral.o
 .debug_info    0x0002f395      0x1bd _build/system_nrf51.o
 .debug_info    0x0002f552     0x4372 _build/softdevice_handler.o

.debug_abbrev   0x00000000     0x4016
 .debug_abbrev  0x00000000      0x239 _build/app_button.o
 .debug_abbrev  0x00000239      0x10b _build/app_error.o
 .debug_abbrev  0x00000344      0x207 _build/app_fifo.o
 .debug_abbrev  0x0000054b      0x466 _build/app_timer.o
 .debug_abbrev  0x000009b1       0xb8 _build/sensorsim.o
 .debug_abbrev  0x00000a69      0x3da _build/app_uart_fifo.o
 .debug_abbrev  0x00000e43      0x1d2 _build/nrf_drv_common.o
 .debug_abbrev  0x00001015      0x34f _build/nrf_drv_gpiote.o
 .debug_abbrev  0x00001364      0x359 _build/pstorage.o
 .debug_abbrev  0x000016bd      0x314 _build/bsp.o
 .debug_abbrev  0x000019d1      0x2ad _build/bsp_btn_ble.o
 .debug_abbrev  0x00001c7e      0x3c1 _build/main.o
 .debug_abbrev  0x0000203f      0x32d _build/ble_advdata.o
 .debug_abbrev  0x0000236c      0x3ba _build/ble_advertising.o
 .debug_abbrev  0x00002726      0x368 _build/ble_bas.o
 .debug_abbrev  0x00002a8e      0x391 _build/ble_bps.o
 .debug_abbrev  0x00002e1f      0x3c9 _build/ble_conn_params.o
 .debug_abbrev  0x000031e8      0x329 _build/ble_dis.o
 .debug_abbrev  0x00003511      0x2a8 _build/ble_srv_common.o
 .debug_abbrev  0x000037b9      0x3a2 _build/device_manager_peripheral.o
 .debug_abbrev  0x00003b5b      0x101 _build/system_nrf51.o
 .debug_abbrev  0x00003c5c      0x3ba _build/softdevice_handler.o

.debug_aranges  0x00000000     0x2ce0
 .debug_aranges
                0x00000000       0x48 _build/app_button.o
 .debug_aranges
                0x00000048       0x28 _build/app_error.o
 .debug_aranges
                0x00000070       0x40 _build/app_fifo.o
 .debug_aranges
                0x000000b0      0x2f8 _build/app_timer.o
 .debug_aranges
                0x000003a8       0x28 _build/sensorsim.o
 .debug_aranges
                0x000003d0      0x280 _build/app_uart_fifo.o
 .debug_aranges
                0x00000650      0x1d0 _build/nrf_drv_common.o
 .debug_aranges
                0x00000820      0x3a8 _build/nrf_drv_gpiote.o
 .debug_aranges
                0x00000bc8      0x248 _build/pstorage.o
 .debug_aranges
                0x00000e10       0x88 _build/bsp.o
 .debug_aranges
                0x00000e98      0x228 _build/bsp_btn_ble.o
 .debug_aranges
                0x000010c0      0x488 _build/main.o
 .debug_aranges
                0x00001548      0x268 _build/ble_advdata.o
 .debug_aranges
                0x000017b0      0x3e0 _build/ble_advertising.o
 .debug_aranges
                0x00001b90      0x240 _build/ble_bas.o
 .debug_aranges
                0x00001dd0      0x278 _build/ble_bps.o
 .debug_aranges
                0x00002048      0x260 _build/ble_conn_params.o
 .debug_aranges
                0x000022a8      0x188 _build/ble_dis.o
 .debug_aranges
                0x00002430      0x100 _build/ble_srv_common.o
 .debug_aranges
                0x00002530      0x388 _build/device_manager_peripheral.o
 .debug_aranges
                0x000028b8       0x38 _build/system_nrf51.o
 .debug_aranges
                0x000028f0      0x3f0 _build/softdevice_handler.o

.debug_ranges   0x00000000     0x2c10
 .debug_ranges  0x00000000       0x38 _build/app_button.o
 .debug_ranges  0x00000038       0x18 _build/app_error.o
 .debug_ranges  0x00000050       0x30 _build/app_fifo.o
 .debug_ranges  0x00000080      0x300 _build/app_timer.o
 .debug_ranges  0x00000380       0x18 _build/sensorsim.o
 .debug_ranges  0x00000398      0x270 _build/app_uart_fifo.o
 .debug_ranges  0x00000608      0x1c0 _build/nrf_drv_common.o
 .debug_ranges  0x000007c8      0x398 _build/nrf_drv_gpiote.o
 .debug_ranges  0x00000b60      0x268 _build/pstorage.o
 .debug_ranges  0x00000dc8       0x78 _build/bsp.o
 .debug_ranges  0x00000e40      0x218 _build/bsp_btn_ble.o
 .debug_ranges  0x00001058      0x478 _build/main.o
 .debug_ranges  0x000014d0      0x258 _build/ble_advdata.o
 .debug_ranges  0x00001728      0x400 _build/ble_advertising.o
 .debug_ranges  0x00001b28      0x230 _build/ble_bas.o
 .debug_ranges  0x00001d58      0x268 _build/ble_bps.o
 .debug_ranges  0x00001fc0      0x250 _build/ble_conn_params.o
 .debug_ranges  0x00002210      0x178 _build/ble_dis.o
 .debug_ranges  0x00002388       0xf0 _build/ble_srv_common.o
 .debug_ranges  0x00002478      0x378 _build/device_manager_peripheral.o
 .debug_ranges  0x000027f0       0x28 _build/system_nrf51.o
 .debug_ranges  0x00002818      0x3f8 _build/softdevice_handler.o

.debug_macro    0x00000000     0xf19f
 .debug_macro   0x00000000      0x2e1 _build/app_button.o
 .debug_macro   0x000002e1      0x8b6 _build/app_button.o
 .debug_macro   0x00000b97       0x22 _build/app_button.o
 .debug_macro   0x00000bb9       0x87 _build/app_button.o
 .debug_macro   0x00000c40       0x51 _build/app_button.o
 .debug_macro   0x00000c91       0xef _build/app_button.o
 .debug_macro   0x00000d80       0x6a _build/app_button.o
 .debug_macro   0x00000dea      0x1df _build/app_button.o
 .debug_macro   0x00000fc9       0x22 _build/app_button.o
 .debug_macro   0x00000feb       0x22 _build/app_button.o
 .debug_macro   0x0000100d       0x3a _build/app_button.o
 .debug_macro   0x00001047       0x1f _build/app_button.o
 .debug_macro   0x00001066      0x242 _build/app_button.o
 .debug_macro   0x000012a8      0x1e0 _build/app_button.o
 .debug_macro   0x00001488     0x776a _build/app_button.o
 .debug_macro   0x00008bf2      0x976 _build/app_button.o
 .debug_macro   0x00009568       0x1c _build/app_button.o
 .debug_macro   0x00009584       0x8e _build/app_button.o
 .debug_macro   0x00009612       0x16 _build/app_button.o
 .debug_macro   0x00009628       0x1c _build/app_button.o
 .debug_macro   0x00009644       0x58 _build/app_button.o
 .debug_macro   0x0000969c       0x35 _build/app_button.o
 .debug_macro   0x000096d1       0x9c _build/app_button.o
 .debug_macro   0x0000976d      0x16d _build/app_button.o
 .debug_macro   0x000098da       0x58 _build/app_button.o
 .debug_macro   0x00009932       0x1f _build/app_button.o
 .debug_macro   0x00009951       0x43 _build/app_button.o
 .debug_macro   0x00009994       0x20 _build/app_button.o
 .debug_macro   0x000099b4      0x187 _build/app_button.o
 .debug_macro   0x00009b3b      0x353 _build/app_button.o
 .debug_macro   0x00009e8e       0x10 _build/app_button.o
 .debug_macro   0x00009e9e       0x35 _build/app_button.o
 .debug_macro   0x00009ed3       0xf4 _build/app_button.o
 .debug_macro   0x00009fc7       0x22 _build/app_button.o
 .debug_macro   0x00009fe9       0x1c _build/app_button.o
 .debug_macro   0x0000a005       0x10 _build/app_button.o
 .debug_macro   0x0000a015       0x10 _build/app_button.o
 .debug_macro   0x0000a025       0x1c _build/app_button.o
 .debug_macro   0x0000a041       0x52 _build/app_button.o
 .debug_macro   0x0000a093       0x40 _build/app_button.o
 .debug_macro   0x0000a0d3       0x10 _build/app_button.o
 .debug_macro   0x0000a0e3       0x40 _build/app_button.o
 .debug_macro   0x0000a123       0xd7 _build/app_button.o
 .debug_macro   0x0000a1fa       0x16 _build/app_button.o
 .debug_macro   0x0000a210      0x18b _build/app_button.o
 .debug_macro   0x0000a39b       0x3b _build/app_button.o
 .debug_macro   0x0000a3d6       0x10 _build/app_button.o
 .debug_macro   0x0000a3e6       0x83 _build/app_button.o
 .debug_macro   0x0000a469       0x76 _build/app_button.o
 .debug_macro   0x0000a4df       0x2e _build/app_button.o
 .debug_macro   0x0000a50d       0x10 _build/app_button.o
 .debug_macro   0x0000a51d       0xf0 _build/app_error.o
 .debug_macro   0x0000a60d      0x162 _build/app_fifo.o
 .debug_macro   0x0000a76f       0x16 _build/app_fifo.o
 .debug_macro   0x0000a785      0x10e _build/app_fifo.o
 .debug_macro   0x0000a893       0x86 _build/app_fifo.o
 .debug_macro   0x0000a919       0x16 _build/app_fifo.o
 .debug_macro   0x0000a92f       0x29 _build/app_fifo.o
 .debug_macro   0x0000a958       0x28 _build/app_fifo.o
 .debug_macro   0x0000a980      0x313 _build/app_timer.o
 .debug_macro   0x0000ac93       0x16 _build/app_timer.o
 .debug_macro   0x0000aca9       0x97 _build/app_timer.o
 .debug_macro   0x0000ad40       0xf6 _build/app_timer.o
 .debug_macro   0x0000ae36       0x10 _build/app_timer.o
 .debug_macro   0x0000ae46       0x40 _build/app_timer.o
 .debug_macro   0x0000ae86       0x64 _build/app_timer.o
 .debug_macro   0x0000aeea       0x22 _build/app_timer.o
 .debug_macro   0x0000af0c       0x76 _build/sensorsim.o
 .debug_macro   0x0000af82      0x263 _build/app_uart_fifo.o
 .debug_macro   0x0000b1e5       0x10 _build/app_uart_fifo.o
 .debug_macro   0x0000b1f5       0x28 _build/app_uart_fifo.o
 .debug_macro   0x0000b21d      0x125 _build/nrf_drv_common.o
 .debug_macro   0x0000b342      0x1a9 _build/nrf_drv_gpiote.o
 .debug_macro   0x0000b4eb       0x70 _build/nrf_drv_gpiote.o
 .debug_macro   0x0000b55b       0x1c _build/nrf_drv_gpiote.o
 .debug_macro   0x0000b577      0x281 _build/pstorage.o
 .debug_macro   0x0000b7f8       0x40 _build/pstorage.o
 .debug_macro   0x0000b838       0x22 _build/pstorage.o
 .debug_macro   0x0000b85a      0x30e _build/bsp.o
 .debug_macro   0x0000bb68      0x1d2 _build/bsp.o
 .debug_macro   0x0000bd3a       0x22 _build/bsp.o
 .debug_macro   0x0000bd5c       0x76 _build/bsp.o
 .debug_macro   0x0000bdd2      0x202 _build/bsp_btn_ble.o
 .debug_macro   0x0000bfd4       0xd6 _build/bsp_btn_ble.o
 .debug_macro   0x0000c0aa      0x1f7 _build/bsp_btn_ble.o
 .debug_macro   0x0000c2a1      0x375 _build/bsp_btn_ble.o
 .debug_macro   0x0000c616       0x3a _build/bsp_btn_ble.o
 .debug_macro   0x0000c650       0x22 _build/bsp_btn_ble.o
 .debug_macro   0x0000c672      0x1f0 _build/bsp_btn_ble.o
 .debug_macro   0x0000c862       0x16 _build/bsp_btn_ble.o
 .debug_macro   0x0000c878       0xd9 _build/bsp_btn_ble.o
 .debug_macro   0x0000c951       0x1c _build/bsp_btn_ble.o
 .debug_macro   0x0000c96d      0x5dc _build/main.o
 .debug_macro   0x0000cf49       0xa6 _build/main.o
 .debug_macro   0x0000cfef      0x24a _build/main.o
 .debug_macro   0x0000d239       0x34 _build/main.o
 .debug_macro   0x0000d26d       0x28 _build/main.o
 .debug_macro   0x0000d295       0x16 _build/main.o
 .debug_macro   0x0000d2ab       0x46 _build/main.o
 .debug_macro   0x0000d2f1       0x1c _build/main.o
 .debug_macro   0x0000d30d       0x34 _build/main.o
 .debug_macro   0x0000d341       0x16 _build/main.o
 .debug_macro   0x0000d357       0x10 _build/main.o
 .debug_macro   0x0000d367       0x16 _build/main.o
 .debug_macro   0x0000d37d       0x22 _build/main.o
 .debug_macro   0x0000d39f       0x28 _build/main.o
 .debug_macro   0x0000d3c7       0x98 _build/main.o
 .debug_macro   0x0000d45f       0x46 _build/main.o
 .debug_macro   0x0000d4a5       0x1c _build/main.o
 .debug_macro   0x0000d4c1       0x22 _build/main.o
 .debug_macro   0x0000d4e3      0x1f5 _build/ble_advdata.o
 .debug_macro   0x0000d6d8      0x345 _build/ble_advertising.o
 .debug_macro   0x0000da1d       0x16 _build/ble_advertising.o
 .debug_macro   0x0000da33      0x1eb _build/ble_bas.o
 .debug_macro   0x0000dc1e      0x228 _build/ble_bps.o
 .debug_macro   0x0000de46      0x2d4 _build/ble_conn_params.o
 .debug_macro   0x0000e11a      0x225 _build/ble_dis.o
 .debug_macro   0x0000e33f       0x10 _build/ble_dis.o
 .debug_macro   0x0000e34f       0xd3 _build/ble_dis.o
 .debug_macro   0x0000e422      0x1a3 _build/ble_srv_common.o
 .debug_macro   0x0000e5c5      0x4bf _build/device_manager_peripheral.o
 .debug_macro   0x0000ea84       0xd5 _build/system_nrf51.o
 .debug_macro   0x0000eb59      0x27b _build/softdevice_handler.o
 .debug_macro   0x0000edd4      0x37b _build/softdevice_handler.o
 .debug_macro   0x0000f14f       0x40 _build/softdevice_handler.o
 .debug_macro   0x0000f18f       0x10 _build/softdevice_handler.o

.debug_line     0x00000000     0xee7f
 .debug_line    0x00000000      0x723 _build/app_button.o
 .debug_line    0x00000723      0x3f5 _build/app_error.o
 .debug_line    0x00000b18      0x40b _build/app_fifo.o
 .debug_line    0x00000f23      0xebe _build/app_timer.o
 .debug_line    0x00001de1      0x280 _build/sensorsim.o
 .debug_line    0x00002061      0xc40 _build/app_uart_fifo.o
 .debug_line    0x00002ca1      0x835 _build/nrf_drv_common.o
 .debug_line    0x000034d6      0xf3d _build/nrf_drv_gpiote.o
 .debug_line    0x00004413      0xe05 _build/pstorage.o
 .debug_line    0x00005218      0x838 _build/bsp.o
 .debug_line    0x00005a50      0xa61 _build/bsp_btn_ble.o
 .debug_line    0x000064b1     0x1776 _build/main.o
 .debug_line    0x00007c27      0xac9 _build/ble_advdata.o
 .debug_line    0x000086f0     0x1150 _build/ble_advertising.o
 .debug_line    0x00009840      0xa4d _build/ble_bas.o
 .debug_line    0x0000a28d      0xabb _build/ble_bps.o
 .debug_line    0x0000ad48      0xb22 _build/ble_conn_params.o
 .debug_line    0x0000b86a      0x894 _build/ble_dis.o
 .debug_line    0x0000c0fe      0x60b _build/ble_srv_common.o
 .debug_line    0x0000c709     0x1516 _build/device_manager_peripheral.o
 .debug_line    0x0000dc1f      0x3a5 _build/system_nrf51.o
 .debug_line    0x0000dfc4      0xebb _build/softdevice_handler.o

.debug_str      0x00000000    0x47360
 .debug_str     0x00000000    0x35aa4 _build/app_button.o
                              0x35da3 (size before relaxing)
 .debug_str     0x00035aa4       0xb5 _build/app_error.o
                              0x309e7 (size before relaxing)
 .debug_str     0x00035b59      0x1df _build/app_fifo.o
                               0x6be0 (size before relaxing)
 .debug_str     0x00035d38     0x2116 _build/app_timer.o
                              0x36fd0 (size before relaxing)
 .debug_str     0x00037e4e       0xc1 _build/sensorsim.o
                               0x355f (size before relaxing)
 .debug_str     0x00037f0f      0x9fa _build/app_uart_fifo.o
                              0x3679d (size before relaxing)
 .debug_str     0x00038909       0x6f _build/nrf_drv_common.o
                              0x31ac3 (size before relaxing)
 .debug_str     0x00038978      0x9b9 _build/nrf_drv_gpiote.o
                              0x338bc (size before relaxing)
 .debug_str     0x00039331      0xe86 _build/pstorage.o
                              0x35db6 (size before relaxing)
 .debug_str     0x0003a1b7     0x178f _build/bsp.o
                              0x368ab (size before relaxing)
 .debug_str     0x0003b946     0x5bc1 _build/bsp_btn_ble.o
                              0x37981 (size before relaxing)
 .debug_str     0x00041507     0x3a36 _build/main.o
                              0x4140b (size before relaxing)
 .debug_str     0x00044f3d      0x287 _build/ble_advdata.o
                               0xd15d (size before relaxing)
 .debug_str     0x000451c4      0x360 _build/ble_advertising.o
                              0x3c507 (size before relaxing)
 .debug_str     0x00045524      0x164 _build/ble_bas.o
                               0xda9e (size before relaxing)
 .debug_str     0x00045688      0x31f _build/ble_bps.o
                               0xdede (size before relaxing)
 .debug_str     0x000459a7      0x17c _build/ble_conn_params.o
                               0xf68b (size before relaxing)
 .debug_str     0x00045b23      0x187 _build/ble_dis.o
                               0xcb1c (size before relaxing)
 .debug_str     0x00045caa       0x78 _build/ble_srv_common.o
                               0xb958 (size before relaxing)
 .debug_str     0x00045d22     0x1373 _build/device_manager_peripheral.o
                              0x3cd05 (size before relaxing)
 .debug_str     0x00047095       0xfe _build/system_nrf51.o
                              0x301e7 (size before relaxing)
 .debug_str     0x00047193      0x1cd _build/softdevice_handler.o
                              0x37e62 (size before relaxing)
