Archive member included to satisfy reference by file (symbol)

c:/program files (x86)/gnu tools arm embedded/6 2017-q2-update/bin/../lib/gcc/arm-none-eabi/6.3.1/../../../../arm-none-eabi/lib/thumb/v6-m\libc_nano.a(lib_a-exit.o)
                              c:/program files (x86)/gnu tools arm embedded/6 2017-q2-update/bin/../lib/gcc/arm-none-eabi/6.3.1/../../../../arm-none-eabi/lib/thumb/v6-m/crt0.o (exit)
c:/program files (x86)/gnu tools arm embedded/6 2017-q2-update/bin/../lib/gcc/arm-none-eabi/6.3.1/../../../../arm-none-eabi/lib/thumb/v6-m\libc_nano.a(lib_a-impure.o)
                              c:/program files (x86)/gnu tools arm embedded/6 2017-q2-update/bin/../lib/gcc/arm-none-eabi/6.3.1/../../../../arm-none-eabi/lib/thumb/v6-m\libc_nano.a(lib_a-exit.o) (_global_impure_ptr)
c:/program files (x86)/gnu tools arm embedded/6 2017-q2-update/bin/../lib/gcc/arm-none-eabi/6.3.1/../../../../arm-none-eabi/lib/thumb/v6-m\libc_nano.a(lib_a-init.o)
                              c:/program files (x86)/gnu tools arm embedded/6 2017-q2-update/bin/../lib/gcc/arm-none-eabi/6.3.1/../../../../arm-none-eabi/lib/thumb/v6-m/crt0.o (__libc_init_array)
c:/program files (x86)/gnu tools arm embedded/6 2017-q2-update/bin/../lib/gcc/arm-none-eabi/6.3.1/../../../../arm-none-eabi/lib/thumb/v6-m\libc_nano.a(lib_a-memset.o)
                              c:/program files (x86)/gnu tools arm embedded/6 2017-q2-update/bin/../lib/gcc/arm-none-eabi/6.3.1/../../../../arm-none-eabi/lib/thumb/v6-m/crt0.o (memset)
c:/program files (x86)/gnu tools arm embedded/6 2017-q2-update/bin/../lib/gcc/arm-none-eabi/6.3.1/../../../../arm-none-eabi/lib/thumb/v6-m\libnosys.a(_exit.o)
                              c:/program files (x86)/gnu tools arm embedded/6 2017-q2-update/bin/../lib/gcc/arm-none-eabi/6.3.1/../../../../arm-none-eabi/lib/thumb/v6-m\libc_nano.a(lib_a-exit.o) (_exit)
c:/program files (x86)/gnu tools arm embedded/6 2017-q2-update/bin/../lib/gcc/arm-none-eabi/6.3.1/thumb/v6-m\libgcc.a(_udivsi3.o)
                              _build/pstorage.o (__aeabi_uidiv)
c:/program files (x86)/gnu tools arm embedded/6 2017-q2-update/bin/../lib/gcc/arm-none-eabi/6.3.1/thumb/v6-m\libgcc.a(_dvmd_tls.o)
                              c:/program files (x86)/gnu tools arm embedded/6 2017-q2-update/bin/../lib/gcc/arm-none-eabi/6.3.1/thumb/v6-m\libgcc.a(_udivsi3.o) (__aeabi_idiv0)
c:/program files (x86)/gnu tools arm embedded/6 2017-q2-update/bin/../lib/gcc/arm-none-eabi/6.3.1/../../../../arm-none-eabi/lib/thumb/v6-m\libc_nano.a(lib_a-memcpy-stub.o)
                              _build/pstorage.o (memcpy)
c:/program files (x86)/gnu tools arm embedded/6 2017-q2-update/bin/../lib/gcc/arm-none-eabi/6.3.1/../../../../arm-none-eabi/lib/thumb/v6-m\libc_nano.a(lib_a-printf.o)
                              _build/main.o (printf)
c:/program files (x86)/gnu tools arm embedded/6 2017-q2-update/bin/../lib/gcc/arm-none-eabi/6.3.1/../../../../arm-none-eabi/lib/thumb/v6-m\libc_nano.a(lib_a-sprintf.o)
                              _build/main.o (sprintf)
c:/program files (x86)/gnu tools arm embedded/6 2017-q2-update/bin/../lib/gcc/arm-none-eabi/6.3.1/../../../../arm-none-eabi/lib/thumb/v6-m\libc_nano.a(lib_a-strlen.o)
                              _build/main.o (strlen)
c:/program files (x86)/gnu tools arm embedded/6 2017-q2-update/bin/../lib/gcc/arm-none-eabi/6.3.1/../../../../arm-none-eabi/lib/thumb/v6-m\libc_nano.a(lib_a-findfp.o)
                              c:/program files (x86)/gnu tools arm embedded/6 2017-q2-update/bin/../lib/gcc/arm-none-eabi/6.3.1/../../../../arm-none-eabi/lib/thumb/v6-m\libc_nano.a(lib_a-printf.o) (__sinit)
c:/program files (x86)/gnu tools arm embedded/6 2017-q2-update/bin/../lib/gcc/arm-none-eabi/6.3.1/../../../../arm-none-eabi/lib/thumb/v6-m\libc_nano.a(lib_a-fwalk.o)
                              c:/program files (x86)/gnu tools arm embedded/6 2017-q2-update/bin/../lib/gcc/arm-none-eabi/6.3.1/../../../../arm-none-eabi/lib/thumb/v6-m\libc_nano.a(lib_a-findfp.o) (_fwalk)
c:/program files (x86)/gnu tools arm embedded/6 2017-q2-update/bin/../lib/gcc/arm-none-eabi/6.3.1/../../../../arm-none-eabi/lib/thumb/v6-m\libc_nano.a(lib_a-nano-mallocr.o)
                              c:/program files (x86)/gnu tools arm embedded/6 2017-q2-update/bin/../lib/gcc/arm-none-eabi/6.3.1/../../../../arm-none-eabi/lib/thumb/v6-m\libc_nano.a(lib_a-findfp.o) (_malloc_r)
c:/program files (x86)/gnu tools arm embedded/6 2017-q2-update/bin/../lib/gcc/arm-none-eabi/6.3.1/../../../../arm-none-eabi/lib/thumb/v6-m\libc_nano.a(lib_a-nano-svfprintf.o)
                              c:/program files (x86)/gnu tools arm embedded/6 2017-q2-update/bin/../lib/gcc/arm-none-eabi/6.3.1/../../../../arm-none-eabi/lib/thumb/v6-m\libc_nano.a(lib_a-sprintf.o) (_svfprintf_r)
c:/program files (x86)/gnu tools arm embedded/6 2017-q2-update/bin/../lib/gcc/arm-none-eabi/6.3.1/../../../../arm-none-eabi/lib/thumb/v6-m\libc_nano.a(lib_a-nano-vfprintf.o)
[...]
Memory Configuration

Name             Origin             Length             Attributes
FLASH            0x00018000         0x00028000         xr
RAM              0x20002000         0x00006000         xrw
*default*        0x00000000         0xffffffff

Linker script and memory map

LOAD c:/program files (x86)/gnu tools arm embedded/6 2017-q2-update/bin/../lib/gcc/arm-none-eabi/6.3.1/thumb/v6-m/crti.o
LOAD c:/program files (x86)/gnu tools arm embedded/6 2017-q2-update/bin/../lib/gcc/arm-none-eabi/6.3.1/thumb/v6-m/crtbegin.o
LOAD c:/program files (x86)/gnu tools arm embedded/6 2017-q2-update/bin/../lib/gcc/arm-none-eabi/6.3.1/../../../../arm-none-eabi/lib/thumb/v6-m/crt0.o
LOAD c:/program files (x86)/gnu tools arm embedded/6 2017-q2-update/bin/../lib/gcc/arm-none-eabi/6.3.1/../../../../arm-none-eabi/lib/thumb/v6-m\libc_nano.a
LOAD c:/program files (x86)/gnu tools arm embedded/6 2017-q2-update/bin/../lib/gcc/arm-none-eabi/6.3.1/../../../../arm-none-eabi/lib/thumb/v6-m\libnosys.a
LOAD _build/app_button.o
LOAD _build/app_error.o
LOAD _build/app_fifo.o
LOAD _build/app_timer.o
LOAD _build/app_trace.o
LOAD _build/nrf_assert.o
LOAD _build/retarget.o
LOAD _build/app_uart_fifo.o
LOAD _build/nrf_delay.o
LOAD _build/nrf_drv_common.o
LOAD _build/nrf_drv_gpiote.o
LOAD _build/pstorage.o
LOAD _build/bsp.o
LOAD _build/bsp_btn_ble.o
LOAD _build/main.o
LOAD _build/ble_advdata.o
LOAD _build/ble_advertising.o
LOAD _build/ble_conn_params.o
LOAD _build/ble_nus.o
LOAD _build/ble_srv_common.o
LOAD _build/system_nrf51.o
LOAD _build/softdevice_handler.o
LOAD _build/nrf_drv_clock.o
LOAD _build/app_util_platform.o
LOAD _build/gcc_startup_nrf51.o
START GROUP
LOAD c:/program files (x86)/gnu tools arm embedded/6 2017-q2-update/bin/../lib/gcc/arm-none-eabi/6.3.1/thumb/v6-m\libgcc.a
LOAD c:/program files (x86)/gnu tools arm embedded/6 2017-q2-update/bin/../lib/gcc/arm-none-eabi/6.3.1/../../../../arm-none-eabi/lib/thumb/v6-m\libc_nano.a
END GROUP
START GROUP
LOAD c:/program files (x86)/gnu tools arm embedded/6 2017-q2-update/bin/../lib/gcc/arm-none-eabi/6.3.1/thumb/v6-m\libgcc.a
LOAD c:/program files (x86)/gnu tools arm embedded/6 2017-q2-update/bin/../lib/gcc/arm-none-eabi/6.3.1/../../../../arm-none-eabi/lib/thumb/v6-m\libc_nano.a
END GROUP
LOAD c:/program files (x86)/gnu tools arm embedded/6 2017-q2-update/bin/../lib/gcc/arm-none-eabi/6.3.1/thumb/v6-m/crtend.o
LOAD c:/program files (x86)/gnu tools arm embedded/6 2017-q2-update/bin/../lib/gcc/arm-none-eabi/6.3.1/thumb/v6-m/crtn.o
START GROUP
LOAD c:/program files (x86)/gnu tools arm embedded/6 2017-q2-update/bin/../lib/gcc/arm-none-eabi/6.3.1/thumb/v6-m\libgcc.a
LOAD c:/program files (x86)/gnu tools arm embedded/6 2017-q2-update/bin/../lib/gcc/arm-none-eabi/6.3.1/../../../../arm-none-eabi/lib/thumb/v6-m\libc.a
LOAD c:/program files (x86)/gnu tools arm embedded/6 2017-q2-update/bin/../lib/gcc/arm-none-eabi/6.3.1/../../../../arm-none-eabi/lib/thumb/v6-m\libnosys.a
END GROUP

.text           0x00018000     0x50f4
 *(.Vectors)
 .Vectors       0x00018000       0xc0 _build/gcc_startup_nrf51.o
                0x00018000                __Vectors
 *(.text*)
 .text          0x000180c0       0x78 c:/program files (x86)/gnu tools arm embedded/6 2017-q2-update/bin/../lib/gcc/arm-none-eabi/6.3.1/../../../../arm-none-eabi/lib/thumb/v6-m/crt0.o
                0x000180c0                _start
                0x000180c0                _mainCRTStartup
 .text.exit     0x00018138       0x2c c:/program files (x86)/gnu tools arm embedded/6 2017-q2-update/bin/../lib/gcc/arm-none-eabi/6.3.1/../../../../arm-none-eabi/lib/thumb/v6-m\libc_nano.a(lib_a-exit.o)
                0x00018138                exit
 .text.__libc_init_array
                0x00018164       0x48 c:/program files (x86)/gnu tools arm embedded/6 2017-q2-update/bin/../lib/gcc/arm-none-eabi/6.3.1/../../../../arm-none-eabi/lib/thumb/v6-m\libc_nano.a(lib_a-init.o)
                0x00018164                __libc_init_array
 .text.memset   0x000181ac       0x10 c:/program files (x86)/gnu tools arm embedded/6 2017-q2-update/bin/../lib/gcc/arm-none-eabi/6.3.1/../../../../arm-none-eabi/lib/thumb/v6-m\libc_nano.a(lib_a-memset.o)
                0x000181ac                memset
 .text._exit    0x000181bc        0x4 c:/program files (x86)/gnu tools arm embedded/6 2017-q2-update/bin/../lib/gcc/arm-none-eabi/6.3.1/../../../../arm-none-eabi/lib/thumb/v6-m\libnosys.a(_exit.o)
                0x000181bc                _exit
 .text.detection_delay_timeout_handler
                0x000181c0       0x74 _build/app_button.o
 .text.gpiote_event_handler
                0x00018234       0x68 _build/app_button.o
 .text.app_button_init
                0x0001829c       0x94 _build/app_button.o
                0x0001829c                app_button_init
 .text.app_button_enable
                0x00018330       0x2c _build/app_button.o
                0x00018330                app_button_enable
 .text.app_error_handler
                0x0001835c       0x18 _build/app_error.o
                0x0001835c                app_error_handler
 .text.app_fifo_init
                0x00018374       0x28 _build/app_fifo.o
                0x00018374                app_fifo_init
 .text.app_fifo_put
                0x0001839c       0x22 _build/app_fifo.o
                0x0001839c                app_fifo_put
 .text.app_fifo_get
                0x000183be       0x22 _build/app_fifo.o
                0x000183be                app_fifo_get
 .text.rtc1_init
                0x000183e0       0x2c _build/app_timer.o
 .text.rtc1_start
                0x0001840c       0x54 _build/app_timer.o
 .text.rtc1_stop
                0x00018460       0x78 _build/app_timer.o
 .text.timer_list_insert
                0x000184d8       0x80 _build/app_timer.o
 .text.timer_list_remove
                0x00018558       0x98 _build/app_timer.o
 .text.timer_timeouts_check_sched
                0x000185f0       0x14 _build/app_timer.o
 .text.timer_list_handler_sched
                0x00018604       0x14 _build/app_timer.o
 .text.elapsed_ticks_acquire
                0x00018618       0x58 _build/app_timer.o
 .text.list_deletions_handler
                0x00018670       0xb4 _build/app_timer.o
 .text.expired_timers_handler
                0x00018724       0x54 _build/app_timer.o
 .text.list_insertions_handler
                0x00018778      0x11c _build/app_timer.o
 .text.compare_reg_update
                0x00018894       0x8c _build/app_timer.o
 .text.timer_list_handler
                0x00018920       0x60 _build/app_timer.o
 .text.user_op_enque
                0x00018980        0x4 _build/app_timer.o
 .text.user_op_alloc
                0x00018984       0x28 _build/app_timer.o
 .text.timer_start_op_schedule
                0x000189ac       0x58 _build/app_timer.o
 .text.timer_stop_op_schedule
                0x00018a04       0x3c _build/app_timer.o
 .text.user_id_get
                0x00018a40       0x74 _build/app_timer.o
 .text.timeout_handler_exec
                0x00018ab4       0x30 _build/app_timer.o
 .text.timer_timeouts_check
                0x00018ae4       0x90 _build/app_timer.o
 .text.RTC1_IRQHandler
                0x00018b74       0x2c _build/app_timer.o
                0x00018b74                RTC1_IRQHandler
 .text.SWI0_IRQHandler
                0x00018ba0        0x8 _build/app_timer.o
                0x00018ba0                SWI0_IRQHandler
 .text.app_timer_init
                0x00018ba8       0xf0 _build/app_timer.o
                0x00018ba8                app_timer_init
 .text.app_timer_create
                0x00018c98       0x58 _build/app_timer.o
                0x00018c98                app_timer_create
 .text.app_timer_start
                0x00018cf0       0x64 _build/app_timer.o
                0x00018cf0                app_timer_start
 .text.app_timer_stop
                0x00018d54       0x40 _build/app_timer.o
                0x00018d54                app_timer_stop
 .text._write   0x00018d94       0x1c _build/retarget.o
                0x00018d94                _write
 .text._read    0x00018db0       0x12 _build/retarget.o
                0x00018db0                _read
 *fill*         0x00018dc2        0x2 
 .text.action_uart_deactivate
                0x00018dc4       0x20 _build/app_uart_fifo.o
 .text.on_cts_high
                0x00018de4       0x24 _build/app_uart_fifo.o
 .text.on_uart_close
                0x00018e08        0x8 _build/app_uart_fifo.o
 .text.uart_no_flow_control_init
                0x00018e10       0x3c _build/app_uart_fifo.o
 .text.uart_standard_flow_control_init
                0x00018e4c       0x40 _build/app_uart_fifo.o
 .text.action_tx_stop
                0x00018e8c       0x2c _build/app_uart_fifo.o
                0x00018e8c                action_tx_stop
 .text.action_tx_send
                0x00018eb8       0x58 _build/app_uart_fifo.o
 .text.on_cts_low
                0x00018f10       0x4c _build/app_uart_fifo.o
 .text.on_uart_put
                0x00018f5c       0x18 _build/app_uart_fifo.o
 .text.action_tx_ready
                0x00018f74       0x1c _build/app_uart_fifo.o
 .text.on_tx_ready
                0x00018f90       0x24 _build/app_uart_fifo.o
 .text.on_uart_event
                0x00018fb4       0x30 _build/app_uart_fifo.o
 .text.gpiote_uart_event_handler
                0x00018fe4       0x1a _build/app_uart_fifo.o
 *fill*         0x00018ffe        0x2 
 .text.UART0_IRQHandler
                0x00019000       0xb8 _build/app_uart_fifo.o
                0x00019000                UART0_IRQHandler
 .text.app_uart_init
                0x000190b8      0x1b4 _build/app_uart_fifo.o
                0x000190b8                app_uart_init
 .text.app_uart_get
                0x0001926c       0x10 _build/app_uart_fifo.o
                0x0001926c                app_uart_get
 .text.app_uart_put
                0x0001927c       0x1c _build/app_uart_fifo.o
                0x0001927c                app_uart_put
 .text.nrf_drv_common_irq_enable
                0x00019298       0x78 _build/nrf_drv_common.o
                0x00019298                nrf_drv_common_irq_enable
 .text.channel_port_alloc
                0x00019310       0x58 _build/nrf_drv_gpiote.o
 .text.channel_free
                0x00019368       0x24 _build/nrf_drv_gpiote.o
 .text.nrf_drv_gpiote_init
                0x0001938c       0x58 _build/nrf_drv_gpiote.o
                0x0001938c                nrf_drv_gpiote_init
 .text.nrf_drv_gpiote_is_init
                0x000193e4       0x10 _build/nrf_drv_gpiote.o
                0x000193e4                nrf_drv_gpiote_is_init
 .text.nrf_drv_gpiote_out_init
                0x000193f4       0xc8 _build/nrf_drv_gpiote.o
                0x000193f4                nrf_drv_gpiote_out_init
 .text.nrf_drv_gpiote_in_init
                0x000194bc       0xac _build/nrf_drv_gpiote.o
                0x000194bc                nrf_drv_gpiote_in_init
 .text.nrf_drv_gpiote_in_event_enable
                0x00019568       0xa8 _build/nrf_drv_gpiote.o
                0x00019568                nrf_drv_gpiote_in_event_enable
 .text.nrf_drv_gpiote_in_is_set
                0x00019610       0x12 _build/nrf_drv_gpiote.o
                0x00019610                nrf_drv_gpiote_in_is_set
 *fill*         0x00019622        0x2 
 .text.GPIOTE_IRQHandler
                0x00019624      0x154 _build/nrf_drv_gpiote.o
                0x00019624                GPIOTE_IRQHandler
 .text.pstorage_access_status_get
                0x00019778       0x28 _build/pstorage.o
                0x00019778                pstorage_access_status_get
 .text.alert_timer_handler
                0x000197a0       0x28 _build/bsp.o
 .text.bsp_led_indication
                0x000197c8      0x478 _build/bsp.o
 .text.leds_timer_handler
                0x00019c40       0x20 _build/bsp.o
 .text.bsp_button_event_handler
                0x00019c60       0xc4 _build/bsp.o
 .text.button_timer_handler
                0x00019d24        0xc _build/bsp.o
 .text.bsp_button_is_pressed
                0x00019d30       0x30 _build/bsp.o
                0x00019d30                bsp_button_is_pressed
 .text.bsp_indication_set
                0x00019d60       0x18 _build/bsp.o
                0x00019d60                bsp_indication_set
 .text.bsp_event_to_button_action_assign
                0x00019d78       0x58 _build/bsp.o
                0x00019d78                bsp_event_to_button_action_assign
 .text.bsp_init
                0x00019dd0       0xc8 _build/bsp.o
                0x00019dd0                bsp_init
 .text.bsp_wakeup_buttons_set
                0x00019e98       0x4c _build/bsp.o
                0x00019e98                bsp_wakeup_buttons_set
 .text.connection_buttons_configure
                0x00019ee4       0x42 _build/bsp_btn_ble.o
 .text.advertising_buttons_configure
                0x00019f26       0x42 _build/bsp_btn_ble.o
 .text.startup_event_extract
                0x00019f68       0x4c _build/bsp_btn_ble.o
 .text.bsp_btn_ble_sleep_mode_prepare
                0x00019fb4       0x18 _build/bsp_btn_ble.o
                0x00019fb4                bsp_btn_ble_sleep_mode_prepare
 .text.bsp_btn_ble_on_ble_evt
                0x00019fcc       0x5c _build/bsp_btn_ble.o
                0x00019fcc                bsp_btn_ble_on_ble_evt
 .text.bsp_btn_ble_init
                0x0001a028       0x30 _build/bsp_btn_ble.o
                0x0001a028                bsp_btn_ble_init
 .text.sd_ble_gap_disconnect
                0x0001a058        0x4 _build/main.o
 .text.sd_ble_gap_ppcp_set
                0x0001a05c        0x4 _build/main.o
 .text.sd_ble_gap_device_name_set
                0x0001a060        0x4 _build/main.o
 .text.sd_ble_gap_sec_params_reply
                0x0001a064        0x4 _build/main.o
 .text.sd_ble_gatts_sys_attr_set
                0x0001a068        0x4 _build/main.o
 .text.sd_ble_enable
                0x0001a06c        0x4 _build/main.o
 .text.sd_power_system_off
                0x0001a070        0x4 _build/main.o
 .text.conn_params_error_handler
                0x0001a074        0xc _build/main.o
 .text.on_conn_params_evt
                0x0001a080       0x28 _build/main.o
 .text.on_ble_evt
                0x0001a0a8       0x90 _build/main.o
 .text.on_adv_evt
                0x0001a138       0x1a _build/main.o
 .text.sleep_mode_enter
                0x0001a152       0x3c _build/main.o
 *fill*         0x0001a18e        0x2 
 .text.bsp_event_handler
                0x0001a190       0x4c _build/main.o
                0x0001a190                bsp_event_handler
 .text.uart_event_handle
                0x0001a1dc       0x7c _build/main.o
                0x0001a1dc                uart_event_handle
 .text.rtc1_handler_function
                0x0001a258      0x150 _build/main.o
 .text.uart_init
                0x0001a3a8       0x54 _build/main.o
 .text.create_timers
                0x0001a3fc       0x24 _build/main.o
 .text.buttons_leds_init
                0x0001a420       0x50 _build/main.o
 .text.ble_stack_init
                0x0001a470       0x68 _build/main.o
 .text.ble_evt_dispatch
                0x0001a4d8       0x28 _build/main.o
 .text.gap_params_init
                0x0001a500       0x74 _build/main.o
 .text.services_init
                0x0001a574       0x34 _build/main.o
 .text.nus_data_handler
                0x0001a5a8       0x26 _build/main.o
 *fill*         0x0001a5ce        0x2 
 .text.advertising_init
                0x0001a5d0       0x70 _build/main.o
 .text.conn_params_init
                0x0001a640       0x50 _build/main.o
 .text.assert_nrf_callback
                0x0001a690       0x14 _build/main.o
                0x0001a690                assert_nrf_callback
 .text.main     0x0001a6a4       0xf0 _build/main.o
                0x0001a6a4                main
 .text.sd_ble_gap_adv_data_set
                0x0001a794        0x4 _build/ble_advdata.o
 .text.sd_ble_gap_appearance_get
                0x0001a798        0x4 _build/ble_advdata.o
 .text.sd_ble_gap_device_name_get
                0x0001a79c        0x4 _build/ble_advdata.o
 .text.sd_ble_uuid_encode
                0x0001a7a0        0x4 _build/ble_advdata.o
 .text.name_encode
                0x0001a7a4       0x8a _build/ble_advdata.o
 .text.appearance_encode
                0x0001a82e       0x4e _build/ble_advdata.o
 .text.tx_power_level_encode
                0x0001a87c       0x2c _build/ble_advdata.o
 .text.uuid_list_sized_encode
                0x0001a8a8       0xd0 _build/ble_advdata.o
 .text.uuid_list_encode
                0x0001a978       0x30 _build/ble_advdata.o
 .text.conn_int_check
                0x0001a9a8       0x60 _build/ble_advdata.o
 .text.conn_int_encode
                0x0001aa08       0x54 _build/ble_advdata.o
 .text.advdata_check
                0x0001aa5c        0xe _build/ble_advdata.o
 .text.srdata_check
                0x0001aa6a        0xe _build/ble_advdata.o
 .text.manuf_specific_data_encode
                0x0001aa78       0x68 _build/ble_advdata.o
 .text.service_data_encode
                0x0001aae0       0x88 _build/ble_advdata.o
 .text.adv_data_encode
                0x0001ab68      0x102 _build/ble_advdata.o
 .text.ble_advdata_set
                0x0001ac6a       0x74 _build/ble_advdata.o
                0x0001ac6a                ble_advdata_set
 .text.sd_ble_gap_adv_start
                0x0001acde        0x4 _build/ble_advertising.o
 .text.sd_ble_gap_adv_stop
                0x0001ace2        0x4 _build/ble_advertising.o
 .text.whitelist_has_entries
                0x0001ace6       0x18 _build/ble_advertising.o
 .text.peer_address_exists
                0x0001acfe       0x18 _build/ble_advertising.o
 *fill*         0x0001ad16        0x2 
 .text.ble_advertising_peer_address_clear
                0x0001ad18       0x14 _build/ble_advertising.o
 .text.ble_advertising_init
                0x0001ad2c      0x178 _build/ble_advertising.o
                0x0001ad2c                ble_advertising_init
 .text.ble_advertising_start
                0x0001aea4      0x230 _build/ble_advertising.o
                0x0001aea4                ble_advertising_start
 .text.ble_advertising_on_ble_evt
                0x0001b0d4       0xf8 _build/ble_advertising.o
                0x0001b0d4                ble_advertising_on_ble_evt
 .text.ble_advertising_restart_without_whitelist
                0x0001b1cc       0x60 _build/ble_advertising.o
                0x0001b1cc                ble_advertising_restart_without_whitelist
 .text.sd_ble_gap_conn_param_update
                0x0001b22c        0x4 _build/ble_conn_params.o
 .text.sd_ble_gap_disconnect
                0x0001b230        0x4 _build/ble_conn_params.o
 .text.sd_ble_gap_ppcp_set
                0x0001b234        0x4 _build/ble_conn_params.o
 .text.sd_ble_gap_ppcp_get
                0x0001b238        0x4 _build/ble_conn_params.o
 .text.is_conn_params_ok
                0x0001b23c       0x24 _build/ble_conn_params.o
 .text.update_timeout_handler
                0x0001b260       0x84 _build/ble_conn_params.o
 .text.on_disconnect
                0x0001b2e4       0x38 _build/ble_conn_params.o
 .text.conn_params_negotiation
                0x0001b31c       0x84 _build/ble_conn_params.o
 .text.on_connect
                0x0001b3a0       0x3c _build/ble_conn_params.o
 .text.on_write
                0x0001b3dc       0x44 _build/ble_conn_params.o
 .text.on_conn_params_update
                0x0001b420       0x18 _build/ble_conn_params.o
 .text.ble_conn_params_init
                0x0001b438       0x78 _build/ble_conn_params.o
                0x0001b438                ble_conn_params_init
 .text.ble_conn_params_on_ble_evt
                0x0001b4b0       0x2e _build/ble_conn_params.o
                0x0001b4b0                ble_conn_params_on_ble_evt
 .text.sd_ble_gatts_service_add
                0x0001b4de        0x4 _build/ble_nus.o
 .text.sd_ble_gatts_characteristic_add
                0x0001b4e2        0x4 _build/ble_nus.o
 .text.sd_ble_gatts_hvx
                0x0001b4e6        0x4 _build/ble_nus.o
 .text.sd_ble_uuid_vs_add
                0x0001b4ea        0x4 _build/ble_nus.o
 .text.on_connect
                0x0001b4ee        0x6 _build/ble_nus.o
 .text.on_disconnect
                0x0001b4f4        0x8 _build/ble_nus.o
 .text.on_write
                0x0001b4fc       0x3e _build/ble_nus.o
 .text.rx_char_add
                0x0001b53a      0x108 _build/ble_nus.o
 .text.tx_char_add
                0x0001b642       0xbe _build/ble_nus.o
 .text.ble_add_caract_battery_level
                0x0001b700      0x108 _build/ble_nus.o
 .text.ble_nus_on_ble_evt
                0x0001b808       0x2c _build/ble_nus.o
                0x0001b808                ble_nus_on_ble_evt
 .text.ble_nus_init
                0x0001b834       0x80 _build/ble_nus.o
                0x0001b834                ble_nus_init
 .text.ble_nus_string_send
                0x0001b8b4       0x64 _build/ble_nus.o
                0x0001b8b4                ble_nus_string_send
 .text.is_manual_peripheral_setup_needed
                0x0001b918       0x70 _build/system_nrf51.o
 .text.is_disabled_in_debug_needed
                0x0001b988       0x50 _build/system_nrf51.o
 .text.SystemInit
                0x0001b9d8       0x3c _build/system_nrf51.o
                0x0001b9d8                SystemInit
 .text.sd_nvic_EnableIRQ
                0x0001ba14        0x4 _build/softdevice_handler.o
 .text.sd_evt_get
                0x0001ba18        0x4 _build/softdevice_handler.o
 .text.sd_softdevice_enable
                0x0001ba1c        0x4 _build/softdevice_handler.o
 .text.sd_ble_evt_get
                0x0001ba20        0x4 _build/softdevice_handler.o
 .text.softdevice_assertion_handler
                0x0001ba24        0xc _build/softdevice_handler.o
                0x0001ba24                softdevice_assertion_handler
 .text.intern_softdevice_events_execute
                0x0001ba30       0xa4 _build/softdevice_handler.o
                0x0001ba30                intern_softdevice_events_execute
 .text.softdevice_handler_init
                0x0001bad4       0x4c _build/softdevice_handler.o
                0x0001bad4                softdevice_handler_init
 .text.softdevice_ble_evt_handler_set
                0x0001bb20       0x14 _build/softdevice_handler.o
                0x0001bb20                softdevice_ble_evt_handler_set
 .text.SWI2_IRQHandler
                0x0001bb34       0x28 _build/softdevice_handler.o
                0x0001bb34                SWI2_IRQHandler
 .text          0x0001bb5c       0x54 _build/gcc_startup_nrf51.o
                0x0001bb5c                Reset_Handler
                0x0001bba4                NMI_Handler
                0x0001bba6                HardFault_Handler
                0x0001bba8                SVC_Handler
                0x0001bbaa                PendSV_Handler
                0x0001bbac                SysTick_Handler
                0x0001bbae                RTC0_IRQHandler
                0x0001bbae                POWER_CLOCK_IRQHandler
                0x0001bbae                SPI0_TWI0_IRQHandler
                0x0001bbae                LPCOMP_IRQHandler
                0x0001bbae                SWI4_IRQHandler
                0x0001bbae                TEMP_IRQHandler
                0x0001bbae                QDEC_IRQHandler
                0x0001bbae                SWI5_IRQHandler
                0x0001bbae                TIMER0_IRQHandler
                0x0001bbae                RADIO_IRQHandler
                0x0001bbae                TIMER1_IRQHandler
                0x0001bbae                ECB_IRQHandler
                0x0001bbae                Default_Handler
                0x0001bbae                ADC_IRQHandler
                0x0001bbae                SWI3_IRQHandler
                0x0001bbae                CCM_AAR_IRQHandler
                0x0001bbae                WDT_IRQHandler
                0x0001bbae                TIMER2_IRQHandler
                0x0001bbae                RNG_IRQHandler
                0x0001bbae                SPI1_TWI1_IRQHandler
                0x0001bbae                SWI1_IRQHandler
 .text          0x0001bbb0      0x114 c:/program files (x86)/gnu tools arm embedded/6 2017-q2-update/bin/../lib/gcc/arm-none-eabi/6.3.1/thumb/v6-m\libgcc.a(_udivsi3.o)
                0x0001bbb0                __aeabi_uidiv
                0x0001bbb0                __udivsi3
                0x0001bcbc                __aeabi_uidivmod
 .text          0x0001bcc4        0x4 c:/program files (x86)/gnu tools arm embedded/6 2017-q2-update/bin/../lib/gcc/arm-none-eabi/6.3.1/thumb/v6-m\libgcc.a(_dvmd_tls.o)
                0x0001bcc4                __aeabi_idiv0
                0x0001bcc4                __aeabi_ldiv0
 .text.memcpy   0x0001bcc8       0x12 c:/program files (x86)/gnu tools arm embedded/6 2017-q2-update/bin/../lib/gcc/arm-none-eabi/6.3.1/../../../../arm-none-eabi/lib/thumb/v6-m\libc_nano.a(lib_a-memcpy-stub.o)
                0x0001bcc8                memcpy
 *fill*         0x0001bcda        0x2 
 .text.printf   0x0001bcdc       0x34 c:/program files (x86)/gnu tools arm embedded/6 2017-q2-update/bin/../lib/gcc/arm-none-eabi/6.3.1/../../../../arm-none-eabi/lib/thumb/v6-m\libc_nano.a(lib_a-printf.o)
                0x0001bcdc                iprintf
                0x0001bcdc                printf
 .text.sprintf  0x0001bd10       0x44 c:/program files (x86)/gnu tools arm embedded/6 2017-q2-update/bin/../lib/gcc/arm-none-eabi/6.3.1/../../../../arm-none-eabi/lib/thumb/v6-m\libc_nano.a(lib_a-sprintf.o)
                0x0001bd10                siprintf
                0x0001bd10                sprintf
 .text          0x0001bd54        0xe c:/program files (x86)/gnu tools arm embedded/6 2017-q2-update/bin/../lib/gcc/arm-none-eabi/6.3.1/../../../../arm-none-eabi/lib/thumb/v6-m\libc_nano.a(lib_a-strlen.o)
                0x0001bd54                strlen
 *fill*         0x0001bd62        0x2 
 .text._cleanup_r
                0x0001bd64       0x10 c:/program files (x86)/gnu tools arm embedded/6 2017-q2-update/bin/../lib/gcc/arm-none-eabi/6.3.1/../../../../arm-none-eabi/lib/thumb/v6-m\libc_nano.a(lib_a-findfp.o)
                0x0001bd64                _cleanup_r
 .text.std.isra.0
                0x0001bd74       0x48 c:/program files (x86)/gnu tools arm embedded/6 2017-q2-update/bin/../lib/gcc/arm-none-eabi/6.3.1/../../../../arm-none-eabi/lib/thumb/v6-m\libc_nano.a(lib_a-findfp.o)
 .text.__sfmoreglue
                0x0001bdbc       0x2c c:/program files (x86)/gnu tools arm embedded/6 2017-q2-update/bin/../lib/gcc/arm-none-eabi/6.3.1/../../../../arm-none-eabi/lib/thumb/v6-m\libc_nano.a(lib_a-findfp.o)
                0x0001bdbc                __sfmoreglue
 .text.__sinit  0x0001bde8       0x68 c:/program files (x86)/gnu tools arm embedded/6 2017-q2-update/bin/../lib/gcc/arm-none-eabi/6.3.1/../../../../arm-none-eabi/lib/thumb/v6-m\libc_nano.a(lib_a-findfp.o)
                0x0001bde8                __sinit
 .text.__sfp    0x0001be50       0x80 c:/program files (x86)/gnu tools arm embedded/6 2017-q2-update/bin/../lib/gcc/arm-none-eabi/6.3.1/../../../../arm-none-eabi/lib/thumb/v6-m\libc_nano.a(lib_a-findfp.o)
                0x0001be50                __sfp
 .text._fwalk_reent
                0x0001bed0       0x42 c:/program files (x86)/gnu tools arm embedded/6 2017-q2-update/bin/../lib/gcc/arm-none-eabi/6.3.1/../../../../arm-none-eabi/lib/thumb/v6-m\libc_nano.a(lib_a-fwalk.o)
                0x0001bed0                _fwalk_reent
 *fill*         0x0001bf12        0x2 
 .text._malloc_r
                0x0001bf14       0xbc c:/program files (x86)/gnu tools arm embedded/6 2017-q2-update/bin/../lib/gcc/arm-none-eabi/6.3.1/../../../../arm-none-eabi/lib/thumb/v6-m\libc_nano.a(lib_a-nano-mallocr.o)
                0x0001bf14                _malloc_r
 .text.__ssputs_r
                0x0001bfd0       0xc4 c:/program files (x86)/gnu tools arm embedded/6 2017-q2-update/bin/../lib/gcc/arm-none-eabi/6.3.1/../../../../arm-none-eabi/lib/thumb/v6-m\libc_nano.a(lib_a-nano-svfprintf.o)
                0x0001bfd0                __ssputs_r
 .text._svfprintf_r
                0x0001c094      0x208 c:/program files (x86)/gnu tools arm embedded/6 2017-q2-update/bin/../lib/gcc/arm-none-eabi/6.3.1/../../../../arm-none-eabi/lib/thumb/v6-m\libc_nano.a(lib_a-nano-svfprintf.o)
                0x0001c094                _svfiprintf_r
                0x0001c094                _svfprintf_r
 .text.__sfputc_r
                0x0001c29c       0x2a c:/program files (x86)/gnu tools arm embedded/6 2017-q2-update/bin/../lib/gcc/arm-none-eabi/6.3.1/../../../../arm-none-eabi/lib/thumb/v6-m\libc_nano.a(lib_a-nano-vfprintf.o)
 .text.__sfputs_r
                0x0001c2c6       0x24 c:/program files (x86)/gnu tools arm embedded/6 2017-q2-update/bin/../lib/gcc/arm-none-eabi/6.3.1/../../../../arm-none-eabi/lib/thumb/v6-m\libc_nano.a(lib_a-nano-vfprintf.o)
                0x0001c2c6                __sfputs_r
 *fill*         0x0001c2ea        0x2 
 .text._vfprintf_r
                0x0001c2ec      0x238 c:/program files (x86)/gnu tools arm embedded/6 2017-q2-update/bin/../lib/gcc/arm-none-eabi/6.3.1/../../../../arm-none-eabi/lib/thumb/v6-m\libc_nano.a(lib_a-nano-vfprintf.o)
                0x0001c2ec                _vfprintf_r
                0x0001c2ec                _vfiprintf_r
 .text._printf_common
                0x0001c524       0xda c:/program files (x86)/gnu tools arm embedded/6 2017-q2-update/bin/../lib/gcc/arm-none-eabi/6.3.1/../../../../arm-none-eabi/lib/thumb/v6-m\libc_nano.a(lib_a-nano-vfprintf_i.o)
                0x0001c524                _printf_common
 *fill*         0x0001c5fe        0x2 
 .text._printf_i
                0x0001c600      0x234 c:/program files (x86)/gnu tools arm embedded/6 2017-q2-update/bin/../lib/gcc/arm-none-eabi/6.3.1/../../../../arm-none-eabi/lib/thumb/v6-m\libc_nano.a(lib_a-nano-vfprintf_i.o)
                0x0001c600                _printf_i
 .text._sbrk_r  0x0001c834       0x24 c:/program files (x86)/gnu tools arm embedded/6 2017-q2-update/bin/../lib/gcc/arm-none-eabi/6.3.1/../../../../arm-none-eabi/lib/thumb/v6-m\libc_nano.a(lib_a-sbrkr.o)
                0x0001c834                _sbrk_r
 .text.__sread  0x0001c858       0x28 c:/program files (x86)/gnu tools arm embedded/6 2017-q2-update/bin/../lib/gcc/arm-none-eabi/6.3.1/../../../../arm-none-eabi/lib/thumb/v6-m\libc_nano.a(lib_a-stdio.o)
                0x0001c858                __sread
 .text.__swrite
                0x0001c880       0x38 c:/program files (x86)/gnu tools arm embedded/6 2017-q2-update/bin/../lib/gcc/arm-none-eabi/6.3.1/../../../../arm-none-eabi/lib/thumb/v6-m\libc_nano.a(lib_a-stdio.o)
                0x0001c880                __swrite
 .text.__sseek  0x0001c8b8       0x2c c:/program files (x86)/gnu tools arm embedded/6 2017-q2-update/bin/../lib/gcc/arm-none-eabi/6.3.1/../../../../arm-none-eabi/lib/thumb/v6-m\libc_nano.a(lib_a-stdio.o)
                0x0001c8b8                __sseek
 .text.__sclose
                0x0001c8e4        0xc c:/program files (x86)/gnu tools arm embedded/6 2017-q2-update/bin/../lib/gcc/arm-none-eabi/6.3.1/../../../../arm-none-eabi/lib/thumb/v6-m\libc_nano.a(lib_a-stdio.o)
                0x0001c8e4                __sclose
 .text.__swbuf_r
                0x0001c8f0       0xac c:/program files (x86)/gnu tools arm embedded/6 2017-q2-update/bin/../lib/gcc/arm-none-eabi/6.3.1/../../../../arm-none-eabi/lib/thumb/v6-m\libc_nano.a(lib_a-wbuf.o)
                0x0001c8f0                __swbuf_r
 .text._write_r
                0x0001c99c       0x28 c:/program files (x86)/gnu tools arm embedded/6 2017-q2-update/bin/../lib/gcc/arm-none-eabi/6.3.1/../../../../arm-none-eabi/lib/thumb/v6-m\libc_nano.a(lib_a-writer.o)
                0x0001c99c                _write_r
 .text.__swsetup_r
                0x0001c9c4       0xec c:/program files (x86)/gnu tools arm embedded/6 2017-q2-update/bin/../lib/gcc/arm-none-eabi/6.3.1/../../../../arm-none-eabi/lib/thumb/v6-m\libc_nano.a(lib_a-wsetup.o)
                0x0001c9c4                __swsetup_r
 .text._close_r
                0x0001cab0       0x24 c:/program files (x86)/gnu tools arm embedded/6 2017-q2-update/bin/../lib/gcc/arm-none-eabi/6.3.1/../../../../arm-none-eabi/lib/thumb/v6-m\libc_nano.a(lib_a-closer.o)
                0x0001cab0                _close_r
 .text.__sflush_r
                0x0001cad4      0x114 c:/program files (x86)/gnu tools arm embedded/6 2017-q2-update/bin/../lib/gcc/arm-none-eabi/6.3.1/../../../../arm-none-eabi/lib/thumb/v6-m\libc_nano.a(lib_a-fflush.o)
                0x0001cad4                __sflush_r
 .text._fflush_r
                0x0001cbe8       0x58 c:/program files (x86)/gnu tools arm embedded/6 2017-q2-update/bin/../lib/gcc/arm-none-eabi/6.3.1/../../../../arm-none-eabi/lib/thumb/v6-m\libc_nano.a(lib_a-fflush.o)
                0x0001cbe8                _fflush_r
 .text._lseek_r
                0x0001cc40       0x28 c:/program files (x86)/gnu tools arm embedded/6 2017-q2-update/bin/../lib/gcc/arm-none-eabi/6.3.1/../../../../arm-none-eabi/lib/thumb/v6-m\libc_nano.a(lib_a-lseekr.o)
                0x0001cc40                _lseek_r
 .text.__swhatbuf_r
                0x0001cc68       0x50 c:/program files (x86)/gnu tools arm embedded/6 2017-q2-update/bin/../lib/gcc/arm-none-eabi/6.3.1/../../../../arm-none-eabi/lib/thumb/v6-m\libc_nano.a(lib_a-makebuf.o)
                0x0001cc68                __swhatbuf_r
 .text.__smakebuf_r
                0x0001ccb8       0x88 c:/program files (x86)/gnu tools arm embedded/6 2017-q2-update/bin/../lib/gcc/arm-none-eabi/6.3.1/../../../../arm-none-eabi/lib/thumb/v6-m\libc_nano.a(lib_a-makebuf.o)
                0x0001ccb8                __smakebuf_r
 .text.memchr   0x0001cd40       0x16 c:/program files (x86)/gnu tools arm embedded/6 2017-q2-update/bin/../lib/gcc/arm-none-eabi/6.3.1/../../../../arm-none-eabi/lib/thumb/v6-m\libc_nano.a(lib_a-memchr-stub.o)
                0x0001cd40                memchr
 .text.memmove  0x0001cd56       0x24 c:/program files (x86)/gnu tools arm embedded/6 2017-q2-update/bin/../lib/gcc/arm-none-eabi/6.3.1/../../../../arm-none-eabi/lib/thumb/v6-m\libc_nano.a(lib_a-memmove.o)
                0x0001cd56                memmove
 .text.__malloc_lock
                0x0001cd7a        0x2 c:/program files (x86)/gnu tools arm embedded/6 2017-q2-update/bin/../lib/gcc/arm-none-eabi/6.3.1/../../../../arm-none-eabi/lib/thumb/v6-m\libc_nano.a(lib_a-mlock.o)
                0x0001cd7a                __malloc_lock
 .text.__malloc_unlock
                0x0001cd7c        0x2 c:/program files (x86)/gnu tools arm embedded/6 2017-q2-update/bin/../lib/gcc/arm-none-eabi/6.3.1/../../../../arm-none-eabi/lib/thumb/v6-m\libc_nano.a(lib_a-mlock.o)
                0x0001cd7c                __malloc_unlock
 *fill*         0x0001cd7e        0x2 
 .text._free_r  0x0001cd80       0x94 c:/program files (x86)/gnu tools arm embedded/6 2017-q2-update/bin/../lib/gcc/arm-none-eabi/6.3.1/../../../../arm-none-eabi/lib/thumb/v6-m\libc_nano.a(lib_a-nano-freer.o)
                0x0001cd80                _free_r
 .text._realloc_r
                0x0001ce14       0x4c c:/program files (x86)/gnu tools arm embedded/6 2017-q2-update/bin/../lib/gcc/arm-none-eabi/6.3.1/../../../../arm-none-eabi/lib/thumb/v6-m\libc_nano.a(lib_a-nano-reallocr.o)
                0x0001ce14                _realloc_r
 .text._read_r  0x0001ce60       0x28 c:/program files (x86)/gnu tools arm embedded/6 2017-q2-update/bin/../lib/gcc/arm-none-eabi/6.3.1/../../../../arm-none-eabi/lib/thumb/v6-m\libc_nano.a(lib_a-readr.o)
                0x0001ce60                _read_r
 .text._fstat_r
                0x0001ce88       0x24 c:/program files (x86)/gnu tools arm embedded/6 2017-q2-update/bin/../lib/gcc/arm-none-eabi/6.3.1/../../../../arm-none-eabi/lib/thumb/v6-m\libc_nano.a(lib_a-fstatr.o)
                0x0001ce88                _fstat_r
 .text._isatty_r
                0x0001ceac       0x24 c:/program files (x86)/gnu tools arm embedded/6 2017-q2-update/bin/../lib/gcc/arm-none-eabi/6.3.1/../../../../arm-none-eabi/lib/thumb/v6-m\libc_nano.a(lib_a-isattyr.o)
                0x0001ceac                _isatty_r
 .text._malloc_usable_size_r
                0x0001ced0       0x10 c:/program files (x86)/gnu tools arm embedded/6 2017-q2-update/bin/../lib/gcc/arm-none-eabi/6.3.1/../../../../arm-none-eabi/lib/thumb/v6-m\libc_nano.a(lib_a-nano-msizer.o)
                0x0001ced0                _malloc_usable_size_r
 .text._close   0x0001cee0       0x10 c:/program files (x86)/gnu tools arm embedded/6 2017-q2-update/bin/../lib/gcc/arm-none-eabi/6.3.1/../../../../arm-none-eabi/lib/thumb/v6-m\libnosys.a(close.o)
                0x0001cee0                _close
 .text._fstat   0x0001cef0       0x10 c:/program files (x86)/gnu tools arm embedded/6 2017-q2-update/bin/../lib/gcc/arm-none-eabi/6.3.1/../../../../arm-none-eabi/lib/thumb/v6-m\libnosys.a(fstat.o)
                0x0001cef0                _fstat
 .text._isatty  0x0001cf00       0x10 c:/program files (x86)/gnu tools arm embedded/6 2017-q2-update/bin/../lib/gcc/arm-none-eabi/6.3.1/../../../../arm-none-eabi/lib/thumb/v6-m\libnosys.a(isatty.o)
                0x0001cf00                _isatty
 .text._lseek   0x0001cf10       0x10 c:/program files (x86)/gnu tools arm embedded/6 2017-q2-update/bin/../lib/gcc/arm-none-eabi/6.3.1/../../../../arm-none-eabi/lib/thumb/v6-m\libnosys.a(lseek.o)
                0x0001cf10                _lseek
 .text._sbrk    0x0001cf20       0x1c c:/program files (x86)/gnu tools arm embedded/6 2017-q2-update/bin/../lib/gcc/arm-none-eabi/6.3.1/../../../../arm-none-eabi/lib/thumb/v6-m\libnosys.a(sbrk.o)
                0x0001cf20                _sbrk
 *(.init)
 .init          0x0001cf3c        0x4 c:/program files (x86)/gnu tools arm embedded/6 2017-q2-update/bin/../lib/gcc/arm-none-eabi/6.3.1/thumb/v6-m/crti.o
                0x0001cf3c                _init
 .init          0x0001cf40        0x8 c:/program files (x86)/gnu tools arm embedded/6 2017-q2-update/bin/../lib/gcc/arm-none-eabi/6.3.1/thumb/v6-m/crtn.o
 *(.fini)
 .fini          0x0001cf48        0x4 c:/program files (x86)/gnu tools arm embedded/6 2017-q2-update/bin/../lib/gcc/arm-none-eabi/6.3.1/thumb/v6-m/crti.o
                0x0001cf48                _fini
 .fini          0x0001cf4c        0x8 c:/program files (x86)/gnu tools arm embedded/6 2017-q2-update/bin/../lib/gcc/arm-none-eabi/6.3.1/thumb/v6-m/crtn.o
 *crtbegin.o(.ctors)
 *crtbegin?.o(.ctors)
 *(EXCLUDE_FILE(*crtend.o *crtend?.o) .ctors)
 *(SORT(.ctors.*))
 *(.ctors)
 *crtbegin.o(.dtors)
 *crtbegin?.o(.dtors)
 *(EXCLUDE_FILE(*crtend.o *crtend?.o) .dtors)
 *(SORT(.dtors.*))
 *(.dtors)
 *(.rodata*)
 .rodata._global_impure_ptr
                0x0001cf54        0x4 c:/program files (x86)/gnu tools arm embedded/6 2017-q2-update/bin/../lib/gcc/arm-none-eabi/6.3.1/../../../../arm-none-eabi/lib/thumb/v6-m\libc_nano.a(lib_a-impure.o)
                0x0001cf54                _global_impure_ptr
 .rodata.on_uart_event
                0x0001cf58       0x14 _build/app_uart_fifo.o
 .rodata.bsp_led_indication
                0x0001cf6c       0x60 _build/bsp.o
 .rodata.app_buttons
                0x0001cfcc       0x10 _build/bsp.o
 .rodata.m_buttons_list
                0x0001cfdc        0x8 _build/bsp.o
 .rodata        0x0001cfe4        0xc _build/main.o
 .rodata.gap_params_init.str1.4
                0x0001cff0       0x11 _build/main.o
 *fill*         0x0001d001        0x3 
 .rodata.main.str1.4
                0x0001d004       0x22 _build/main.o
 *fill*         0x0001d026        0x2 
 .rodata.rtc1_handler_function.str1.4
                0x0001d028       0x28 _build/main.o
                                 0x27 (size before relaxing)
 .rodata        0x0001d050       0x10 _build/ble_nus.o
 .rodata.__sf_fake_stderr
                0x0001d060       0x20 c:/program files (x86)/gnu tools arm embedded/6 2017-q2-update/bin/../lib/gcc/arm-none-eabi/6.3.1/../../../../arm-none-eabi/lib/thumb/v6-m\libc_nano.a(lib_a-findfp.o)
                0x0001d060                __sf_fake_stderr
 .rodata.__sf_fake_stdin
                0x0001d080       0x20 c:/program files (x86)/gnu tools arm embedded/6 2017-q2-update/bin/../lib/gcc/arm-none-eabi/6.3.1/../../../../arm-none-eabi/lib/thumb/v6-m\libc_nano.a(lib_a-findfp.o)
                0x0001d080                __sf_fake_stdin
 .rodata.__sf_fake_stdout
                0x0001d0a0       0x20 c:/program files (x86)/gnu tools arm embedded/6 2017-q2-update/bin/../lib/gcc/arm-none-eabi/6.3.1/../../../../arm-none-eabi/lib/thumb/v6-m\libc_nano.a(lib_a-findfp.o)
                0x0001d0a0                __sf_fake_stdout
 .rodata._svfprintf_r.str1.1
                0x0001d0c0       0x11 c:/program files (x86)/gnu tools arm embedded/6 2017-q2-update/bin/../lib/gcc/arm-none-eabi/6.3.1/../../../../arm-none-eabi/lib/thumb/v6-m\libc_nano.a(lib_a-nano-svfprintf.o)
 .rodata._vfprintf_r.str1.1
                0x0001d0d1       0x11 c:/program files (x86)/gnu tools arm embedded/6 2017-q2-update/bin/../lib/gcc/arm-none-eabi/6.3.1/../../../../arm-none-eabi/lib/thumb/v6-m\libc_nano.a(lib_a-nano-vfprintf.o)
 .rodata._printf_i.str1.1
                0x0001d0d1       0x22 c:/program files (x86)/gnu tools arm embedded/6 2017-q2-update/bin/../lib/gcc/arm-none-eabi/6.3.1/../../../../arm-none-eabi/lib/thumb/v6-m\libc_nano.a(lib_a-nano-vfprintf_i.o)
 *(.eh_frame*)
                0x0001d0f4                . = ALIGN (0x4)
 *fill*         0x0001d0f3        0x1 

.glue_7         0x0001d0f4        0x0
 .glue_7        0x0001d0f4        0x0 linker stubs

.glue_7t        0x0001d0f4        0x0
 .glue_7t       0x0001d0f4        0x0 linker stubs

.vfp11_veneer   0x0001d0f4        0x0
 .vfp11_veneer  0x0001d0f4        0x0 linker stubs

.v4_bx          0x0001d0f4        0x0
 .v4_bx         0x0001d0f4        0x0 linker stubs

.iplt           0x0001d0f4        0x0
 .iplt          0x0001d0f4        0x0 c:/program files (x86)/gnu tools arm embedded/6 2017-q2-update/bin/../lib/gcc/arm-none-eabi/6.3.1/thumb/v6-m/crtbegin.o

.ARM.extab      0x0001d0f4        0x0
 *(.ARM.extab* .gnu.linkonce.armextab.*)
                0x0001d0f4                . = ALIGN (0x4)
                0x0001d0f4                __exidx_start = .

.ARM.exidx      0x0001d0f4        0x8
 *(.ARM.exidx* .gnu.linkonce.armexidx.*)
 .ARM.exidx     0x0001d0f4        0x8 c:/program files (x86)/gnu tools arm embedded/6 2017-q2-update/bin/../lib/gcc/arm-none-eabi/6.3.1/../../../../arm-none-eabi/lib/thumb/v6-m/crt0.o
 .ARM.exidx     0x0001d0fc        0x0 _build/gcc_startup_nrf51.o
                                  0x8 (size before relaxing)
                0x0001d0fc                . = ALIGN (0x4)
                0x0001d0fc                __exidx_end = .
                0x0001d0fc                __etext = .

.rel.dyn        0x0001d0fc        0x0
 .rel.iplt      0x0001d0fc        0x0 c:/program files (x86)/gnu tools arm embedded/6 2017-q2-update/bin/../lib/gcc/arm-none-eabi/6.3.1/thumb/v6-m/crtbegin.o

.data           0x20002000       0x70 load address 0x0001d0fc
                0x20002000                __data_start__ = .
 *(vtable)
 *(.data*)
 .data._impure_ptr
                0x20002000        0x4 c:/program files (x86)/gnu tools arm embedded/6 2017-q2-update/bin/../lib/gcc/arm-none-eabi/6.3.1/../../../../arm-none-eabi/lib/thumb/v6-m\libc_nano.a(lib_a-impure.o)
                0x20002000                _impure_ptr
 .data.impure_data
                0x20002004       0x60 c:/program files (x86)/gnu tools arm embedded/6 2017-q2-update/bin/../lib/gcc/arm-none-eabi/6.3.1/../../../../arm-none-eabi/lib/thumb/v6-m\libc_nano.a(lib_a-impure.o)
 .data.m_instance_counter
                0x20002064        0x1 _build/app_uart_fifo.o
 *fill*         0x20002065        0x3 
 .data.m_adv_uuids
                0x20002068        0x4 _build/main.o
 .data.m_conn_handle
                0x2000206c        0x2 _build/main.o
 .data.current_slave_link_conn_handle.7233
                0x2000206e        0x2 _build/ble_advertising.o
                0x20002070                . = ALIGN (0x4)
                0x20002070                PROVIDE (__preinit_array_start, .)
 *(.preinit_array)
                0x20002070                PROVIDE (__preinit_array_end, .)
                0x20002070                . = ALIGN (0x4)
                0x20002070                PROVIDE (__init_array_start, .)
 *(SORT(.init_array.*))
 *(.init_array)
                0x20002070                PROVIDE (__init_array_end, .)
                0x20002070                . = ALIGN (0x4)
                [!provide]                PROVIDE (__fini_array_start, .)
 *(SORT(.fini_array.*))
 *(.fini_array)
                [!provide]                PROVIDE (__fini_array_end, .)
 *(.jcr)
                0x20002070                . = ALIGN (0x4)
                0x20002070                __data_end__ = .

.igot.plt       0x20002070        0x0 load address 0x0001d16c
 .igot.plt      0x20002070        0x0 c:/program files (x86)/gnu tools arm embedded/6 2017-q2-update/bin/../lib/gcc/arm-none-eabi/6.3.1/thumb/v6-m/crtbegin.o

.bss            0x20002070      0x8a0 load address 0x0001d16c
                0x20002070                . = ALIGN (0x4)
                0x20002070                __bss_start__ = .
 *(.bss*)
 .bss.m_button_count
                0x20002070        0x1 _build/app_button.o
 *fill*         0x20002071        0x3 
 .bss.m_detection_delay
                0x20002074        0x4 _build/app_button.o
 .bss.m_detection_delay_timer_id
                0x20002078        0x4 _build/app_button.o
 .bss.m_pin_state
                0x2000207c        0x4 _build/app_button.o
 .bss.m_pin_transition
                0x20002080        0x4 _build/app_button.o
 .bss.mp_buttons
                0x20002084        0x4 _build/app_button.o
 .bss.m_evt_schedule_func
                0x20002088        0x4 _build/app_timer.o
 .bss.m_node_array_size
                0x2000208c        0x1 _build/app_timer.o
 .bss.m_rtc1_reset
                0x2000208d        0x1 _build/app_timer.o
 .bss.m_rtc1_running
                0x2000208e        0x1 _build/app_timer.o
 *fill*         0x2000208f        0x1 
 .bss.m_ticks_elapsed
                0x20002090        0x8 _build/app_timer.o
 .bss.m_ticks_elapsed_q_read_ind
                0x20002098        0x1 _build/app_timer.o
 .bss.m_ticks_elapsed_q_write_ind
                0x20002099        0x1 _build/app_timer.o
 *fill*         0x2000209a        0x2 
 .bss.m_ticks_latest
                0x2000209c        0x4 _build/app_timer.o
 .bss.m_timer_id_head
                0x200020a0        0x4 _build/app_timer.o
 .bss.m_user_array_size
                0x200020a4        0x1 _build/app_timer.o
 *fill*         0x200020a5        0x3 
 .bss.mp_nodes  0x200020a8        0x4 _build/app_timer.o
 .bss.mp_users  0x200020ac        0x4 _build/app_timer.o
 .bss.m_current_state
                0x200020b0        0x1 _build/app_uart_fifo.o
 *fill*         0x200020b1        0x3 
 .bss.m_event_handler
                0x200020b4        0x4 _build/app_uart_fifo.o
 .bss.m_rx_fifo
                0x200020b8       0x10 _build/app_uart_fifo.o
 .bss.m_tx_fifo
                0x200020c8       0x10 _build/app_uart_fifo.o
 .bss.m_cb      0x200020d8       0x54 _build/nrf_drv_gpiote.o
 .bss.m_cmd_queue
                0x2000212c       0xcc _build/pstorage.o
 .bss.m_module_initialized
                0x200021f8        0x1 _build/pstorage.o
 .bss.current_long_push_pin_no.5979
                0x200021f9        0x1 _build/bsp.o
 *fill*         0x200021fa        0x2 
 .bss.m_alert_timer_id
                0x200021fc        0x4 _build/bsp.o
 .bss.m_app_ticks_per_100ms
                0x20002200        0x4 _build/bsp.o
 .bss.m_button_timer_id
                0x20002204        0x4 _build/bsp.o
 .bss.m_events_list
                0x20002208        0x6 _build/bsp.o
 *fill*         0x2000220e        0x2 
 .bss.m_indication_type
                0x20002210        0x4 _build/bsp.o
 .bss.m_leds_timer_id
                0x20002214        0x4 _build/bsp.o
 .bss.m_registered_callback
                0x20002218        0x4 _build/bsp.o
 .bss.m_stable_state
                0x2000221c        0x1 _build/bsp.o
 *fill*         0x2000221d        0x3 
 .bss.release_event_at_push.5980
                0x20002220        0x2 _build/bsp.o
 *fill*         0x20002222        0x2 
 .bss.m_error_handler
                0x20002224        0x4 _build/bsp_btn_ble.o
 .bss.m_num_connections
                0x20002228        0x4 _build/bsp_btn_ble.o
 .bss.APP_TIMER_BUF.8636
                0x2000222c      0x2b8 _build/main.o
 .bss.BLE_EVT_BUFFER.8571
                0x200024e4       0x48 _build/main.o
 .bss.compteurCycles
                0x2000252c        0x1 _build/main.o
 *fill*         0x2000252d        0x3 
 .bss.compteurRTC
                0x20002530        0x4 _build/main.o
 .bss.data      0x20002534       0x14 _build/main.o
 .bss.data_array.8591
                0x20002548       0x14 _build/main.o
 .bss.debutReception
                0x2000255c        0x4 _build/main.o
 .bss.dureeReception
                0x20002560        0x4 _build/main.o
 .bss.fin_reception_b
                0x20002564        0x4 _build/main.o
 .bss.index.8592
                0x20002568        0x1 _build/main.o
 *fill*         0x20002569        0x3 
 .bss.m_nus     0x2000256c       0x24 _build/main.o
 .bss.rtc1_handler
                0x20002590        0x4 _build/main.o
 .bss.rx_buf.8607
                0x20002594      0x100 _build/main.o
 .bss.tx_buf.8608
                0x20002694      0x100 _build/main.o
 .bss.m_adv_evt
                0x20002794        0x1 _build/ble_advertising.o
 .bss.m_adv_mode_current
                0x20002795        0x1 _build/ble_advertising.o
 *fill*         0x20002796        0x2 
 .bss.m_adv_modes_config
                0x20002798       0x20 _build/ble_advertising.o
 .bss.m_advdata
                0x200027b8       0x30 _build/ble_advertising.o
 .bss.m_advertising_start_pending
                0x200027e8        0x1 _build/ble_advertising.o
 .bss.m_direct_adv_cnt
                0x200027e9        0x1 _build/ble_advertising.o
 *fill*         0x200027ea        0x2 
 .bss.m_error_handler
                0x200027ec        0x4 _build/ble_advertising.o
 .bss.m_evt_handler
                0x200027f0        0x4 _build/ble_advertising.o
 .bss.m_manuf_data_array
                0x200027f4       0x1f _build/ble_advertising.o
 *fill*         0x20002813        0x1 
 .bss.m_manuf_specific_data
                0x20002814        0xc _build/ble_advertising.o
 .bss.m_peer_addr_reply_expected
                0x20002820        0x1 _build/ble_advertising.o
 *fill*         0x20002821        0x3 
 .bss.m_peer_address
                0x20002824        0x7 _build/ble_advertising.o
 *fill*         0x2000282b        0x1 
 .bss.m_service_data
                0x2000282c        0xc _build/ble_advertising.o
 .bss.m_service_data_array
                0x20002838       0x1f _build/ble_advertising.o
 *fill*         0x20002857        0x1 
 .bss.m_slave_conn_int
                0x20002858        0x4 _build/ble_advertising.o
 .bss.m_tx_power_level
                0x2000285c        0x1 _build/ble_advertising.o
 *fill*         0x2000285d        0x3 
 .bss.m_whitelist
                0x20002860       0x10 _build/ble_advertising.o
 .bss.m_whitelist_reply_expected
                0x20002870        0x1 _build/ble_advertising.o
 .bss.m_whitelist_temporarily_disabled
                0x20002871        0x1 _build/ble_advertising.o
 *fill*         0x20002872        0x2 
 .bss.mp_whitelist_addr
                0x20002874       0x20 _build/ble_advertising.o
 .bss.mp_whitelist_irk
                0x20002894       0x20 _build/ble_advertising.o
 .bss.m_change_param
                0x200028b4        0x1 _build/ble_conn_params.o
 *fill*         0x200028b5        0x1 
 .bss.m_conn_handle
                0x200028b6        0x2 _build/ble_conn_params.o
 .bss.m_conn_params_config
                0x200028b8       0x1c _build/ble_conn_params.o
 .bss.m_conn_params_timer_id
                0x200028d4        0x4 _build/ble_conn_params.o
 .bss.m_current_conn_params
                0x200028d8        0x8 _build/ble_conn_params.o
 .bss.m_preferred_conn_params
                0x200028e0        0x8 _build/ble_conn_params.o
 .bss.m_update_count
                0x200028e8        0x1 _build/ble_conn_params.o
 *fill*         0x200028e9        0x1 
 .bss.m_ble_evt_buffer_size
                0x200028ea        0x2 _build/softdevice_handler.o
 .bss.m_ble_evt_handler
                0x200028ec        0x4 _build/softdevice_handler.o
 .bss.m_evt_schedule_func
                0x200028f0        0x4 _build/softdevice_handler.o
 .bss.m_softdevice_enabled
                0x200028f4        0x1 _build/softdevice_handler.o
 *fill*         0x200028f5        0x3 
 .bss.m_sys_evt_handler
                0x200028f8        0x4 _build/softdevice_handler.o
 .bss.mp_ble_evt_buffer
                0x200028fc        0x4 _build/softdevice_handler.o
 .bss.__malloc_free_list
                0x20002900        0x4 c:/program files (x86)/gnu tools arm embedded/6 2017-q2-update/bin/../lib/gcc/arm-none-eabi/6.3.1/../../../../arm-none-eabi/lib/thumb/v6-m\libc_nano.a(lib_a-nano-mallocr.o)
                0x20002900                __malloc_free_list
 .bss.__malloc_sbrk_start
                0x20002904        0x4 c:/program files (x86)/gnu tools arm embedded/6 2017-q2-update/bin/../lib/gcc/arm-none-eabi/6.3.1/../../../../arm-none-eabi/lib/thumb/v6-m\libc_nano.a(lib_a-nano-mallocr.o)
                0x20002904                __malloc_sbrk_start
 .bss.heap_end.4116
                0x20002908        0x4 c:/program files (x86)/gnu tools arm embedded/6 2017-q2-update/bin/../lib/gcc/arm-none-eabi/6.3.1/../../../../arm-none-eabi/lib/thumb/v6-m\libnosys.a(sbrk.o)
 *(COMMON)
 COMMON         0x2000290c        0x4 c:/program files (x86)/gnu tools arm embedded/6 2017-q2-update/bin/../lib/gcc/arm-none-eabi/6.3.1/../../../../arm-none-eabi/lib/thumb/v6-m\libc_nano.a(lib_a-reent.o)
                0x2000290c                errno
                0x20002910                . = ALIGN (0x4)
                0x20002910                __bss_end__ = .

.heap           0x20002910      0x800
                0x20002910                __end__ = .
                0x20002910                end = __end__
 *(.heap*)
 .heap          0x20002910      0x800 _build/gcc_startup_nrf51.o
                0x20002910                __HeapBase
                0x20003110                __HeapLimit = .

.stack_dummy    0x20002910      0x800
 *(.stack*)
 .stack         0x20002910      0x800 _build/gcc_startup_nrf51.o
                0x20008000                __StackTop = (ORIGIN (RAM) + LENGTH (RAM))
                0x20007800                __StackLimit = (__StackTop - SIZEOF (.stack_dummy))
                0x20008000                PROVIDE (__stack, __StackTop)
                0x00000001                ASSERT ((__StackLimit >= __HeapLimit), region RAM overflowed with stack)
OUTPUT(_build/nrf51422_xxac_s110.out elf32-littlearm)

.ARM.attributes
                0x00000000       0x28
 .ARM.attributes
                0x00000000       0x1e c:/program files (x86)/gnu tools arm embedded/6 2017-q2-update/bin/../lib/gcc/arm-none-eabi/6.3.1/thumb/v6-m/crti.o
 .ARM.attributes
                0x0000001e       0x1b c:/program files (x86)/gnu tools arm embedded/6 2017-q2-update/bin/../lib/gcc/arm-none-eabi/6.3.1/../../../../arm-none-eabi/lib/thumb/v6-m/crt0.o
 .ARM.attributes
                0x00000039       0x2c c:/program files (x86)/gnu tools arm embedded/6 2017-q2-update/bin/../lib/gcc/arm-none-eabi/6.3.1/../../../../arm-none-eabi/lib/thumb/v6-m\libc_nano.a(lib_a-exit.o)
 .ARM.attributes
                0x00000065       0x2c c:/program files (x86)/gnu tools arm embedded/6 2017-q2-update/bin/../lib/gcc/arm-none-eabi/6.3.1/../../../../arm-none-eabi/lib/thumb/v6-m\libc_nano.a(lib_a-impure.o)
 .ARM.attributes
                0x00000091       0x2c c:/program files (x86)/gnu tools arm embedded/6 2017-q2-update/bin/../lib/gcc/arm-none-eabi/6.3.1/../../../../arm-none-eabi/lib/thumb/v6-m\libc_nano.a(lib_a-init.o)
 .ARM.attributes
                0x000000bd       0x2c c:/program files (x86)/gnu tools arm embedded/6 2017-q2-update/bin/../lib/gcc/arm-none-eabi/6.3.1/../../../../arm-none-eabi/lib/thumb/v6-m\libc_nano.a(lib_a-memset.o)
 .ARM.attributes
                0x000000e9       0x2c c:/program files (x86)/gnu tools arm embedded/6 2017-q2-update/bin/../lib/gcc/arm-none-eabi/6.3.1/../../../../arm-none-eabi/lib/thumb/v6-m\libnosys.a(_exit.o)
 .ARM.attributes
                0x00000115       0x31 _build/app_button.o
 .ARM.attributes
                0x00000146       0x31 _build/app_error.o
 .ARM.attributes
                0x00000177       0x31 _build/app_fifo.o
 .ARM.attributes
                0x000001a8       0x31 _build/app_timer.o
 .ARM.attributes
                0x000001d9       0x31 _build/retarget.o
 .ARM.attributes
                0x0000020a       0x31 _build/app_uart_fifo.o
 .ARM.attributes
                0x0000023b       0x31 _build/nrf_drv_common.o
 .ARM.attributes
                0x0000026c       0x31 _build/nrf_drv_gpiote.o
 .ARM.attributes
                0x0000029d       0x31 _build/pstorage.o
 .ARM.attributes
                0x000002ce       0x31 _build/bsp.o
 .ARM.attributes
                0x000002ff       0x31 _build/bsp_btn_ble.o
 .ARM.attributes
                0x00000330       0x31 _build/main.o
 .ARM.attributes
                0x00000361       0x31 _build/ble_advdata.o
 .ARM.attributes
                0x00000392       0x31 _build/ble_advertising.o
 .ARM.attributes
                0x000003c3       0x31 _build/ble_conn_params.o
 .ARM.attributes
                0x000003f4       0x31 _build/ble_nus.o
 .ARM.attributes
                0x00000425       0x31 _build/system_nrf51.o
 .ARM.attributes
                0x00000456       0x31 _build/softdevice_handler.o
 .ARM.attributes
                0x00000487       0x1b _build/gcc_startup_nrf51.o
 .ARM.attributes
                0x000004a2       0x1e c:/program files (x86)/gnu tools arm embedded/6 2017-q2-update/bin/../lib/gcc/arm-none-eabi/6.3.1/thumb/v6-m\libgcc.a(_udivsi3.o)
 .ARM.attributes
                0x000004c0       0x1e c:/program files (x86)/gnu tools arm embedded/6 2017-q2-update/bin/../lib/gcc/arm-none-eabi/6.3.1/thumb/v6-m\libgcc.a(_dvmd_tls.o)
 .ARM.attributes
                0x000004de       0x2c c:/program files (x86)/gnu tools arm embedded/6 2017-q2-update/bin/../lib/gcc/arm-none-eabi/6.3.1/../../../../arm-none-eabi/lib/thumb/v6-m\libc_nano.a(lib_a-memcpy-stub.o)
 .ARM.attributes
                0x0000050a       0x2c c:/program files (x86)/gnu tools arm embedded/6 2017-q2-update/bin/../lib/gcc/arm-none-eabi/6.3.1/../../../../arm-none-eabi/lib/thumb/v6-m\libc_nano.a(lib_a-printf.o)
 .ARM.attributes
                0x00000536       0x2c c:/program files (x86)/gnu tools arm embedded/6 2017-q2-update/bin/../lib/gcc/arm-none-eabi/6.3.1/../../../../arm-none-eabi/lib/thumb/v6-m\libc_nano.a(lib_a-sprintf.o)
 .ARM.attributes
                0x00000562       0x1c c:/program files (x86)/gnu tools arm embedded/6 2017-q2-update/bin/../lib/gcc/arm-none-eabi/6.3.1/../../../../arm-none-eabi/lib/thumb/v6-m\libc_nano.a(lib_a-strlen.o)
 .ARM.attributes
                0x0000057e       0x2c c:/program files (x86)/gnu tools arm embedded/6 2017-q2-update/bin/../lib/gcc/arm-none-eabi/6.3.1/../../../../arm-none-eabi/lib/thumb/v6-m\libc_nano.a(lib_a-findfp.o)
 .ARM.attributes
                0x000005aa       0x2c c:/program files (x86)/gnu tools arm embedded/6 2017-q2-update/bin/../lib/gcc/arm-none-eabi/6.3.1/../../../../arm-none-eabi/lib/thumb/v6-m\libc_nano.a(lib_a-fwalk.o)
 .ARM.attributes
                0x000005d6       0x2c c:/program files (x86)/gnu tools arm embedded/6 2017-q2-update/bin/../lib/gcc/arm-none-eabi/6.3.1/../../../../arm-none-eabi/lib/thumb/v6-m\libc_nano.a(lib_a-nano-mallocr.o)
 .ARM.attributes
                0x00000602       0x2c c:/program files (x86)/gnu tools arm embedded/6 2017-q2-update/bin/../lib/gcc/arm-none-eabi/6.3.1/../../../../arm-none-eabi/lib/thumb/v6-m\libc_nano.a(lib_a-nano-svfprintf.o)
 .ARM.attributes
                0x0000062e       0x2c c:/program files (x86)/gnu tools arm embedded/6 2017-q2-update/bin/../lib/gcc/arm-none-eabi/6.3.1/../../../../arm-none-eabi/lib/thumb/v6-m\libc_nano.a(lib_a-nano-vfprintf.o)
 .ARM.attributes
                0x0000065a       0x2c c:/program files (x86)/gnu tools arm embedded/6 2017-q2-update/bin/../lib/gcc/arm-none-eabi/6.3.1/../../../../arm-none-eabi/lib/thumb/v6-m\libc_nano.a(lib_a-nano-vfprintf_i.o)
 .ARM.attributes
                0x00000686       0x2c c:/program files (x86)/gnu tools arm embedded/6 2017-q2-update/bin/../lib/gcc/arm-none-eabi/6.3.1/../../../../arm-none-eabi/lib/thumb/v6-m\libc_nano.a(lib_a-sbrkr.o)
 .ARM.attributes
                0x000006b2       0x2c c:/program files (x86)/gnu tools arm embedded/6 2017-q2-update/bin/../lib/gcc/arm-none-eabi/6.3.1/../../../../arm-none-eabi/lib/thumb/v6-m\libc_nano.a(lib_a-stdio.o)
 .ARM.attributes
                0x000006de       0x2c c:/program files (x86)/gnu tools arm embedded/6 2017-q2-update/bin/../lib/gcc/arm-none-eabi/6.3.1/../../../../arm-none-eabi/lib/thumb/v6-m\libc_nano.a(lib_a-wbuf.o)
 .ARM.attributes
                0x0000070a       0x2c c:/program files (x86)/gnu tools arm embedded/6 2017-q2-update/bin/../lib/gcc/arm-none-eabi/6.3.1/../../../../arm-none-eabi/lib/thumb/v6-m\libc_nano.a(lib_a-writer.o)
 .ARM.attributes
                0x00000736       0x2c c:/program files (x86)/gnu tools arm embedded/6 2017-q2-update/bin/../lib/gcc/arm-none-eabi/6.3.1/../../../../arm-none-eabi/lib/thumb/v6-m\libc_nano.a(lib_a-wsetup.o)
 .ARM.attributes
                0x00000762       0x2c c:/program files (x86)/gnu tools arm embedded/6 2017-q2-update/bin/../lib/gcc/arm-none-eabi/6.3.1/../../../../arm-none-eabi/lib/thumb/v6-m\libc_nano.a(lib_a-closer.o)
 .ARM.attributes
                0x0000078e       0x2c c:/program files (x86)/gnu tools arm embedded/6 2017-q2-update/bin/../lib/gcc/arm-none-eabi/6.3.1/../../../../arm-none-eabi/lib/thumb/v6-m\libc_nano.a(lib_a-fflush.o)
 .ARM.attributes
                0x000007ba       0x2c c:/program files (x86)/gnu tools arm embedded/6 2017-q2-update/bin/../lib/gcc/arm-none-eabi/6.3.1/../../../../arm-none-eabi/lib/thumb/v6-m\libc_nano.a(lib_a-lseekr.o)
 .ARM.attributes
                0x000007e6       0x2c c:/program files (x86)/gnu tools arm embedded/6 2017-q2-update/bin/../lib/gcc/arm-none-eabi/6.3.1/../../../../arm-none-eabi/lib/thumb/v6-m\libc_nano.a(lib_a-makebuf.o)
 .ARM.attributes
                0x00000812       0x2c c:/program files (x86)/gnu tools arm embedded/6 2017-q2-update/bin/../lib/gcc/arm-none-eabi/6.3.1/../../../../arm-none-eabi/lib/thumb/v6-m\libc_nano.a(lib_a-memchr-stub.o)
 .ARM.attributes
                0x0000083e       0x2c c:/program files (x86)/gnu tools arm embedded/6 2017-q2-update/bin/../lib/gcc/arm-none-eabi/6.3.1/../../../../arm-none-eabi/lib/thumb/v6-m\libc_nano.a(lib_a-memmove.o)
 .ARM.attributes
                0x0000086a       0x2c c:/program files (x86)/gnu tools arm embedded/6 2017-q2-update/bin/../lib/gcc/arm-none-eabi/6.3.1/../../../../arm-none-eabi/lib/thumb/v6-m\libc_nano.a(lib_a-mlock.o)
 .ARM.attributes
                0x00000896       0x2c c:/program files (x86)/gnu tools arm embedded/6 2017-q2-update/bin/../lib/gcc/arm-none-eabi/6.3.1/../../../../arm-none-eabi/lib/thumb/v6-m\libc_nano.a(lib_a-nano-freer.o)
 .ARM.attributes
                0x000008c2       0x2c c:/program files (x86)/gnu tools arm embedded/6 2017-q2-update/bin/../lib/gcc/arm-none-eabi/6.3.1/../../../../arm-none-eabi/lib/thumb/v6-m\libc_nano.a(lib_a-nano-reallocr.o)
 .ARM.attributes
                0x000008ee       0x2c c:/program files (x86)/gnu tools arm embedded/6 2017-q2-update/bin/../lib/gcc/arm-none-eabi/6.3.1/../../../../arm-none-eabi/lib/thumb/v6-m\libc_nano.a(lib_a-readr.o)
 .ARM.attributes
                0x0000091a       0x2c c:/program files (x86)/gnu tools arm embedded/6 2017-q2-update/bin/../lib/gcc/arm-none-eabi/6.3.1/../../../../arm-none-eabi/lib/thumb/v6-m\libc_nano.a(lib_a-reent.o)
 .ARM.attributes
                0x00000946       0x2c c:/program files (x86)/gnu tools arm embedded/6 2017-q2-update/bin/../lib/gcc/arm-none-eabi/6.3.1/../../../../arm-none-eabi/lib/thumb/v6-m\libc_nano.a(lib_a-fstatr.o)
 .ARM.attributes
                0x00000972       0x2c c:/program files (x86)/gnu tools arm embedded/6 2017-q2-update/bin/../lib/gcc/arm-none-eabi/6.3.1/../../../../arm-none-eabi/lib/thumb/v6-m\libc_nano.a(lib_a-isattyr.o)
 .ARM.attributes
                0x0000099e       0x2c c:/program files (x86)/gnu tools arm embedded/6 2017-q2-update/bin/../lib/gcc/arm-none-eabi/6.3.1/../../../../arm-none-eabi/lib/thumb/v6-m\libc_nano.a(lib_a-nano-msizer.o)
 .ARM.attributes
                0x000009ca       0x1e c:/program files (x86)/gnu tools arm embedded/6 2017-q2-update/bin/../lib/gcc/arm-none-eabi/6.3.1/thumb/v6-m/crtn.o
 .ARM.attributes
                0x000009e8       0x2c c:/program files (x86)/gnu tools arm embedded/6 2017-q2-update/bin/../lib/gcc/arm-none-eabi/6.3.1/../../../../arm-none-eabi/lib/thumb/v6-m\libnosys.a(close.o)
 .ARM.attributes
                0x00000a14       0x2c c:/program files (x86)/gnu tools arm embedded/6 2017-q2-update/bin/../lib/gcc/arm-none-eabi/6.3.1/../../../../arm-none-eabi/lib/thumb/v6-m\libnosys.a(fstat.o)
 .ARM.attributes
                0x00000a40       0x2c c:/program files (x86)/gnu tools arm embedded/6 2017-q2-update/bin/../lib/gcc/arm-none-eabi/6.3.1/../../../../arm-none-eabi/lib/thumb/v6-m\libnosys.a(isatty.o)
 .ARM.attributes
                0x00000a6c       0x2c c:/program files (x86)/gnu tools arm embedded/6 2017-q2-update/bin/../lib/gcc/arm-none-eabi/6.3.1/../../../../arm-none-eabi/lib/thumb/v6-m\libnosys.a(lseek.o)
 .ARM.attributes
                0x00000a98       0x2c c:/program files (x86)/gnu tools arm embedded/6 2017-q2-update/bin/../lib/gcc/arm-none-eabi/6.3.1/../../../../arm-none-eabi/lib/thumb/v6-m\libnosys.a(sbrk.o)

.comment        0x00000000       0x7f
 .comment       0x00000000       0x7f _build/app_button.o
                                 0x80 (size before relaxing)
 .comment       0x0000007f       0x80 _build/app_error.o
 .comment       0x0000007f       0x80 _build/app_fifo.o
 .comment       0x0000007f       0x80 _build/app_timer.o
 .comment       0x0000007f       0x80 _build/retarget.o
 .comment       0x0000007f       0x80 _build/app_uart_fifo.o
 .comment       0x0000007f       0x80 _build/nrf_drv_common.o
 .comment       0x0000007f       0x80 _build/nrf_drv_gpiote.o
 .comment       0x0000007f       0x80 _build/pstorage.o
 .comment       0x0000007f       0x80 _build/bsp.o
 .comment       0x0000007f       0x80 _build/bsp_btn_ble.o
 .comment       0x0000007f       0x80 _build/main.o
 .comment       0x0000007f       0x80 _build/ble_advdata.o
 .comment       0x0000007f       0x80 _build/ble_advertising.o
 .comment       0x0000007f       0x80 _build/ble_conn_params.o
 .comment       0x0000007f       0x80 _build/ble_nus.o
 .comment       0x0000007f       0x80 _build/system_nrf51.o
 .comment       0x0000007f       0x80 _build/softdevice_handler.o

.debug_frame    0x00000000     0x1fb0
 .debug_frame   0x00000000       0x28 c:/program files (x86)/gnu tools arm embedded/6 2017-q2-update/bin/../lib/gcc/arm-none-eabi/6.3.1/../../../../arm-none-eabi/lib/thumb/v6-m\libc_nano.a(lib_a-exit.o)
 .debug_frame   0x00000028       0x2c c:/program files (x86)/gnu tools arm embedded/6 2017-q2-update/bin/../lib/gcc/arm-none-eabi/6.3.1/../../../../arm-none-eabi/lib/thumb/v6-m\libc_nano.a(lib_a-init.o)
 .debug_frame   0x00000054       0x20 c:/program files (x86)/gnu tools arm embedded/6 2017-q2-update/bin/../lib/gcc/arm-none-eabi/6.3.1/../../../../arm-none-eabi/lib/thumb/v6-m\libc_nano.a(lib_a-memset.o)
 .debug_frame   0x00000074       0x20 c:/program files (x86)/gnu tools arm embedded/6 2017-q2-update/bin/../lib/gcc/arm-none-eabi/6.3.1/../../../../arm-none-eabi/lib/thumb/v6-m\libnosys.a(_exit.o)
 .debug_frame   0x00000094       0xb4 _build/app_button.o
 .debug_frame   0x00000148       0x20 _build/app_error.o
 .debug_frame   0x00000168       0x50 _build/app_fifo.o
 .debug_frame   0x000001b8      0x2f0 _build/app_timer.o
 .debug_frame   0x000004a8       0x44 _build/retarget.o
 .debug_frame   0x000004ec      0x1f8 _build/app_uart_fifo.o
 .debug_frame   0x000006e4       0x30 _build/nrf_drv_common.o
 .debug_frame   0x00000714      0x204 _build/nrf_drv_gpiote.o
 .debug_frame   0x00000918      0x224 _build/pstorage.o
 .debug_frame   0x00000b3c      0x160 _build/bsp.o
 .debug_frame   0x00000c9c       0xa4 _build/bsp_btn_ble.o
 .debug_frame   0x00000d40      0x284 _build/main.o
 .debug_frame   0x00000fc4      0x1c4 _build/ble_advdata.o
 .debug_frame   0x00001188      0x118 _build/ble_advertising.o
 .debug_frame   0x000012a0      0x158 _build/ble_conn_params.o
 .debug_frame   0x000013f8      0x180 _build/ble_nus.o
 .debug_frame   0x00001578       0x58 _build/system_nrf51.o
 .debug_frame   0x000015d0      0x100 _build/softdevice_handler.o
 .debug_frame   0x000016d0       0x20 c:/program files (x86)/gnu tools arm embedded/6 2017-q2-update/bin/../lib/gcc/arm-none-eabi/6.3.1/thumb/v6-m\libgcc.a(_udivsi3.o)
 .debug_frame   0x000016f0       0x28 c:/program files (x86)/gnu tools arm embedded/6 2017-q2-update/bin/../lib/gcc/arm-none-eabi/6.3.1/../../../../arm-none-eabi/lib/thumb/v6-m\libc_nano.a(lib_a-memcpy-stub.o)
 .debug_frame   0x00001718       0x50 c:/program files (x86)/gnu tools arm embedded/6 2017-q2-update/bin/../lib/gcc/arm-none-eabi/6.3.1/../../../../arm-none-eabi/lib/thumb/v6-m\libc_nano.a(lib_a-printf.o)
 .debug_frame   0x00001768       0x50 c:/program files (x86)/gnu tools arm embedded/6 2017-q2-update/bin/../lib/gcc/arm-none-eabi/6.3.1/../../../../arm-none-eabi/lib/thumb/v6-m\libc_nano.a(lib_a-sprintf.o)
 .debug_frame   0x000017b8      0x140 c:/program files (x86)/gnu tools arm embedded/6 2017-q2-update/bin/../lib/gcc/arm-none-eabi/6.3.1/../../../../arm-none-eabi/lib/thumb/v6-m\libc_nano.a(lib_a-findfp.o)
 .debug_frame   0x000018f8       0x58 c:/program files (x86)/gnu tools arm embedded/6 2017-q2-update/bin/../lib/gcc/arm-none-eabi/6.3.1/../../../../arm-none-eabi/lib/thumb/v6-m\libc_nano.a(lib_a-fwalk.o)
 .debug_frame   0x00001950       0x2c c:/program files (x86)/gnu tools arm embedded/6 2017-q2-update/bin/../lib/gcc/arm-none-eabi/6.3.1/../../../../arm-none-eabi/lib/thumb/v6-m\libc_nano.a(lib_a-nano-mallocr.o)
 .debug_frame   0x0000197c       0x74 c:/program files (x86)/gnu tools arm embedded/6 2017-q2-update/bin/../lib/gcc/arm-none-eabi/6.3.1/../../../../arm-none-eabi/lib/thumb/v6-m\libc_nano.a(lib_a-nano-svfprintf.o)
 .debug_frame   0x000019f0       0x9c c:/program files (x86)/gnu tools arm embedded/6 2017-q2-update/bin/../lib/gcc/arm-none-eabi/6.3.1/../../../../arm-none-eabi/lib/thumb/v6-m\libc_nano.a(lib_a-nano-vfprintf.o)
 .debug_frame   0x00001a8c       0x54 c:/program files (x86)/gnu tools arm embedded/6 2017-q2-update/bin/../lib/gcc/arm-none-eabi/6.3.1/../../../../arm-none-eabi/lib/thumb/v6-m\libc_nano.a(lib_a-nano-vfprintf_i.o)
 .debug_frame   0x00001ae0       0x2c c:/program files (x86)/gnu tools arm embedded/6 2017-q2-update/bin/../lib/gcc/arm-none-eabi/6.3.1/../../../../arm-none-eabi/lib/thumb/v6-m\libc_nano.a(lib_a-sbrkr.o)
 .debug_frame   0x00001b0c       0x90 c:/program files (x86)/gnu tools arm embedded/6 2017-q2-update/bin/../lib/gcc/arm-none-eabi/6.3.1/../../../../arm-none-eabi/lib/thumb/v6-m\libc_nano.a(lib_a-stdio.o)
 .debug_frame   0x00001b9c       0x48 c:/program files (x86)/gnu tools arm embedded/6 2017-q2-update/bin/../lib/gcc/arm-none-eabi/6.3.1/../../../../arm-none-eabi/lib/thumb/v6-m\libc_nano.a(lib_a-wbuf.o)
 .debug_frame   0x00001be4       0x2c c:/program files (x86)/gnu tools arm embedded/6 2017-q2-update/bin/../lib/gcc/arm-none-eabi/6.3.1/../../../../arm-none-eabi/lib/thumb/v6-m\libc_nano.a(lib_a-writer.o)
 .debug_frame   0x00001c10       0x2c c:/program files (x86)/gnu tools arm embedded/6 2017-q2-update/bin/../lib/gcc/arm-none-eabi/6.3.1/../../../../arm-none-eabi/lib/thumb/v6-m\libc_nano.a(lib_a-wsetup.o)
 .debug_frame   0x00001c3c       0x2c c:/program files (x86)/gnu tools arm embedded/6 2017-q2-update/bin/../lib/gcc/arm-none-eabi/6.3.1/../../../../arm-none-eabi/lib/thumb/v6-m\libc_nano.a(lib_a-closer.o)
 .debug_frame   0x00001c68       0x68 c:/program files (x86)/gnu tools arm embedded/6 2017-q2-update/bin/../lib/gcc/arm-none-eabi/6.3.1/../../../../arm-none-eabi/lib/thumb/v6-m\libc_nano.a(lib_a-fflush.o)
 .debug_frame   0x00001cd0       0x2c c:/program files (x86)/gnu tools arm embedded/6 2017-q2-update/bin/../lib/gcc/arm-none-eabi/6.3.1/../../../../arm-none-eabi/lib/thumb/v6-m\libc_nano.a(lib_a-lseekr.o)
 .debug_frame   0x00001cfc       0x54 c:/program files (x86)/gnu tools arm embedded/6 2017-q2-update/bin/../lib/gcc/arm-none-eabi/6.3.1/../../../../arm-none-eabi/lib/thumb/v6-m\libc_nano.a(lib_a-makebuf.o)
 .debug_frame   0x00001d50       0x20 c:/program files (x86)/gnu tools arm embedded/6 2017-q2-update/bin/../lib/gcc/arm-none-eabi/6.3.1/../../../../arm-none-eabi/lib/thumb/v6-m\libc_nano.a(lib_a-memchr-stub.o)
 .debug_frame   0x00001d70       0x28 c:/program files (x86)/gnu tools arm embedded/6 2017-q2-update/bin/../lib/gcc/arm-none-eabi/6.3.1/../../../../arm-none-eabi/lib/thumb/v6-m\libc_nano.a(lib_a-memmove.o)
 .debug_frame   0x00001d98       0x30 c:/program files (x86)/gnu tools arm embedded/6 2017-q2-update/bin/../lib/gcc/arm-none-eabi/6.3.1/../../../../arm-none-eabi/lib/thumb/v6-m\libc_nano.a(lib_a-mlock.o)
 .debug_frame   0x00001dc8       0x2c c:/program files (x86)/gnu tools arm embedded/6 2017-q2-update/bin/../lib/gcc/arm-none-eabi/6.3.1/../../../../arm-none-eabi/lib/thumb/v6-m\libc_nano.a(lib_a-nano-freer.o)
 .debug_frame   0x00001df4       0x30 c:/program files (x86)/gnu tools arm embedded/6 2017-q2-update/bin/../lib/gcc/arm-none-eabi/6.3.1/../../../../arm-none-eabi/lib/thumb/v6-m\libc_nano.a(lib_a-nano-reallocr.o)
 .debug_frame   0x00001e24       0x2c c:/program files (x86)/gnu tools arm embedded/6 2017-q2-update/bin/../lib/gcc/arm-none-eabi/6.3.1/../../../../arm-none-eabi/lib/thumb/v6-m\libc_nano.a(lib_a-readr.o)
 .debug_frame   0x00001e50       0x48 c:/program files (x86)/gnu tools arm embedded/6 2017-q2-update/bin/../lib/gcc/arm-none-eabi/6.3.1/../../../../arm-none-eabi/lib/thumb/v6-m\libc_nano.a(lib_a-reent.o)
 .debug_frame   0x00001e98       0x2c c:/program files (x86)/gnu tools arm embedded/6 2017-q2-update/bin/../lib/gcc/arm-none-eabi/6.3.1/../../../../arm-none-eabi/lib/thumb/v6-m\libc_nano.a(lib_a-fstatr.o)
 .debug_frame   0x00001ec4       0x2c c:/program files (x86)/gnu tools arm embedded/6 2017-q2-update/bin/../lib/gcc/arm-none-eabi/6.3.1/../../../../arm-none-eabi/lib/thumb/v6-m\libc_nano.a(lib_a-isattyr.o)
 .debug_frame   0x00001ef0       0x20 c:/program files (x86)/gnu tools arm embedded/6 2017-q2-update/bin/../lib/gcc/arm-none-eabi/6.3.1/../../../../arm-none-eabi/lib/thumb/v6-m\libc_nano.a(lib_a-nano-msizer.o)
 .debug_frame   0x00001f10       0x20 c:/program files (x86)/gnu tools arm embedded/6 2017-q2-update/bin/../lib/gcc/arm-none-eabi/6.3.1/../../../../arm-none-eabi/lib/thumb/v6-m\libnosys.a(close.o)
 .debug_frame   0x00001f30       0x20 c:/program files (x86)/gnu tools arm embedded/6 2017-q2-update/bin/../lib/gcc/arm-none-eabi/6.3.1/../../../../arm-none-eabi/lib/thumb/v6-m\libnosys.a(fstat.o)
 .debug_frame   0x00001f50       0x20 c:/program files (x86)/gnu tools arm embedded/6 2017-q2-update/bin/../lib/gcc/arm-none-eabi/6.3.1/../../../../arm-none-eabi/lib/thumb/v6-m\libnosys.a(isatty.o)
 .debug_frame   0x00001f70       0x20 c:/program files (x86)/gnu tools arm embedded/6 2017-q2-update/bin/../lib/gcc/arm-none-eabi/6.3.1/../../../../arm-none-eabi/lib/thumb/v6-m\libnosys.a(lseek.o)
 .debug_frame   0x00001f90       0x20 c:/program files (x86)/gnu tools arm embedded/6 2017-q2-update/bin/../lib/gcc/arm-none-eabi/6.3.1/../../../../arm-none-eabi/lib/thumb/v6-m\libnosys.a(sbrk.o)

.debug_info     0x00000000    0x1aa0c
 .debug_info    0x00000000      0xd95 _build/app_button.o
 .debug_info    0x00000d95      0x1e4 _build/app_error.o
 .debug_info    0x00000f79      0xa8e _build/app_fifo.o
 .debug_info    0x00001a07     0x1ffb _build/app_timer.o
 .debug_info    0x00003a02      0x9ce _build/retarget.o
 .debug_info    0x000043d0     0x1c54 _build/app_uart_fifo.o
 .debug_info    0x00006024      0x3fa _build/nrf_drv_common.o
 .debug_info    0x0000641e     0x1a0d _build/nrf_drv_gpiote.o
 .debug_info    0x00007e2b     0x1c79 _build/pstorage.o
 .debug_info    0x00009aa4     0x13dd _build/bsp.o
 .debug_info    0x0000ae81     0x1485 _build/bsp_btn_ble.o
 .debug_info    0x0000c306     0x41f0 _build/main.o
 .debug_info    0x000104f6     0x15d4 _build/ble_advdata.o
 .debug_info    0x00011aca     0x2583 _build/ble_advertising.o
 .debug_info    0x0001404d     0x2211 _build/ble_conn_params.o
 .debug_info    0x0001625e     0x259d _build/ble_nus.o
 .debug_info    0x000187fb      0x1d4 _build/system_nrf51.o
 .debug_info    0x000189cf     0x203d _build/softdevice_handler.o

.debug_abbrev   0x00000000     0x3948
 .debug_abbrev  0x00000000      0x2a0 _build/app_button.o
 .debug_abbrev  0x000002a0      0x111 _build/app_error.o
 .debug_abbrev  0x000003b1      0x228 _build/app_fifo.o
 .debug_abbrev  0x000005d9      0x49f _build/app_timer.o
 .debug_abbrev  0x00000a78      0x21f _build/retarget.o
 .debug_abbrev  0x00000c97      0x402 _build/app_uart_fifo.o
 .debug_abbrev  0x00001099      0x186 _build/nrf_drv_common.o
 .debug_abbrev  0x0000121f      0x433 _build/nrf_drv_gpiote.o
 .debug_abbrev  0x00001652      0x3c5 _build/pstorage.o
 .debug_abbrev  0x00001a17      0x36c _build/bsp.o
 .debug_abbrev  0x00001d83      0x275 _build/bsp_btn_ble.o
 .debug_abbrev  0x00001ff8      0x508 _build/main.o
 .debug_abbrev  0x00002500      0x338 _build/ble_advdata.o
 .debug_abbrev  0x00002838      0x41c _build/ble_advertising.o
 .debug_abbrev  0x00002c54      0x430 _build/ble_conn_params.o
 .debug_abbrev  0x00003084      0x3ac _build/ble_nus.o
 .debug_abbrev  0x00003430      0x10e _build/system_nrf51.o
 .debug_abbrev  0x0000353e      0x40a _build/softdevice_handler.o

.debug_loc      0x00000000     0x7907
 .debug_loc     0x00000000      0x372 _build/app_button.o
 .debug_loc     0x00000372       0x21 _build/app_error.o
 .debug_loc     0x00000393      0x14d _build/app_fifo.o
 .debug_loc     0x000004e0     0x100d _build/app_timer.o
 .debug_loc     0x000014ed      0x100 _build/retarget.o
 .debug_loc     0x000015ed      0x4ff _build/app_uart_fifo.o
 .debug_loc     0x00001aec       0xb5 _build/nrf_drv_common.o
 .debug_loc     0x00001ba1     0x119a _build/nrf_drv_gpiote.o
 .debug_loc     0x00002d3b     0x1576 _build/pstorage.o
 .debug_loc     0x000042b1      0xb41 _build/bsp.o
 .debug_loc     0x00004df2      0x25b _build/bsp_btn_ble.o
 .debug_loc     0x0000504d      0xa40 _build/main.o
 .debug_loc     0x00005a8d      0xc63 _build/ble_advdata.o
 .debug_loc     0x000066f0      0x4a7 _build/ble_advertising.o
 .debug_loc     0x00006b97      0x3e8 _build/ble_conn_params.o
 .debug_loc     0x00006f7f      0x608 _build/ble_nus.o
 .debug_loc     0x00007587      0x380 _build/softdevice_handler.o

.debug_aranges  0x00000000      0x8c0
 .debug_aranges
                0x00000000       0x48 _build/app_button.o
 .debug_aranges
                0x00000048       0x20 _build/app_error.o
 .debug_aranges
                0x00000068       0x38 _build/app_fifo.o
 .debug_aranges
                0x000000a0      0x108 _build/app_timer.o
 .debug_aranges
                0x000001a8       0x28 _build/retarget.o
 .debug_aranges
                0x000001d0       0xc0 _build/app_uart_fifo.o
 .debug_aranges
                0x00000290       0x20 _build/nrf_drv_common.o
 .debug_aranges
                0x000002b0       0xc8 _build/nrf_drv_gpiote.o
 .debug_aranges
                0x00000378       0xa8 _build/pstorage.o
 .debug_aranges
                0x00000420       0x88 _build/bsp.o
 .debug_aranges
                0x000004a8       0x48 _build/bsp_btn_ble.o
 .debug_aranges
                0x000004f0       0xf0 _build/main.o
 .debug_aranges
                0x000005e0       0xa0 _build/ble_advdata.o
 .debug_aranges
                0x00000680       0x78 _build/ble_advertising.o
 .debug_aranges
                0x000006f8       0x90 _build/ble_conn_params.o
 .debug_aranges
                0x00000788       0x88 _build/ble_nus.o
 .debug_aranges
                0x00000810       0x38 _build/system_nrf51.o
 .debug_aranges
                0x00000848       0x78 _build/softdevice_handler.o

.debug_ranges   0x00000000      0xd60
 .debug_ranges  0x00000000       0x50 _build/app_button.o
 .debug_ranges  0x00000050       0x10 _build/app_error.o
 .debug_ranges  0x00000060       0x28 _build/app_fifo.o
 .debug_ranges  0x00000088      0x200 _build/app_timer.o
 .debug_ranges  0x00000288       0x18 _build/retarget.o
 .debug_ranges  0x000002a0       0xb0 _build/app_uart_fifo.o
 .debug_ranges  0x00000350       0x28 _build/nrf_drv_common.o
 .debug_ranges  0x00000378      0x168 _build/nrf_drv_gpiote.o
 .debug_ranges  0x000004e0      0x170 _build/pstorage.o
 .debug_ranges  0x00000650       0xa8 _build/bsp.o
 .debug_ranges  0x000006f8       0x38 _build/bsp_btn_ble.o
 .debug_ranges  0x00000730      0x320 _build/main.o
 .debug_ranges  0x00000a50       0xd8 _build/ble_advdata.o
 .debug_ranges  0x00000b28       0x68 _build/ble_advertising.o
 .debug_ranges  0x00000b90       0x80 _build/ble_conn_params.o
 .debug_ranges  0x00000c10       0x78 _build/ble_nus.o
 .debug_ranges  0x00000c88       0x28 _build/system_nrf51.o
 .debug_ranges  0x00000cb0       0xb0 _build/softdevice_handler.o

.debug_macro    0x00000000     0xe826
 .debug_macro   0x00000000      0x2e1 _build/app_button.o
 .debug_macro   0x000002e1      0x8b6 _build/app_button.o
 .debug_macro   0x00000b97       0x22 _build/app_button.o
 .debug_macro   0x00000bb9       0x87 _build/app_button.o
 .debug_macro   0x00000c40       0x51 _build/app_button.o
 .debug_macro   0x00000c91       0xef _build/app_button.o
 .debug_macro   0x00000d80       0x6a _build/app_button.o
 .debug_macro   0x00000dea      0x1df _build/app_button.o
 .debug_macro   0x00000fc9       0x22 _build/app_button.o
 .debug_macro   0x00000feb       0x22 _build/app_button.o
 .debug_macro   0x0000100d       0x3a _build/app_button.o
 .debug_macro   0x00001047       0x1f _build/app_button.o
 .debug_macro   0x00001066      0x242 _build/app_button.o
 .debug_macro   0x000012a8      0x1e0 _build/app_button.o
 .debug_macro   0x00001488     0x776a _build/app_button.o
 .debug_macro   0x00008bf2      0x976 _build/app_button.o
 .debug_macro   0x00009568       0x1c _build/app_button.o
 .debug_macro   0x00009584       0x8e _build/app_button.o
 .debug_macro   0x00009612       0x16 _build/app_button.o
 .debug_macro   0x00009628       0x1c _build/app_button.o
 .debug_macro   0x00009644       0x58 _build/app_button.o
 .debug_macro   0x0000969c       0x35 _build/app_button.o
 .debug_macro   0x000096d1       0x9c _build/app_button.o
 .debug_macro   0x0000976d      0x16d _build/app_button.o
 .debug_macro   0x000098da       0x58 _build/app_button.o
 .debug_macro   0x00009932       0x1f _build/app_button.o
 .debug_macro   0x00009951       0x43 _build/app_button.o
 .debug_macro   0x00009994       0x20 _build/app_button.o
 .debug_macro   0x000099b4      0x187 _build/app_button.o
 .debug_macro   0x00009b3b      0x353 _build/app_button.o
 .debug_macro   0x00009e8e       0x10 _build/app_button.o
 .debug_macro   0x00009e9e       0x35 _build/app_button.o
 .debug_macro   0x00009ed3       0xf4 _build/app_button.o
 .debug_macro   0x00009fc7       0x22 _build/app_button.o
 .debug_macro   0x00009fe9       0x1c _build/app_button.o
 .debug_macro   0x0000a005       0x10 _build/app_button.o
 .debug_macro   0x0000a015       0x10 _build/app_button.o
 .debug_macro   0x0000a025       0x1c _build/app_button.o
 .debug_macro   0x0000a041       0x52 _build/app_button.o
 .debug_macro   0x0000a093       0x40 _build/app_button.o
 .debug_macro   0x0000a0d3       0x10 _build/app_button.o
 .debug_macro   0x0000a0e3       0x40 _build/app_button.o
 .debug_macro   0x0000a123       0xd7 _build/app_button.o
 .debug_macro   0x0000a1fa       0x16 _build/app_button.o
 .debug_macro   0x0000a210      0x18b _build/app_button.o
 .debug_macro   0x0000a39b       0x3b _build/app_button.o
 .debug_macro   0x0000a3d6       0x10 _build/app_button.o
 .debug_macro   0x0000a3e6       0x9b _build/app_button.o
 .debug_macro   0x0000a481       0x76 _build/app_button.o
 .debug_macro   0x0000a4f7       0x2e _build/app_button.o
 .debug_macro   0x0000a525       0x10 _build/app_button.o
 .debug_macro   0x0000a535       0xf0 _build/app_error.o
 .debug_macro   0x0000a625      0x162 _build/app_fifo.o
 .debug_macro   0x0000a787       0x16 _build/app_fifo.o
 .debug_macro   0x0000a79d      0x10e _build/app_fifo.o
 .debug_macro   0x0000a8ab       0x86 _build/app_fifo.o
 .debug_macro   0x0000a931       0x16 _build/app_fifo.o
 .debug_macro   0x0000a947       0x29 _build/app_fifo.o
 .debug_macro   0x0000a970       0x28 _build/app_fifo.o
 .debug_macro   0x0000a998      0x313 _build/app_timer.o
 .debug_macro   0x0000acab       0x16 _build/app_timer.o
 .debug_macro   0x0000acc1       0x97 _build/app_timer.o
 .debug_macro   0x0000ad58       0xf6 _build/app_timer.o
 .debug_macro   0x0000ae4e       0x10 _build/app_timer.o
 .debug_macro   0x0000ae5e       0x40 _build/app_timer.o
 .debug_macro   0x0000ae9e       0x64 _build/app_timer.o
 .debug_macro   0x0000af02       0x22 _build/app_timer.o
 .debug_macro   0x0000af24      0x26a _build/retarget.o
 .debug_macro   0x0000b18e       0x18 _build/retarget.o
 .debug_macro   0x0000b1a6      0x263 _build/app_uart_fifo.o
 .debug_macro   0x0000b409       0x10 _build/app_uart_fifo.o
 .debug_macro   0x0000b419       0x28 _build/app_uart_fifo.o
 .debug_macro   0x0000b441      0x125 _build/nrf_drv_common.o
 .debug_macro   0x0000b566      0x1a9 _build/nrf_drv_gpiote.o
 .debug_macro   0x0000b70f       0x70 _build/nrf_drv_gpiote.o
 .debug_macro   0x0000b77f       0x1c _build/nrf_drv_gpiote.o
 .debug_macro   0x0000b79b      0x281 _build/pstorage.o
 .debug_macro   0x0000ba1c       0x40 _build/pstorage.o
 .debug_macro   0x0000ba5c       0x22 _build/pstorage.o
 .debug_macro   0x0000ba7e      0x30e _build/bsp.o
 .debug_macro   0x0000bd8c      0x1ae _build/bsp.o
 .debug_macro   0x0000bf3a       0x22 _build/bsp.o
 .debug_macro   0x0000bf5c       0x76 _build/bsp.o
 .debug_macro   0x0000bfd2      0x202 _build/bsp_btn_ble.o
 .debug_macro   0x0000c1d4       0xd6 _build/bsp_btn_ble.o
 .debug_macro   0x0000c2aa      0x1f7 _build/bsp_btn_ble.o
 .debug_macro   0x0000c4a1      0x375 _build/bsp_btn_ble.o
 .debug_macro   0x0000c816       0x3a _build/bsp_btn_ble.o
 .debug_macro   0x0000c850       0x22 _build/bsp_btn_ble.o
 .debug_macro   0x0000c872      0x1f0 _build/bsp_btn_ble.o
 .debug_macro   0x0000ca62       0x16 _build/bsp_btn_ble.o
 .debug_macro   0x0000ca78       0xd9 _build/bsp_btn_ble.o
 .debug_macro   0x0000cb51       0x1c _build/bsp_btn_ble.o
 .debug_macro   0x0000cb6d      0x527 _build/main.o
 .debug_macro   0x0000d094       0xa6 _build/main.o
 .debug_macro   0x0000d13a       0x34 _build/main.o
 .debug_macro   0x0000d16e      0x24a _build/main.o
 .debug_macro   0x0000d3b8       0x46 _build/main.o
 .debug_macro   0x0000d3fe       0x1c _build/main.o
 .debug_macro   0x0000d41a       0x34 _build/main.o
 .debug_macro   0x0000d44e       0x16 _build/main.o
 .debug_macro   0x0000d464       0x10 _build/main.o
 .debug_macro   0x0000d474       0x16 _build/main.o
 .debug_macro   0x0000d48a       0x10 _build/main.o
 .debug_macro   0x0000d49a       0x22 _build/main.o
 .debug_macro   0x0000d4bc       0x16 _build/main.o
 .debug_macro   0x0000d4d2       0x10 _build/main.o
 .debug_macro   0x0000d4e2      0x1f5 _build/ble_advdata.o
 .debug_macro   0x0000d6d7      0x345 _build/ble_advertising.o
 .debug_macro   0x0000da1c       0x16 _build/ble_advertising.o
 .debug_macro   0x0000da32      0x2d4 _build/ble_conn_params.o
 .debug_macro   0x0000dd06      0x214 _build/ble_nus.o
 .debug_macro   0x0000df1a      0x1f1 _build/ble_nus.o
 .debug_macro   0x0000e10b       0xd5 _build/system_nrf51.o
 .debug_macro   0x0000e1e0      0x27b _build/softdevice_handler.o
 .debug_macro   0x0000e45b      0x37b _build/softdevice_handler.o
 .debug_macro   0x0000e7d6       0x40 _build/softdevice_handler.o
 .debug_macro   0x0000e816       0x10 _build/softdevice_handler.o

.debug_line     0x00000000     0x84d3
 .debug_line    0x00000000      0x71f _build/app_button.o
 .debug_line    0x0000071f      0x3d5 _build/app_error.o
 .debug_line    0x00000af4      0x40b _build/app_fifo.o
 .debug_line    0x00000eff      0xa7c _build/app_timer.o
 .debug_line    0x0000197b      0x596 _build/retarget.o
 .debug_line    0x00001f11      0x836 _build/app_uart_fifo.o
 .debug_line    0x00002747      0x445 _build/nrf_drv_common.o
 .debug_line    0x00002b8c      0x9ce _build/nrf_drv_gpiote.o
 .debug_line    0x0000355a      0xabe _build/pstorage.o
 .debug_line    0x00004018      0x847 _build/bsp.o
 .debug_line    0x0000485f      0x5ee _build/bsp_btn_ble.o
 .debug_line    0x00004e4d      0xe34 _build/main.o
 .debug_line    0x00005c81      0x6ff _build/ble_advdata.o
 .debug_line    0x00006380      0x962 _build/ble_advertising.o
 .debug_line    0x00006ce2      0x717 _build/ble_conn_params.o
 .debug_line    0x000073f9      0x64c _build/ble_nus.o
 .debug_line    0x00007a45      0x3ab _build/system_nrf51.o
 .debug_line    0x00007df0      0x6e3 _build/softdevice_handler.o

.debug_str      0x00000000    0x43ef7
 .debug_str     0x00000000    0x35c09 _build/app_button.o
                              0x35ef9 (size before relaxing)
 .debug_str     0x00035c09       0xb5 _build/app_error.o
                              0x309eb (size before relaxing)
 .debug_str     0x00035cbe      0x1df _build/app_fifo.o
                               0x6be4 (size before relaxing)
 .debug_str     0x00035e9d     0x1486 _build/app_timer.o
                              0x3632b (size before relaxing)
 .debug_str     0x00037323      0x315 _build/retarget.o
                              0x324c8 (size before relaxing)
 .debug_str     0x00037638      0x78f _build/app_uart_fifo.o
                              0x35c4e (size before relaxing)
 .debug_str     0x00037dc7       0x6f _build/nrf_drv_common.o
                              0x30df3 (size before relaxing)
 .debug_str     0x00037e36      0x8ee _build/nrf_drv_gpiote.o
                              0x32c88 (size before relaxing)
 .debug_str     0x00038724     0x1349 _build/pstorage.o
                              0x35413 (size before relaxing)
 .debug_str     0x00039a6d     0x16ed _build/bsp.o
                              0x36872 (size before relaxing)
 .debug_str     0x0003b15a     0x4886 _build/bsp_btn_ble.o
                              0x364c0 (size before relaxing)
 .debug_str     0x0003f9e0     0x343c _build/main.o
                              0x3faf7 (size before relaxing)
 .debug_str     0x00042e1c      0x32a _build/ble_advdata.o
                               0xbe7f (size before relaxing)
 .debug_str     0x00043146      0x3f0 _build/ble_advertising.o
                              0x3a602 (size before relaxing)
 .debug_str     0x00043536      0x1e4 _build/ble_conn_params.o
                               0xe550 (size before relaxing)
 .debug_str     0x0004371a      0x415 _build/ble_nus.o
                               0xcafe (size before relaxing)
 .debug_str     0x00043b2f       0xfe _build/system_nrf51.o
                              0x301eb (size before relaxing)
 .debug_str     0x00043c2d      0x2ca _build/softdevice_handler.o
                              0x3627a (size before relaxing)

.stab           0x00000000       0x6c
 .stab          0x00000000       0x24 c:/program files (x86)/gnu tools arm embedded/6 2017-q2-update/bin/../lib/gcc/arm-none-eabi/6.3.1/../../../../arm-none-eabi/lib/thumb/v6-m\libnosys.a(close.o)
 .stab          0x00000024       0x18 c:/program files (x86)/gnu tools arm embedded/6 2017-q2-update/bin/../lib/gcc/arm-none-eabi/6.3.1/../../../../arm-none-eabi/lib/thumb/v6-m\libnosys.a(fstat.o)
                                 0x24 (size before relaxing)
 .stab          0x0000003c       0x18 c:/program files (x86)/gnu tools arm embedded/6 2017-q2-update/bin/../lib/gcc/arm-none-eabi/6.3.1/../../../../arm-none-eabi/lib/thumb/v6-m\libnosys.a(isatty.o)
                                 0x24 (size before relaxing)
 .stab          0x00000054       0x18 c:/program files (x86)/gnu tools arm embedded/6 2017-q2-update/bin/../lib/gcc/arm-none-eabi/6.3.1/../../../../arm-none-eabi/lib/thumb/v6-m\libnosys.a(lseek.o)
                                 0x24 (size before relaxing)

.stabstr        0x00000000       0xe3
 .stabstr       0x00000000       0xe3 c:/program files (x86)/gnu tools arm embedded/6 2017-q2-update/bin/../lib/gcc/arm-none-eabi/6.3.1/../../../../arm-none-eabi/lib/thumb/v6-m\libnosys.a(close.o)