Archive member included to satisfy reference by file (symbol)

c:/program files (x86)/gnu tools arm embedded/6 2017-q2-update/bin/../lib/gcc/arm-none-eabi/6.3.1/../../../../arm-none-eabi/lib/thumb/v6-m\libc_nano.a(lib_a-exit.o)
                              c:/program files (x86)/gnu tools arm embedded/6 2017-q2-update/bin/../lib/gcc/arm-none-eabi/6.3.1/../../../../arm-none-eabi/lib/thumb/v6-m/crt0.o (exit)
c:/program files (x86)/gnu tools arm embedded/6 2017-q2-update/bin/../lib/gcc/arm-none-eabi/6.3.1/../../../../arm-none-eabi/lib/thumb/v6-m\libc_nano.a(lib_a-impure.o)
                              c:/program files (x86)/gnu tools arm embedded/6 2017-q2-update/bin/../lib/gcc/arm-none-eabi/6.3.1/../../../../arm-none-eabi/lib/thumb/v6-m\libc_nano.a(lib_a-exit.o) (_global_impure_ptr)
c:/program files (x86)/gnu tools arm embedded/6 2017-q2-update/bin/../lib/gcc/arm-none-eabi/6.3.1/../../../../arm-none-eabi/lib/thumb/v6-m\libc_nano.a(lib_a-init.o)
                              c:/program files (x86)/gnu tools arm embedded/6 2017-q2-update/bin/../lib/gcc/arm-none-eabi/6.3.1/../../../../arm-none-eabi/lib/thumb/v6-m/crt0.o (__libc_init_array)
c:/program files (x86)/gnu tools arm embedded/6 2017-q2-update/bin/../lib/gcc/arm-none-eabi/6.3.1/../../../../arm-none-eabi/lib/thumb/v6-m\libc_nano.a(lib_a-memset.o)
                              c:/program files (x86)/gnu tools arm embedded/6 2017-q2-update/bin/../lib/gcc/arm-none-eabi/6.3.1/../../../../arm-none-eabi/lib/thumb/v6-m/crt0.o (memset)
c:/program files (x86)/gnu tools arm embedded/6 2017-q2-update/bin/../lib/gcc/arm-none-eabi/6.3.1/../../../../arm-none-eabi/lib/thumb/v6-m\libnosys.a(_exit.o)
                              c:/program files (x86)/gnu tools arm embedded/6 2017-q2-update/bin/../lib/gcc/arm-none-eabi/6.3.1/../../../../arm-none-eabi/lib/thumb/v6-m\libc_nano.a(lib_a-exit.o) (_exit)
c:/program files (x86)/gnu tools arm embedded/6 2017-q2-update/bin/../lib/gcc/arm-none-eabi/6.3.1/thumb/v6-m\libgcc.a(_udivsi3.o)
                              _build/pstorage.o (__aeabi_uidiv)
c:/program files (x86)/gnu tools arm embedded/6 2017-q2-update/bin/../lib/gcc/arm-none-eabi/6.3.1/thumb/v6-m\libgcc.a(_dvmd_tls.o)
                              c:/program files (x86)/gnu tools arm embedded/6 2017-q2-update/bin/../lib/gcc/arm-none-eabi/6.3.1/thumb/v6-m\libgcc.a(_udivsi3.o) (__aeabi_idiv0)
c:/program files (x86)/gnu tools arm embedded/6 2017-q2-update/bin/../lib/gcc/arm-none-eabi/6.3.1/../../../../arm-none-eabi/lib/thumb/v6-m\libc_nano.a(lib_a-memcmp.o)
                              _build/device_manager_peripheral.o (memcmp)
c:/program files (x86)/gnu tools arm embedded/6 2017-q2-update/bin/../lib/gcc/arm-none-eabi/6.3.1/../../../../arm-none-eabi/lib/thumb/v6-m\libc_nano.a(lib_a-memcpy-stub.o)
                              _build/pstorage.o (memcpy)
c:/program files (x86)/gnu tools arm embedded/6 2017-q2-update/bin/../lib/gcc/arm-none-eabi/6.3.1/../../../../arm-none-eabi/lib/thumb/v6-m\libc_nano.a(lib_a-strlen.o)
                              _build/main.o (strlen)

Allocating common symbols
Common symbol       size              file

__stdin             0x68              _build/retarget.o
__stdout            0x68              _build/retarget.o

Discarded input sections

 .text          0x00000000        0x0 c:/program files (x86)/gnu tools arm embedded/6 2017-q2-update/bin/../lib/gcc/arm-none-eabi/6.3.1/thumb/v6-m/crti.o
 .data          0x00000000        0x0 c:/program files (x86)/gnu tools arm embedded/6 2017-q2-update/bin/../lib/gcc/arm-none-eabi/6.3.1/thumb/v6-m/crti.o
 .bss           0x00000000        0x0 c:/program files (x86)/gnu tools arm embedded/6 2017-q2-update/bin/../lib/gcc/arm-none-eabi/6.3.1/thumb/v6-m/crti.o
 .text          0x00000000       0x60 c:/program files (x86)/gnu tools arm embedded/6 2017-q2-update/bin/../lib/gcc/arm-none-eabi/6.3.1/thumb/v6-m/crtbegin.o
 .data          0x00000000        0x4 c:/program files (x86)/gnu tools arm embedded/6 2017-q2-update/bin/../lib/gcc/arm-none-eabi/6.3.1/thumb/v6-m/crtbegin.o
 .bss           0x00000000       0x1c c:/program files (x86)/gnu tools arm embedded/6 2017-q2-update/bin/../lib/gcc/arm-none-eabi/6.3.1/thumb/v6-m/crtbegin.o
 .init_array    0x00000000        0x4 c:/program files (x86)/gnu tools arm embedded/6 2017-q2-update/bin/../lib/gcc/arm-none-eabi/6.3.1/thumb/v6-m/crtbegin.o
 .fini_array    0x00000000        0x4 c:/program files (x86)/gnu tools arm embedded/6 2017-q2-update/bin/../lib/gcc/arm-none-eabi/6.3.1/thumb/v6-m/crtbegin.o
 .eh_frame      0x00000000        0x0 c:/program files (x86)/gnu tools arm embedded/6 2017-q2-update/bin/../lib/gcc/arm-none-eabi/6.3.1/thumb/v6-m/crtbegin.o
 .jcr           0x00000000        0x0 c:/program files (x86)/gnu tools arm embedded/6 2017-q2-update/bin/../lib/gcc/arm-none-eabi/6.3.1/thumb/v6-m/crtbegin.o
 .ARM.attributes
                0x00000000       0x2c c:/program files (x86)/gnu tools arm embedded/6 2017-q2-update/bin/../lib/gcc/arm-none-eabi/6.3.1/thumb/v6-m/crtbegin.o
 .data          0x00000000        0x0 c:/program files (x86)/gnu tools arm embedded/6 2017-q2-update/bin/../lib/gcc/arm-none-eabi/6.3.1/../../../../arm-none-eabi/lib/thumb/v6-m/crt0.o
 .bss           0x00000000        0x0 c:/program files (x86)/gnu tools arm embedded/6 2017-q2-update/bin/../lib/gcc/arm-none-eabi/6.3.1/../../../../arm-none-eabi/lib/thumb/v6-m/crt0.o
 .ARM.extab     0x00000000        0x0 c:/program files (x86)/gnu tools arm embedded/6 2017-q2-update/bin/../lib/gcc/arm-none-eabi/6.3.1/../../../../arm-none-eabi/lib/thumb/v6-m/crt0.o
 .text          0x00000000        0x0 c:/program files (x86)/gnu tools arm embedded/6 2017-q2-update/bin/../lib/gcc/arm-none-eabi/6.3.1/../../../../arm-none-eabi/lib/thumb/v6-m\libc_nano.a(lib_a-exit.o)
 .data          0x00000000        0x0 c:/program files (x86)/gnu tools arm embedded/6 2017-q2-update/bin/../lib/gcc/arm-none-eabi/6.3.1/../../../../arm-none-eabi/lib/thumb/v6-m\libc_nano.a(lib_a-exit.o)
 .bss           0x00000000        0x0 c:/program files (x86)/gnu tools arm embedded/6 2017-q2-update/bin/../lib/gcc/arm-none-eabi/6.3.1/../../../../arm-none-eabi/lib/thumb/v6-m\libc_nano.a(lib_a-exit.o)
 .text          0x00000000        0x0 c:/program files (x86)/gnu tools arm embedded/6 2017-q2-update/bin/../lib/gcc/arm-none-eabi/6.3.1/../../../../arm-none-eabi/lib/thumb/v6-m\libc_nano.a(lib_a-impure.o)
 .data          0x00000000        0x0 c:/program files (x86)/gnu tools arm embedded/6 2017-q2-update/bin/../lib/gcc/arm-none-eabi/6.3.1/../../../../arm-none-eabi/lib/thumb/v6-m\libc_nano.a(lib_a-impure.o)
 .bss           0x00000000        0x0 c:/program files (x86)/gnu tools arm embedded/6 2017-q2-update/bin/../lib/gcc/arm-none-eabi/6.3.1/../../../../arm-none-eabi/lib/thumb/v6-m\libc_nano.a(lib_a-impure.o)
 .data._impure_ptr
                0x00000000        0x4 c:/program files (x86)/gnu tools arm embedded/6 2017-q2-update/bin/../lib/gcc/arm-none-eabi/6.3.1/../../../../arm-none-eabi/lib/thumb/v6-m\libc_nano.a(lib_a-impure.o)
 .text          0x00000000        0x0 c:/program files (x86)/gnu tools arm embedded/6 2017-q2-update/bin/../lib/gcc/arm-none-eabi/6.3.1/../../../../arm-none-eabi/lib/thumb/v6-m\libc_nano.a(lib_a-init.o)
 .data          0x00000000        0x0 c:/program files (x86)/gnu tools arm embedded/6 2017-q2-update/bin/../lib/gcc/arm-none-eabi/6.3.1/../../../../arm-none-eabi/lib/thumb/v6-m\libc_nano.a(lib_a-init.o)
 .bss           0x00000000        0x0 c:/program files (x86)/gnu tools arm embedded/6 2017-q2-update/bin/../lib/gcc/arm-none-eabi/6.3.1/../../../../arm-none-eabi/lib/thumb/v6-m\libc_nano.a(lib_a-init.o)
 .text          0x00000000        0x0 c:/program files (x86)/gnu tools arm embedded/6 2017-q2-update/bin/../lib/gcc/arm-none-eabi/6.3.1/../../../../arm-none-eabi/lib/thumb/v6-m\libc_nano.a(lib_a-memset.o)
 .data          0x00000000        0x0 c:/program files (x86)/gnu tools arm embedded/6 2017-q2-update/bin/../lib/gcc/arm-none-eabi/6.3.1/../../../../arm-none-eabi/lib/thumb/v6-m\libc_nano.a(lib_a-memset.o)
 .bss           0x00000000        0x0 c:/program files (x86)/gnu tools arm embedded/6 2017-q2-update/bin/../lib/gcc/arm-none-eabi/6.3.1/../../../../arm-none-eabi/lib/thumb/v6-m\libc_nano.a(lib_a-memset.o)
 .text          0x00000000        0x0 c:/program files (x86)/gnu tools arm embedded/6 2017-q2-update/bin/../lib/gcc/arm-none-eabi/6.3.1/../../../../arm-none-eabi/lib/thumb/v6-m\libnosys.a(_exit.o)
 .data          0x00000000        0x0 c:/program files (x86)/gnu tools arm embedded/6 2017-q2-update/bin/../lib/gcc/arm-none-eabi/6.3.1/../../../../arm-none-eabi/lib/thumb/v6-m\libnosys.a(_exit.o)
 .bss           0x00000000        0x0 c:/program files (x86)/gnu tools arm embedded/6 2017-q2-update/bin/../lib/gcc/arm-none-eabi/6.3.1/../../../../arm-none-eabi/lib/thumb/v6-m\libnosys.a(_exit.o)
 .text          0x00000000        0x0 _build/app_button.o
 .data          0x00000000        0x0 _build/app_button.o
 .bss           0x00000000        0x0 _build/app_button.o
 .text.app_button_disable
                0x00000000       0x38 _build/app_button.o
 .text.app_button_is_pushed
                0x00000000       0x2c _build/app_button.o
 .text          0x00000000        0x0 _build/app_error.o
 .data          0x00000000        0x0 _build/app_error.o
 .bss           0x00000000        0x0 _build/app_error.o
 .text          0x00000000        0x0 _build/app_fifo.o
 .data          0x00000000        0x0 _build/app_fifo.o
 .bss           0x00000000        0x0 _build/app_fifo.o
 .text.app_fifo_init
                0x00000000       0x28 _build/app_fifo.o
 .text.app_fifo_flush
                0x00000000        0x8 _build/app_fifo.o
 .text          0x00000000        0x0 _build/app_timer.o
 .data          0x00000000        0x0 _build/app_timer.o
 .bss           0x00000000        0x0 _build/app_timer.o
 .text.app_timer_stop_all
                0x00000000       0xc0 _build/app_timer.o
 .text.app_timer_cnt_get
                0x00000000       0x14 _build/app_timer.o
 .text.app_timer_cnt_diff_compute
                0x00000000        0xc _build/app_timer.o
 .text          0x00000000        0x0 _build/app_trace.o
 .data          0x00000000        0x0 _build/app_trace.o
 .bss           0x00000000        0x0 _build/app_trace.o
 .comment       0x00000000       0x80 _build/app_trace.o
 .ARM.attributes
                0x00000000       0x31 _build/app_trace.o
 .text          0x00000000        0x0 _build/nrf_assert.o
 .data          0x00000000        0x0 _build/nrf_assert.o
 .bss           0x00000000        0x0 _build/nrf_assert.o
 .comment       0x00000000       0x80 _build/nrf_assert.o
 .ARM.attributes
                0x00000000       0x31 _build/nrf_assert.o
 .text          0x00000000        0x0 _build/retarget.o
 .data          0x00000000        0x0 _build/retarget.o
 .bss           0x00000000        0x0 _build/retarget.o
 .text._write   0x00000000       0x1c _build/retarget.o
 .text._read    0x00000000       0x14 _build/retarget.o
 .comment       0x00000000       0x80 _build/retarget.o
 .ARM.attributes
                0x00000000       0x31 _build/retarget.o
 COMMON         0x00000000       0xd0 _build/retarget.o
 .text          0x00000000        0x0 _build/sensorsim.o
 .data          0x00000000        0x0 _build/sensorsim.o
 .bss           0x00000000        0x0 _build/sensorsim.o
 .text          0x00000000        0x0 _build/app_uart_fifo.o
 .data          0x00000000        0x0 _build/app_uart_fifo.o
 .bss           0x00000000        0x0 _build/app_uart_fifo.o
 .text.gpiote_uart_event_handler
                0x00000000       0xc0 _build/app_uart_fifo.o
 .text.action_tx_stop
                0x00000000       0x2c _build/app_uart_fifo.o
 .text.app_uart_init
                0x00000000      0x2b4 _build/app_uart_fifo.o
 .text.app_uart_get
                0x00000000       0x10 _build/app_uart_fifo.o
 .text.app_uart_put
                0x00000000       0x80 _build/app_uart_fifo.o
 .text.app_uart_flush
                0x00000000       0x1c _build/app_uart_fifo.o
 .text.app_uart_get_connection_state
                0x00000000       0x14 _build/app_uart_fifo.o
 .text.app_uart_close
                0x00000000       0x30 _build/app_uart_fifo.o
 .data.m_instance_counter
                0x00000000        0x1 _build/app_uart_fifo.o
 .text          0x00000000        0x0 _build/nrf_delay.o
 .data          0x00000000        0x0 _build/nrf_delay.o
 .bss           0x00000000        0x0 _build/nrf_delay.o
 .text.nrf_delay_ms
                0x00000000       0x3c _build/nrf_delay.o
 .comment       0x00000000       0x80 _build/nrf_delay.o
 .ARM.attributes
                0x00000000       0x31 _build/nrf_delay.o
 .text          0x00000000        0x0 _build/nrf_drv_common.o
 .data          0x00000000        0x0 _build/nrf_drv_common.o
 .bss           0x00000000        0x0 _build/nrf_drv_common.o
 .text          0x00000000        0x0 _build/nrf_drv_gpiote.o
 .data          0x00000000        0x0 _build/nrf_drv_gpiote.o
 .bss           0x00000000        0x0 _build/nrf_drv_gpiote.o
 .text.nrf_drv_gpiote_uninit
                0x00000000       0xe8 _build/nrf_drv_gpiote.o
 .text.nrf_drv_gpiote_out_init
                0x00000000       0xcc _build/nrf_drv_gpiote.o
 .text.nrf_drv_gpiote_out_uninit
                0x00000000       0x34 _build/nrf_drv_gpiote.o
 .text.nrf_drv_gpiote_out_set
                0x00000000       0x10 _build/nrf_drv_gpiote.o
 .text.nrf_drv_gpiote_out_clear
                0x00000000       0x14 _build/nrf_drv_gpiote.o
 .text.nrf_drv_gpiote_out_toggle
                0x00000000       0x2c _build/nrf_drv_gpiote.o
 .text.nrf_drv_gpiote_out_task_enable
                0x00000000       0x38 _build/nrf_drv_gpiote.o
 .text.nrf_drv_gpiote_out_task_disable
                0x00000000       0x28 _build/nrf_drv_gpiote.o
 .text.nrf_drv_gpiote_out_task_addr_get
                0x00000000       0x1c _build/nrf_drv_gpiote.o
 .text.nrf_drv_gpiote_out_task_force
                0x00000000       0x38 _build/nrf_drv_gpiote.o
 .text.nrf_drv_gpiote_out_task_trigger
                0x00000000       0x20 _build/nrf_drv_gpiote.o
 .text.nrf_drv_gpiote_in_event_disable
                0x00000000       0x58 _build/nrf_drv_gpiote.o
 .text.nrf_drv_gpiote_in_uninit
                0x00000000       0xa4 _build/nrf_drv_gpiote.o
 .text.nrf_drv_gpiote_in_event_addr_get
                0x00000000       0x20 _build/nrf_drv_gpiote.o
 .text          0x00000000        0x0 _build/pstorage.o
 .data          0x00000000        0x0 _build/pstorage.o
 .bss           0x00000000        0x0 _build/pstorage.o
 .text          0x00000000        0x0 _build/bsp.o
 .data          0x00000000        0x0 _build/bsp.o
 .bss           0x00000000        0x0 _build/bsp.o
 .text.bsp_buttons_state_get
                0x00000000       0x40 _build/bsp.o
 .text.bsp_indication_text_set
                0x00000000      0x350 _build/bsp.o
 .rodata.bsp_indication_text_set
                0x00000000       0x60 _build/bsp.o
 .text.bsp_buttons_enable
                0x00000000        0x8 _build/bsp.o
 .text.bsp_buttons_disable
                0x00000000        0x8 _build/bsp.o
 .text          0x00000000        0x0 _build/bsp_btn_ble.o
 .data          0x00000000        0x0 _build/bsp_btn_ble.o
 .bss           0x00000000        0x0 _build/bsp_btn_ble.o
 .text          0x00000000        0x0 _build/main.o
 .data          0x00000000        0x0 _build/main.o
 .bss           0x00000000        0x0 _build/main.o
 .text          0x00000000        0x0 _build/ble_advdata.o
 .data          0x00000000        0x0 _build/ble_advdata.o
 .bss           0x00000000        0x0 _build/ble_advdata.o
 .text          0x00000000        0x0 _build/ble_advertising.o
 .data          0x00000000        0x0 _build/ble_advertising.o
 .bss           0x00000000        0x0 _build/ble_advertising.o
 .text.ble_advertising_peer_addr_reply
                0x00000000       0x3c _build/ble_advertising.o
 .text.ble_advertising_whitelist_reply
                0x00000000       0xd4 _build/ble_advertising.o
 .text          0x00000000        0x0 _build/ble_bas.o
 .data          0x00000000        0x0 _build/ble_bas.o
 .bss           0x00000000        0x0 _build/ble_bas.o
 .text          0x00000000        0x0 _build/ble_conn_params.o
 .data          0x00000000        0x0 _build/ble_conn_params.o
 .bss           0x00000000        0x0 _build/ble_conn_params.o
 .text.ble_conn_params_stop
                0x00000000       0x10 _build/ble_conn_params.o
 .text.ble_conn_params_change_conn_params
                0x00000000       0x70 _build/ble_conn_params.o
 .text          0x00000000        0x0 _build/ble_dis.o
 .data          0x00000000        0x0 _build/ble_dis.o
 .bss           0x00000000        0x0 _build/ble_dis.o
 .text          0x00000000        0x0 _build/ble_rscs.o
 .data          0x00000000        0x0 _build/ble_rscs.o
 .bss           0x00000000        0x0 _build/ble_rscs.o
 .text          0x00000000        0x0 _build/ble_srv_common.o
 .data          0x00000000        0x0 _build/ble_srv_common.o
 .bss           0x00000000        0x0 _build/ble_srv_common.o
 .text          0x00000000        0x0 _build/device_manager_peripheral.o
 .data          0x00000000        0x0 _build/device_manager_peripheral.o
 .bss           0x00000000        0x0 _build/device_manager_peripheral.o
 .text.sd_ble_gap_authenticate
                0x00000000        0x4 _build/device_manager_peripheral.o
 .text.dm_security_setup_req
                0x00000000       0x5c _build/device_manager_peripheral.o
 .text.dm_security_status_req
                0x00000000       0x74 _build/device_manager_peripheral.o
 .text.dm_whitelist_create
                0x00000000      0x264 _build/device_manager_peripheral.o
 .text.dm_device_add
                0x00000000        0x8 _build/device_manager_peripheral.o
 .text.dm_device_delete
                0x00000000       0xbc _build/device_manager_peripheral.o
 .text.dm_device_delete_all
                0x00000000       0xb8 _build/device_manager_peripheral.o
 .text.dm_service_context_set
                0x00000000       0xbc _build/device_manager_peripheral.o
 .text.dm_service_context_get
                0x00000000       0xd4 _build/device_manager_peripheral.o
 .text.dm_service_context_delete
                0x00000000       0x5c _build/device_manager_peripheral.o
 .text.dm_application_context_set
                0x00000000        0x8 _build/device_manager_peripheral.o
 .text.dm_application_context_get
                0x00000000        0x8 _build/device_manager_peripheral.o
 .text.dm_application_context_delete
                0x00000000        0x8 _build/device_manager_peripheral.o
 .text.dm_application_instance_set
                0x00000000       0x3c _build/device_manager_peripheral.o
 .text.dm_handle_initialize
                0x00000000       0x1c _build/device_manager_peripheral.o
 .text.dm_peer_addr_set
                0x00000000       0xbc _build/device_manager_peripheral.o
 .text.dm_peer_addr_get
                0x00000000       0x88 _build/device_manager_peripheral.o
 .text.dm_distributed_keys_get
                0x00000000       0xbc _build/device_manager_peripheral.o
 .text.bond_data_load
                0x00000000       0x50 _build/device_manager_peripheral.o
 .text.dm_handle_get
                0x00000000       0x48 _build/device_manager_peripheral.o
 .bss.m_local_id_info
                0x00000000       0x17 _build/device_manager_peripheral.o
 .rodata.m_context_init_len
                0x00000000        0x4 _build/device_manager_peripheral.o
 .text          0x00000000        0x0 _build/system_nrf51.o
 .data          0x00000000        0x0 _build/system_nrf51.o
 .bss           0x00000000        0x0 _build/system_nrf51.o
 .text.SystemCoreClockUpdate
                0x00000000       0x10 _build/system_nrf51.o
 .data.SystemCoreClock
                0x00000000        0x4 _build/system_nrf51.o
 .text          0x00000000        0x0 _build/softdevice_handler.o
 .data          0x00000000        0x0 _build/softdevice_handler.o
 .bss           0x00000000        0x0 _build/softdevice_handler.o
 .text.sd_softdevice_disable
                0x00000000        0x4 _build/softdevice_handler.o
 .text.intern_softdevice_events_execute
                0x00000000       0x14 _build/softdevice_handler.o
 .text.softdevice_handler_sd_disable
                0x00000000       0x18 _build/softdevice_handler.o
 .data          0x00000000        0x0 _build/gcc_startup_nrf51.o
 .bss           0x00000000        0x0 _build/gcc_startup_nrf51.o
 .ARM.extab     0x00000000        0x0 _build/gcc_startup_nrf51.o
 .data          0x00000000        0x0 c:/program files (x86)/gnu tools arm embedded/6 2017-q2-update/bin/../lib/gcc/arm-none-eabi/6.3.1/thumb/v6-m\libgcc.a(_udivsi3.o)
 .bss           0x00000000        0x0 c:/program files (x86)/gnu tools arm embedded/6 2017-q2-update/bin/../lib/gcc/arm-none-eabi/6.3.1/thumb/v6-m\libgcc.a(_udivsi3.o)
 .data          0x00000000        0x0 c:/program files (x86)/gnu tools arm embedded/6 2017-q2-update/bin/../lib/gcc/arm-none-eabi/6.3.1/thumb/v6-m\libgcc.a(_dvmd_tls.o)
 .bss           0x00000000        0x0 c:/program files (x86)/gnu tools arm embedded/6 2017-q2-update/bin/../lib/gcc/arm-none-eabi/6.3.1/thumb/v6-m\libgcc.a(_dvmd_tls.o)
 .text          0x00000000        0x0 c:/program files (x86)/gnu tools arm embedded/6 2017-q2-update/bin/../lib/gcc/arm-none-eabi/6.3.1/../../../../arm-none-eabi/lib/thumb/v6-m\libc_nano.a(lib_a-memcmp.o)
 .data          0x00000000        0x0 c:/program files (x86)/gnu tools arm embedded/6 2017-q2-update/bin/../lib/gcc/arm-none-eabi/6.3.1/../../../../arm-none-eabi/lib/thumb/v6-m\libc_nano.a(lib_a-memcmp.o)
 .bss           0x00000000        0x0 c:/program files (x86)/gnu tools arm embedded/6 2017-q2-update/bin/../lib/gcc/arm-none-eabi/6.3.1/../../../../arm-none-eabi/lib/thumb/v6-m\libc_nano.a(lib_a-memcmp.o)
 .text          0x00000000        0x0 c:/program files (x86)/gnu tools arm embedded/6 2017-q2-update/bin/../lib/gcc/arm-none-eabi/6.3.1/../../../../arm-none-eabi/lib/thumb/v6-m\libc_nano.a(lib_a-memcpy-stub.o)
 .data          0x00000000        0x0 c:/program files (x86)/gnu tools arm embedded/6 2017-q2-update/bin/../lib/gcc/arm-none-eabi/6.3.1/../../../../arm-none-eabi/lib/thumb/v6-m\libc_nano.a(lib_a-memcpy-stub.o)
 .bss           0x00000000        0x0 c:/program files (x86)/gnu tools arm embedded/6 2017-q2-update/bin/../lib/gcc/arm-none-eabi/6.3.1/../../../../arm-none-eabi/lib/thumb/v6-m\libc_nano.a(lib_a-memcpy-stub.o)
 .data          0x00000000        0x0 c:/program files (x86)/gnu tools arm embedded/6 2017-q2-update/bin/../lib/gcc/arm-none-eabi/6.3.1/../../../../arm-none-eabi/lib/thumb/v6-m\libc_nano.a(lib_a-strlen.o)
 .bss           0x00000000        0x0 c:/program files (x86)/gnu tools arm embedded/6 2017-q2-update/bin/../lib/gcc/arm-none-eabi/6.3.1/../../../../arm-none-eabi/lib/thumb/v6-m\libc_nano.a(lib_a-strlen.o)
 .text          0x00000000        0x0 c:/program files (x86)/gnu tools arm embedded/6 2017-q2-update/bin/../lib/gcc/arm-none-eabi/6.3.1/thumb/v6-m/crtend.o
 .data          0x00000000        0x0 c:/program files (x86)/gnu tools arm embedded/6 2017-q2-update/bin/../lib/gcc/arm-none-eabi/6.3.1/thumb/v6-m/crtend.o
 .bss           0x00000000        0x0 c:/program files (x86)/gnu tools arm embedded/6 2017-q2-update/bin/../lib/gcc/arm-none-eabi/6.3.1/thumb/v6-m/crtend.o
 .eh_frame      0x00000000        0x4 c:/program files (x86)/gnu tools arm embedded/6 2017-q2-update/bin/../lib/gcc/arm-none-eabi/6.3.1/thumb/v6-m/crtend.o
 .jcr           0x00000000        0x4 c:/program files (x86)/gnu tools arm embedded/6 2017-q2-update/bin/../lib/gcc/arm-none-eabi/6.3.1/thumb/v6-m/crtend.o
 .ARM.attributes
                0x00000000       0x2c c:/program files (x86)/gnu tools arm embedded/6 2017-q2-update/bin/../lib/gcc/arm-none-eabi/6.3.1/thumb/v6-m/crtend.o
 .text          0x00000000        0x0 c:/program files (x86)/gnu tools arm embedded/6 2017-q2-update/bin/../lib/gcc/arm-none-eabi/6.3.1/thumb/v6-m/crtn.o
 .data          0x00000000        0x0 c:/program files (x86)/gnu tools arm embedded/6 2017-q2-update/bin/../lib/gcc/arm-none-eabi/6.3.1/thumb/v6-m/crtn.o
 .bss           0x00000000        0x0 c:/program files (x86)/gnu tools arm embedded/6 2017-q2-update/bin/../lib/gcc/arm-none-eabi/6.3.1/thumb/v6-m/crtn.o

Memory Configuration

Name             Origin             Length             Attributes
FLASH            0x00018000         0x00028000         xr
RAM              0x20002000         0x00006000         xrw
*default*        0x00000000         0xffffffff

Linker script and memory map

LOAD c:/program files (x86)/gnu tools arm embedded/6 2017-q2-update/bin/../lib/gcc/arm-none-eabi/6.3.1/thumb/v6-m/crti.o
LOAD c:/program files (x86)/gnu tools arm embedded/6 2017-q2-update/bin/../lib/gcc/arm-none-eabi/6.3.1/thumb/v6-m/crtbegin.o
LOAD c:/program files (x86)/gnu tools arm embedded/6 2017-q2-update/bin/../lib/gcc/arm-none-eabi/6.3.1/../../../../arm-none-eabi/lib/thumb/v6-m/crt0.o
LOAD c:/program files (x86)/gnu tools arm embedded/6 2017-q2-update/bin/../lib/gcc/arm-none-eabi/6.3.1/../../../../arm-none-eabi/lib/thumb/v6-m\libc_nano.a
LOAD c:/program files (x86)/gnu tools arm embedded/6 2017-q2-update/bin/../lib/gcc/arm-none-eabi/6.3.1/../../../../arm-none-eabi/lib/thumb/v6-m\libnosys.a
LOAD _build/app_button.o
LOAD _build/app_error.o
LOAD _build/app_fifo.o
LOAD _build/app_timer.o
LOAD _build/app_trace.o
LOAD _build/nrf_assert.o
LOAD _build/retarget.o
LOAD _build/sensorsim.o
LOAD _build/app_uart_fifo.o
LOAD _build/nrf_delay.o
LOAD _build/nrf_drv_common.o
LOAD _build/nrf_drv_gpiote.o
LOAD _build/pstorage.o
LOAD _build/bsp.o
LOAD _build/bsp_btn_ble.o
LOAD _build/main.o
LOAD _build/ble_advdata.o
LOAD _build/ble_advertising.o
LOAD _build/ble_bas.o
LOAD _build/ble_conn_params.o
LOAD _build/ble_dis.o
LOAD _build/ble_rscs.o
LOAD _build/ble_srv_common.o
LOAD _build/device_manager_peripheral.o
LOAD _build/system_nrf51.o
LOAD _build/softdevice_handler.o
LOAD _build/gcc_startup_nrf51.o
START GROUP
LOAD c:/program files (x86)/gnu tools arm embedded/6 2017-q2-update/bin/../lib/gcc/arm-none-eabi/6.3.1/thumb/v6-m\libgcc.a
LOAD c:/program files (x86)/gnu tools arm embedded/6 2017-q2-update/bin/../lib/gcc/arm-none-eabi/6.3.1/../../../../arm-none-eabi/lib/thumb/v6-m\libc_nano.a
END GROUP
START GROUP
LOAD c:/program files (x86)/gnu tools arm embedded/6 2017-q2-update/bin/../lib/gcc/arm-none-eabi/6.3.1/thumb/v6-m\libgcc.a
LOAD c:/program files (x86)/gnu tools arm embedded/6 2017-q2-update/bin/../lib/gcc/arm-none-eabi/6.3.1/../../../../arm-none-eabi/lib/thumb/v6-m\libc_nano.a
END GROUP
LOAD c:/program files (x86)/gnu tools arm embedded/6 2017-q2-update/bin/../lib/gcc/arm-none-eabi/6.3.1/thumb/v6-m/crtend.o
LOAD c:/program files (x86)/gnu tools arm embedded/6 2017-q2-update/bin/../lib/gcc/arm-none-eabi/6.3.1/thumb/v6-m/crtn.o
START GROUP
LOAD c:/program files (x86)/gnu tools arm embedded/6 2017-q2-update/bin/../lib/gcc/arm-none-eabi/6.3.1/thumb/v6-m\libgcc.a
LOAD c:/program files (x86)/gnu tools arm embedded/6 2017-q2-update/bin/../lib/gcc/arm-none-eabi/6.3.1/../../../../arm-none-eabi/lib/thumb/v6-m\libc.a
LOAD c:/program files (x86)/gnu tools arm embedded/6 2017-q2-update/bin/../lib/gcc/arm-none-eabi/6.3.1/../../../../arm-none-eabi/lib/thumb/v6-m\libnosys.a
END GROUP

.text           0x00018000     0x61bc
 *(.Vectors)
 .Vectors       0x00018000       0xc0 _build/gcc_startup_nrf51.o
                0x00018000                __Vectors
 *(.text*)
 .text          0x000180c0       0x78 c:/program files (x86)/gnu tools arm embedded/6 2017-q2-update/bin/../lib/gcc/arm-none-eabi/6.3.1/../../../../arm-none-eabi/lib/thumb/v6-m/crt0.o
                0x000180c0                _start
                0x000180c0                _mainCRTStartup
 .text.exit     0x00018138       0x2c c:/program files (x86)/gnu tools arm embedded/6 2017-q2-update/bin/../lib/gcc/arm-none-eabi/6.3.1/../../../../arm-none-eabi/lib/thumb/v6-m\libc_nano.a(lib_a-exit.o)
                0x00018138                exit
 .text.__libc_init_array
                0x00018164       0x48 c:/program files (x86)/gnu tools arm embedded/6 2017-q2-update/bin/../lib/gcc/arm-none-eabi/6.3.1/../../../../arm-none-eabi/lib/thumb/v6-m\libc_nano.a(lib_a-init.o)
                0x00018164                __libc_init_array
 .text.memset   0x000181ac       0x10 c:/program files (x86)/gnu tools arm embedded/6 2017-q2-update/bin/../lib/gcc/arm-none-eabi/6.3.1/../../../../arm-none-eabi/lib/thumb/v6-m\libc_nano.a(lib_a-memset.o)
                0x000181ac                memset
 .text._exit    0x000181bc        0x4 c:/program files (x86)/gnu tools arm embedded/6 2017-q2-update/bin/../lib/gcc/arm-none-eabi/6.3.1/../../../../arm-none-eabi/lib/thumb/v6-m\libnosys.a(_exit.o)
                0x000181bc                _exit
 .text.detection_delay_timeout_handler
                0x000181c0       0xa8 _build/app_button.o
 .text.gpiote_event_handler
                0x00018268       0x5c _build/app_button.o
 .text.app_button_init
                0x000182c4       0xb0 _build/app_button.o
                0x000182c4                app_button_init
 .text.app_button_enable
                0x00018374       0x30 _build/app_button.o
                0x00018374                app_button_enable
 .text.app_error_handler
                0x000183a4       0x18 _build/app_error.o
                0x000183a4                app_error_handler
 .text.app_fifo_put
                0x000183bc       0x28 _build/app_fifo.o
                0x000183bc                app_fifo_put
 .text.app_fifo_get
                0x000183e4       0x24 _build/app_fifo.o
                0x000183e4                app_fifo_get
 .text.rtc1_stop
                0x00018408       0x78 _build/app_timer.o
 .text.RTC1_IRQHandler
                0x00018480       0xe4 _build/app_timer.o
                0x00018480                RTC1_IRQHandler
 .text.SWI0_IRQHandler
                0x00018564      0x510 _build/app_timer.o
                0x00018564                SWI0_IRQHandler
 .text.app_timer_init
                0x00018a74      0x108 _build/app_timer.o
                0x00018a74                app_timer_init
 .text.app_timer_create
                0x00018b7c       0x68 _build/app_timer.o
                0x00018b7c                app_timer_create
 .text.app_timer_start
                0x00018be4      0x110 _build/app_timer.o
                0x00018be4                app_timer_start
 .text.app_timer_stop
                0x00018cf4       0xdc _build/app_timer.o
                0x00018cf4                app_timer_stop
 .text.sensorsim_init
                0x00018dd0       0x18 _build/sensorsim.o
                0x00018dd0                sensorsim_init
 .text.sensorsim_measure
                0x00018de8       0x40 _build/sensorsim.o
                0x00018de8                sensorsim_measure
 .text.UART0_IRQHandler
                0x00018e28      0x124 _build/app_uart_fifo.o
                0x00018e28                UART0_IRQHandler
 .text.nrf_drv_common_irq_enable
                0x00018f4c       0x7c _build/nrf_drv_common.o
                0x00018f4c                nrf_drv_common_irq_enable
 .text.nrf_drv_gpiote_init
                0x00018fc8       0x74 _build/nrf_drv_gpiote.o
                0x00018fc8                nrf_drv_gpiote_init
 .text.nrf_drv_gpiote_is_init
                0x0001903c       0x10 _build/nrf_drv_gpiote.o
                0x0001903c                nrf_drv_gpiote_is_init
 .text.nrf_drv_gpiote_in_init
                0x0001904c      0x188 _build/nrf_drv_gpiote.o
                0x0001904c                nrf_drv_gpiote_in_init
 .text.nrf_drv_gpiote_in_event_enable
                0x000191d4       0x9c _build/nrf_drv_gpiote.o
                0x000191d4                nrf_drv_gpiote_in_event_enable
 .text.nrf_drv_gpiote_in_is_set
                0x00019270       0x14 _build/nrf_drv_gpiote.o
                0x00019270                nrf_drv_gpiote_in_is_set
 .text.GPIOTE_IRQHandler
                0x00019284      0x4d4 _build/nrf_drv_gpiote.o
                0x00019284                GPIOTE_IRQHandler
 .text.sd_flash_write
                0x00019758        0x4 _build/pstorage.o
 .text.sd_flash_page_erase
                0x0001975c        0x4 _build/pstorage.o
 .text.swap_state_process
                0x00019760      0x1dc _build/pstorage.o
 .text.cmd_process
                0x0001993c      0x130 _build/pstorage.o
 .text.cmd_queue_enqueue
                0x00019a6c       0x64 _build/pstorage.o
 .text.pstorage_sys_event_handler
                0x00019ad0      0x188 _build/pstorage.o
                0x00019ad0                pstorage_sys_event_handler
 .text.pstorage_init
                0x00019c58      0x178 _build/pstorage.o
                0x00019c58                pstorage_init
 .text.pstorage_register
                0x00019dd0      0x138 _build/pstorage.o
                0x00019dd0                pstorage_register
 .text.pstorage_block_identifier_get
                0x00019f08       0x50 _build/pstorage.o
                0x00019f08                pstorage_block_identifier_get
 .text.pstorage_store
                0x00019f58       0x7c _build/pstorage.o
                0x00019f58                pstorage_store
 .text.pstorage_update
                0x00019fd4       0x7c _build/pstorage.o
                0x00019fd4                pstorage_update
 .text.pstorage_load
                0x0001a050       0xb0 _build/pstorage.o
                0x0001a050                pstorage_load
 .text.pstorage_clear
                0x0001a100       0x68 _build/pstorage.o
                0x0001a100                pstorage_clear
 .text.pstorage_access_status_get
                0x0001a168       0x28 _build/pstorage.o
                0x0001a168                pstorage_access_status_get
 .text.alert_timer_handler
                0x0001a190       0x28 _build/bsp.o
 .text.bsp_button_event_handler
                0x0001a1b8       0xd0 _build/bsp.o
 .text.leds_timer_handler
                0x0001a288      0x2c8 _build/bsp.o
 .text.button_timer_handler
                0x0001a550       0x44 _build/bsp.o
 .text.bsp_button_is_pressed
                0x0001a594       0x2c _build/bsp.o
                0x0001a594                bsp_button_is_pressed
 .text.bsp_indication_set
                0x0001a5c0      0x350 _build/bsp.o
                0x0001a5c0                bsp_indication_set
 .text.bsp_init
                0x0001a910       0xc0 _build/bsp.o
                0x0001a910                bsp_init
 .text.bsp_event_to_button_action_assign
                0x0001a9d0       0x58 _build/bsp.o
                0x0001a9d0                bsp_event_to_button_action_assign
 .text.bsp_wakeup_buttons_set
                0x0001aa28       0x8c _build/bsp.o
                0x0001aa28                bsp_wakeup_buttons_set
 .text.bsp_btn_ble_sleep_mode_prepare
                0x0001aab4       0x18 _build/bsp_btn_ble.o
                0x0001aab4                bsp_btn_ble_sleep_mode_prepare
 .text.bsp_btn_ble_on_ble_evt
                0x0001aacc       0xbc _build/bsp_btn_ble.o
                0x0001aacc                bsp_btn_ble_on_ble_evt
 .text.bsp_btn_ble_init
                0x0001ab88       0x98 _build/bsp_btn_ble.o
                0x0001ab88                bsp_btn_ble_init
 .text.sd_ble_gap_disconnect
                0x0001ac20        0x4 _build/main.o
 .text.sd_ble_gap_appearance_set
                0x0001ac24        0x4 _build/main.o
 .text.sd_ble_gap_ppcp_set
                0x0001ac28        0x4 _build/main.o
 .text.sd_ble_gap_device_name_set
                0x0001ac2c        0x4 _build/main.o
 .text.sd_ble_enable
                0x0001ac30        0x4 _build/main.o
 .text.sd_power_system_off
                0x0001ac34        0x4 _build/main.o
 .text.sd_app_evt_wait
                0x0001ac38        0x4 _build/main.o
 .text.conn_params_error_handler
                0x0001ac3c        0xc _build/main.o
 .text.rsc_meas_timeout_handler
                0x0001ac48       0x94 _build/main.o
 .text.battery_level_meas_timeout_handler
                0x0001acdc       0x44 _build/main.o
 .text.sys_evt_dispatch
                0x0001ad20       0x10 _build/main.o
 .text.device_manager_evt_handler
                0x0001ad30       0x14 _build/main.o
 .text.on_conn_params_evt
                0x0001ad44       0x28 _build/main.o
 .text.ble_evt_dispatch
                0x0001ad6c       0x64 _build/main.o
 .text.bsp_event_handler
                0x0001add0       0x68 _build/main.o
 .text.on_adv_evt
                0x0001ae38       0x4c _build/main.o
 .text.assert_nrf_callback
                0x0001ae84       0x14 _build/main.o
                0x0001ae84                assert_nrf_callback
 .text.startup.main
                0x0001ae98      0x45c _build/main.o
                0x0001ae98                main
 .text.sd_ble_gap_adv_data_set
                0x0001b2f4        0x4 _build/ble_advdata.o
 .text.sd_ble_gap_appearance_get
                0x0001b2f8        0x4 _build/ble_advdata.o
 .text.sd_ble_gap_device_name_get
                0x0001b2fc        0x4 _build/ble_advdata.o
 .text.sd_ble_uuid_encode
                0x0001b300        0x4 _build/ble_advdata.o
 .text.uuid_list_sized_encode
                0x0001b304       0xf4 _build/ble_advdata.o
 .text.ble_advdata_set
                0x0001b3f8      0x750 _build/ble_advdata.o
                0x0001b3f8                ble_advdata_set
 .text.sd_ble_gap_adv_start
                0x0001bb48        0x4 _build/ble_advertising.o
 .text.sd_ble_gap_adv_stop
                0x0001bb4c        0x4 _build/ble_advertising.o
 .text.ble_advertising_start.part.1
                0x0001bb50      0x22c _build/ble_advertising.o
 .text.ble_advertising_init
                0x0001bd7c      0x17c _build/ble_advertising.o
                0x0001bd7c                ble_advertising_init
 .text.ble_advertising_start
                0x0001bef8       0x3c _build/ble_advertising.o
                0x0001bef8                ble_advertising_start
 .text.ble_advertising_on_ble_evt
                0x0001bf34      0x154 _build/ble_advertising.o
                0x0001bf34                ble_advertising_on_ble_evt
 .text.ble_advertising_on_sys_evt
                0x0001c088       0x54 _build/ble_advertising.o
                0x0001c088                ble_advertising_on_sys_evt
 .text.ble_advertising_restart_without_whitelist
                0x0001c0dc       0x78 _build/ble_advertising.o
                0x0001c0dc                ble_advertising_restart_without_whitelist
 .text.sd_ble_gatts_service_add
                0x0001c154        0x4 _build/ble_bas.o
 .text.sd_ble_gatts_characteristic_add
                0x0001c158        0x4 _build/ble_bas.o
 .text.sd_ble_gatts_descriptor_add
                0x0001c15c        0x4 _build/ble_bas.o
 .text.sd_ble_gatts_value_set
                0x0001c160        0x4 _build/ble_bas.o
 .text.sd_ble_gatts_hvx
                0x0001c164        0x4 _build/ble_bas.o
 .text.ble_bas_on_ble_evt
                0x0001c168       0x58 _build/ble_bas.o
                0x0001c168                ble_bas_on_ble_evt
 .text.ble_bas_init
                0x0001c1c0      0x1d4 _build/ble_bas.o
                0x0001c1c0                ble_bas_init
 .text.ble_bas_battery_level_update
                0x0001c394       0x78 _build/ble_bas.o
                0x0001c394                ble_bas_battery_level_update
 .text.sd_ble_gap_conn_param_update
                0x0001c40c        0x4 _build/ble_conn_params.o
 .text.sd_ble_gap_disconnect
                0x0001c410        0x4 _build/ble_conn_params.o
 .text.sd_ble_gap_ppcp_set
                0x0001c414        0x4 _build/ble_conn_params.o
 .text.sd_ble_gap_ppcp_get
                0x0001c418        0x4 _build/ble_conn_params.o
 .text.update_timeout_handler
                0x0001c41c       0x78 _build/ble_conn_params.o
 .text.conn_params_negotiation
                0x0001c494       0x8c _build/ble_conn_params.o
 .text.ble_conn_params_init
                0x0001c520       0x78 _build/ble_conn_params.o
                0x0001c520                ble_conn_params_init
 .text.ble_conn_params_on_ble_evt
                0x0001c598       0xb0 _build/ble_conn_params.o
                0x0001c598                ble_conn_params_on_ble_evt
 .text.sd_ble_gatts_service_add
                0x0001c648        0x4 _build/ble_dis.o
 .text.sd_ble_gatts_characteristic_add
                0x0001c64c        0x4 _build/ble_dis.o
 .text.char_add
                0x0001c650       0xd0 _build/ble_dis.o
 .text.ble_dis_init
                0x0001c720      0x2f4 _build/ble_dis.o
                0x0001c720                ble_dis_init
 .text.sd_ble_gatts_service_add
                0x0001ca14        0x4 _build/ble_rscs.o
 .text.sd_ble_gatts_characteristic_add
                0x0001ca18        0x4 _build/ble_rscs.o
 .text.sd_ble_gatts_hvx
                0x0001ca1c        0x4 _build/ble_rscs.o
 .text.ble_rscs_on_ble_evt
                0x0001ca20       0x54 _build/ble_rscs.o
                0x0001ca20                ble_rscs_on_ble_evt
 .text.ble_rscs_init
                0x0001ca74      0x220 _build/ble_rscs.o
                0x0001ca74                ble_rscs_init
 .text.ble_rscs_measurement_send
                0x0001cc94       0xcc _build/ble_rscs.o
                0x0001cc94                ble_rscs_measurement_send
 .text.ble_srv_report_ref_encode
                0x0001cd60        0xc _build/ble_srv_common.o
                0x0001cd60                ble_srv_report_ref_encode
 .text.ble_srv_ascii_to_utf8
                0x0001cd6c       0x14 _build/ble_srv_common.o
                0x0001cd6c                ble_srv_ascii_to_utf8
 .text.sd_ble_gap_sec_params_reply
                0x0001cd80        0x4 _build/device_manager_peripheral.o
 .text.sd_ble_gap_sec_info_reply
                0x0001cd84        0x4 _build/device_manager_peripheral.o
 .text.sd_ble_gatts_service_changed
                0x0001cd88        0x4 _build/device_manager_peripheral.o
 .text.sd_ble_gatts_sys_attr_set
                0x0001cd8c        0x4 _build/device_manager_peripheral.o
 .text.sd_ble_gatts_sys_attr_get
                0x0001cd90        0x4 _build/device_manager_peripheral.o
 .text.storage_operation_dummy_handler
                0x0001cd94        0x4 _build/device_manager_peripheral.o
 .text.gattc_context_load
                0x0001cd98        0x4 _build/device_manager_peripheral.o
 .text.gattc_context_apply
                0x0001cd9c        0x4 _build/device_manager_peripheral.o
 .text.gatts_context_apply
                0x0001cda0       0xd8 _build/device_manager_peripheral.o
 .text.gatts_context_store
                0x0001ce78       0xd0 _build/device_manager_peripheral.o
 .text.gatts_context_load
                0x0001cf48       0x3c _build/device_manager_peripheral.o
 .text.dm_pstorage_cb_handler
                0x0001cf84      0x140 _build/device_manager_peripheral.o
 .text.no_service_context_apply
                0x0001d0c4        0x4 _build/device_manager_peripheral.o
 .text.gattc_context_store
                0x0001d0c8        0x4 _build/device_manager_peripheral.o
 .text.no_service_context_load
                0x0001d0cc        0x4 _build/device_manager_peripheral.o
 .text.no_service_context_store
                0x0001d0d0        0x4 _build/device_manager_peripheral.o
 .text.gattsc_context_load
                0x0001d0d4       0x3c _build/device_manager_peripheral.o
 .text.gattsc_context_apply
                0x0001d110       0xd8 _build/device_manager_peripheral.o
 .text.gattsc_context_store
                0x0001d1e8       0xd0 _build/device_manager_peripheral.o
 .text.dm_init  0x0001d2b8      0x138 _build/device_manager_peripheral.o
                0x0001d2b8                dm_init
 .text.dm_register
                0x0001d3f0       0x7c _build/device_manager_peripheral.o
                0x0001d3f0                dm_register
 .text.dm_ble_evt_handler
                0x0001d46c      0x70c _build/device_manager_peripheral.o
                0x0001d46c                dm_ble_evt_handler
 .text.SystemInit
                0x0001db78       0x94 _build/system_nrf51.o
                0x0001db78                SystemInit
 .text.sd_nvic_EnableIRQ
                0x0001dc0c        0x4 _build/softdevice_handler.o
 .text.sd_evt_get
                0x0001dc10        0x4 _build/softdevice_handler.o
 .text.sd_softdevice_enable
                0x0001dc14        0x4 _build/softdevice_handler.o
 .text.sd_ble_evt_get
                0x0001dc18        0x4 _build/softdevice_handler.o
 .text.softdevice_assertion_handler
                0x0001dc1c        0xc _build/softdevice_handler.o
                0x0001dc1c                softdevice_assertion_handler
 .text.intern_softdevice_events_execute.part.0
                0x0001dc28       0xc0 _build/softdevice_handler.o
 .text.softdevice_handler_init
                0x0001dce8       0x4c _build/softdevice_handler.o
                0x0001dce8                softdevice_handler_init
 .text.softdevice_ble_evt_handler_set
                0x0001dd34       0x14 _build/softdevice_handler.o
                0x0001dd34                softdevice_ble_evt_handler_set
 .text.softdevice_sys_evt_handler_set
                0x0001dd48       0x14 _build/softdevice_handler.o
                0x0001dd48                softdevice_sys_evt_handler_set
 .text.SWI2_IRQHandler
                0x0001dd5c       0x34 _build/softdevice_handler.o
                0x0001dd5c                SWI2_IRQHandler
 .text          0x0001dd90       0x54 _build/gcc_startup_nrf51.o
                0x0001dd90                Reset_Handler
                0x0001ddd8                NMI_Handler
                0x0001ddda                HardFault_Handler
                0x0001dddc                SVC_Handler
                0x0001ddde                PendSV_Handler
                0x0001dde0                SysTick_Handler
                0x0001dde2                RTC0_IRQHandler
                0x0001dde2                POWER_CLOCK_IRQHandler
                0x0001dde2                SPI0_TWI0_IRQHandler
                0x0001dde2                LPCOMP_IRQHandler
                0x0001dde2                SWI4_IRQHandler
                0x0001dde2                TEMP_IRQHandler
                0x0001dde2                QDEC_IRQHandler
                0x0001dde2                SWI5_IRQHandler
                0x0001dde2                TIMER0_IRQHandler
                0x0001dde2                RADIO_IRQHandler
                0x0001dde2                TIMER1_IRQHandler
                0x0001dde2                ECB_IRQHandler
                0x0001dde2                Default_Handler
                0x0001dde2                ADC_IRQHandler
                0x0001dde2                SWI3_IRQHandler
                0x0001dde2                CCM_AAR_IRQHandler
                0x0001dde2                WDT_IRQHandler
                0x0001dde2                TIMER2_IRQHandler
                0x0001dde2                RNG_IRQHandler
                0x0001dde2                SPI1_TWI1_IRQHandler
                0x0001dde2                SWI1_IRQHandler
 .text          0x0001dde4      0x114 c:/program files (x86)/gnu tools arm embedded/6 2017-q2-update/bin/../lib/gcc/arm-none-eabi/6.3.1/thumb/v6-m\libgcc.a(_udivsi3.o)
                0x0001dde4                __aeabi_uidiv
                0x0001dde4                __udivsi3
                0x0001def0                __aeabi_uidivmod
 .text          0x0001def8        0x4 c:/program files (x86)/gnu tools arm embedded/6 2017-q2-update/bin/../lib/gcc/arm-none-eabi/6.3.1/thumb/v6-m\libgcc.a(_dvmd_tls.o)
                0x0001def8                __aeabi_idiv0
                0x0001def8                __aeabi_ldiv0
 .text.memcmp   0x0001defc       0x1e c:/program files (x86)/gnu tools arm embedded/6 2017-q2-update/bin/../lib/gcc/arm-none-eabi/6.3.1/../../../../arm-none-eabi/lib/thumb/v6-m\libc_nano.a(lib_a-memcmp.o)
                0x0001defc                memcmp
 .text.memcpy   0x0001df1a       0x12 c:/program files (x86)/gnu tools arm embedded/6 2017-q2-update/bin/../lib/gcc/arm-none-eabi/6.3.1/../../../../arm-none-eabi/lib/thumb/v6-m\libc_nano.a(lib_a-memcpy-stub.o)
                0x0001df1a                memcpy
 .text          0x0001df2c        0xe c:/program files (x86)/gnu tools arm embedded/6 2017-q2-update/bin/../lib/gcc/arm-none-eabi/6.3.1/../../../../arm-none-eabi/lib/thumb/v6-m\libc_nano.a(lib_a-strlen.o)
                0x0001df2c                strlen
 *(.init)
 *fill*         0x0001df3a        0x2 
 .init          0x0001df3c        0x4 c:/program files (x86)/gnu tools arm embedded/6 2017-q2-update/bin/../lib/gcc/arm-none-eabi/6.3.1/thumb/v6-m/crti.o
                0x0001df3c                _init
 .init          0x0001df40        0x8 c:/program files (x86)/gnu tools arm embedded/6 2017-q2-update/bin/../lib/gcc/arm-none-eabi/6.3.1/thumb/v6-m/crtn.o
 *(.fini)
 .fini          0x0001df48        0x4 c:/program files (x86)/gnu tools arm embedded/6 2017-q2-update/bin/../lib/gcc/arm-none-eabi/6.3.1/thumb/v6-m/crti.o
                0x0001df48                _fini
 .fini          0x0001df4c        0x8 c:/program files (x86)/gnu tools arm embedded/6 2017-q2-update/bin/../lib/gcc/arm-none-eabi/6.3.1/thumb/v6-m/crtn.o
 *crtbegin.o(.ctors)
 *crtbegin?.o(.ctors)
 *(EXCLUDE_FILE(*crtend.o *crtend?.o) .ctors)
 *(SORT(.ctors.*))
 *(.ctors)
 *crtbegin.o(.dtors)
 *crtbegin?.o(.dtors)
 *(EXCLUDE_FILE(*crtend.o *crtend?.o) .dtors)
 *(SORT(.dtors.*))
 *(.dtors)
 *(.rodata*)
 .rodata._global_impure_ptr
                0x0001df54        0x4 c:/program files (x86)/gnu tools arm embedded/6 2017-q2-update/bin/../lib/gcc/arm-none-eabi/6.3.1/../../../../arm-none-eabi/lib/thumb/v6-m\libc_nano.a(lib_a-impure.o)
                0x0001df54                _global_impure_ptr
 .rodata.swap_state_process
                0x0001df58       0x1c _build/pstorage.o
 .rodata.leds_timer_handler
                0x0001df74       0x60 _build/bsp.o
 .rodata.bsp_indication_set
                0x0001dfd4       0x60 _build/bsp.o
 .rodata.app_buttons
                0x0001e034       0x20 _build/bsp.o
 .rodata.m_buttons_list
                0x0001e054       0x10 _build/bsp.o
 .rodata.main.str1.4
                0x0001e064       0x20 _build/main.o
 .rodata.dm_ble_evt_handler
                0x0001e084      0x108 _build/device_manager_peripheral.o
 .rodata.m_service_context_apply
                0x0001e18c       0x10 _build/device_manager_peripheral.o
                0x0001e18c                m_service_context_apply
 .rodata.m_service_context_load
                0x0001e19c       0x10 _build/device_manager_peripheral.o
                0x0001e19c                m_service_context_load
 .rodata.m_service_context_store
                0x0001e1ac       0x10 _build/device_manager_peripheral.o
                0x0001e1ac                m_service_context_store
 *(.eh_frame*)
                0x0001e1bc                . = ALIGN (0x4)

.glue_7         0x0001e1bc        0x0
 .glue_7        0x0001e1bc        0x0 linker stubs

.glue_7t        0x0001e1bc        0x0
 .glue_7t       0x0001e1bc        0x0 linker stubs

.vfp11_veneer   0x0001e1bc        0x0
 .vfp11_veneer  0x0001e1bc        0x0 linker stubs

.v4_bx          0x0001e1bc        0x0
 .v4_bx         0x0001e1bc        0x0 linker stubs

.iplt           0x0001e1bc        0x0
 .iplt          0x0001e1bc        0x0 c:/program files (x86)/gnu tools arm embedded/6 2017-q2-update/bin/../lib/gcc/arm-none-eabi/6.3.1/thumb/v6-m/crtbegin.o

.ARM.extab      0x0001e1bc        0x0
 *(.ARM.extab* .gnu.linkonce.armextab.*)
                0x0001e1bc                . = ALIGN (0x4)
                0x0001e1bc                __exidx_start = .

.ARM.exidx      0x0001e1bc        0x8
 *(.ARM.exidx* .gnu.linkonce.armexidx.*)
 .ARM.exidx     0x0001e1bc        0x8 c:/program files (x86)/gnu tools arm embedded/6 2017-q2-update/bin/../lib/gcc/arm-none-eabi/6.3.1/../../../../arm-none-eabi/lib/thumb/v6-m/crt0.o
 .ARM.exidx     0x0001e1c4        0x0 _build/gcc_startup_nrf51.o
                                  0x8 (size before relaxing)
                0x0001e1c4                . = ALIGN (0x4)
                0x0001e1c4                __exidx_end = .
                0x0001e1c4                __etext = .

.rel.dyn        0x0001e1c4        0x0
 .rel.iplt      0x0001e1c4        0x0 c:/program files (x86)/gnu tools arm embedded/6 2017-q2-update/bin/../lib/gcc/arm-none-eabi/6.3.1/thumb/v6-m/crtbegin.o

.data           0x20002000       0x70 load address 0x0001e1c4
                0x20002000                __data_start__ = .
 *(vtable)
 *(.data*)
 .data.impure_data
                0x20002000       0x60 c:/program files (x86)/gnu tools arm embedded/6 2017-q2-update/bin/../lib/gcc/arm-none-eabi/6.3.1/../../../../arm-none-eabi/lib/thumb/v6-m\libc_nano.a(lib_a-impure.o)
 .data.m_adv_uuids
                0x20002060        0xc _build/main.o
 .data.m_conn_handle
                0x2000206c        0x2 _build/main.o
 .data.current_slave_link_conn_handle.7233
                0x2000206e        0x2 _build/ble_advertising.o
                0x20002070                . = ALIGN (0x4)
                0x20002070                PROVIDE (__preinit_array_start, .)
 *(.preinit_array)
                0x20002070                PROVIDE (__preinit_array_end, .)
                0x20002070                . = ALIGN (0x4)
                0x20002070                PROVIDE (__init_array_start, .)
 *(SORT(.init_array.*))
 *(.init_array)
                0x20002070                PROVIDE (__init_array_end, .)
                0x20002070                . = ALIGN (0x4)
                [!provide]                PROVIDE (__fini_array_start, .)
 *(SORT(.fini_array.*))
 *(.fini_array)
                [!provide]                PROVIDE (__fini_array_end, .)
 *(.jcr)
                0x20002070                . = ALIGN (0x4)
                0x20002070                __data_end__ = .

.igot.plt       0x20002070        0x0 load address 0x0001e234
 .igot.plt      0x20002070        0x0 c:/program files (x86)/gnu tools arm embedded/6 2017-q2-update/bin/../lib/gcc/arm-none-eabi/6.3.1/thumb/v6-m/crtbegin.o

.bss            0x20002070      0x8a8 load address 0x0001e234
                0x20002070                . = ALIGN (0x4)
                0x20002070                __bss_start__ = .
 *(.bss*)
 .bss.m_button_count
                0x20002070        0x1 _build/app_button.o
 *fill*         0x20002071        0x3 
 .bss.m_detection_delay
                0x20002074        0x4 _build/app_button.o
 .bss.m_detection_delay_timer_id
                0x20002078        0x4 _build/app_button.o
 .bss.m_pin_state
                0x2000207c        0x4 _build/app_button.o
 .bss.m_pin_transition
                0x20002080        0x4 _build/app_button.o
 .bss.mp_buttons
                0x20002084        0x4 _build/app_button.o
 .bss.m_evt_schedule_func
                0x20002088        0x4 _build/app_timer.o
 .bss.m_node_array_size
                0x2000208c        0x1 _build/app_timer.o
 .bss.m_rtc1_reset
                0x2000208d        0x1 _build/app_timer.o
 .bss.m_rtc1_running
                0x2000208e        0x1 _build/app_timer.o
 *fill*         0x2000208f        0x1 
 .bss.m_ticks_elapsed
                0x20002090        0x8 _build/app_timer.o
 .bss.m_ticks_elapsed_q_read_ind
                0x20002098        0x1 _build/app_timer.o
 .bss.m_ticks_elapsed_q_write_ind
                0x20002099        0x1 _build/app_timer.o
 *fill*         0x2000209a        0x2 
 .bss.m_ticks_latest
                0x2000209c        0x4 _build/app_timer.o
 .bss.m_timer_id_head
                0x200020a0        0x4 _build/app_timer.o
 .bss.m_user_array_size
                0x200020a4        0x1 _build/app_timer.o
 *fill*         0x200020a5        0x3 
 .bss.mp_nodes  0x200020a8        0x4 _build/app_timer.o
 .bss.mp_users  0x200020ac        0x4 _build/app_timer.o
 .bss.m_current_state
                0x200020b0        0x1 _build/app_uart_fifo.o
 *fill*         0x200020b1        0x3 
 .bss.m_event_handler
                0x200020b4        0x4 _build/app_uart_fifo.o
 .bss.m_rx_fifo
                0x200020b8       0x10 _build/app_uart_fifo.o
 .bss.m_tx_fifo
                0x200020c8       0x10 _build/app_uart_fifo.o
 .bss.m_cb      0x200020d8       0x54 _build/nrf_drv_gpiote.o
 .bss.m_app_table
                0x2000212c       0x10 _build/pstorage.o
 .bss.m_cmd_queue
                0x2000213c       0xcc _build/pstorage.o
 .bss.m_module_initialized
                0x20002208        0x1 _build/pstorage.o
 *fill*         0x20002209        0x1 
 .bss.m_next_app_instance
                0x2000220a        0x2 _build/pstorage.o
 .bss.m_next_page_addr
                0x2000220c        0x4 _build/pstorage.o
 .bss.m_round_val
                0x20002210        0x2 _build/pstorage.o
 .bss.m_swap_state
                0x20002212        0x1 _build/pstorage.o
 .bss.current_long_push_pin_no.5979
                0x20002213        0x1 _build/bsp.o
 .bss.m_alert_timer_id
                0x20002214        0x4 _build/bsp.o
 .bss.m_app_ticks_per_100ms
                0x20002218        0x4 _build/bsp.o
 .bss.m_button_timer_id
                0x2000221c        0x4 _build/bsp.o
 .bss.m_events_list
                0x20002220        0xc _build/bsp.o
 .bss.m_indication_type
                0x2000222c        0x4 _build/bsp.o
 .bss.m_leds_timer_id
                0x20002230        0x4 _build/bsp.o
 .bss.m_registered_callback
                0x20002234        0x4 _build/bsp.o
 .bss.m_stable_state
                0x20002238        0x1 _build/bsp.o
 *fill*         0x20002239        0x3 
 .bss.release_event_at_push.5980
                0x2000223c        0x4 _build/bsp.o
 .bss.m_error_handler
                0x20002240        0x4 _build/bsp_btn_ble.o
 .bss.m_num_connections
                0x20002244        0x4 _build/bsp_btn_ble.o
 .bss.APP_TIMER_BUF.8338
                0x20002248      0x308 _build/main.o
 .bss.BLE_EVT_BUFFER.8421
                0x20002550       0x48 _build/main.o
 .bss.m_app_handle
                0x20002598        0x1 _build/main.o
 *fill*         0x20002599        0x3 
 .bss.m_bas     0x2000259c       0x18 _build/main.o
 .bss.m_battery_sim_cfg
                0x200025b4       0x10 _build/main.o
 .bss.m_battery_sim_state
                0x200025c4        0x8 _build/main.o
 .bss.m_battery_timer_id
                0x200025cc        0x4 _build/main.o
 .bss.m_cadence_rpm_sim_cfg
                0x200025d0       0x10 _build/main.o
 .bss.m_cadence_rpm_sim_state
                0x200025e0        0x8 _build/main.o
 .bss.m_cadence_stl_sim_cfg
                0x200025e8       0x10 _build/main.o
 .bss.m_cadence_stl_sim_state
                0x200025f8        0x8 _build/main.o
 .bss.m_rsc_meas_timer_id
                0x20002600        0x4 _build/main.o
 .bss.m_rscs    0x20002604       0x1c _build/main.o
 .bss.m_speed_mps_sim_cfg
                0x20002620       0x10 _build/main.o
 .bss.m_speed_mps_sim_state
                0x20002630        0x8 _build/main.o
 .bss.m_adv_evt
                0x20002638        0x1 _build/ble_advertising.o
 .bss.m_adv_mode_current
                0x20002639        0x1 _build/ble_advertising.o
 *fill*         0x2000263a        0x2 
 .bss.m_adv_modes_config
                0x2000263c       0x20 _build/ble_advertising.o
 .bss.m_advdata
                0x2000265c       0x30 _build/ble_advertising.o
 .bss.m_advertising_start_pending
                0x2000268c        0x1 _build/ble_advertising.o
 .bss.m_direct_adv_cnt
                0x2000268d        0x1 _build/ble_advertising.o
 *fill*         0x2000268e        0x2 
 .bss.m_error_handler
                0x20002690        0x4 _build/ble_advertising.o
 .bss.m_evt_handler
                0x20002694        0x4 _build/ble_advertising.o
 .bss.m_manuf_data_array
                0x20002698       0x1f _build/ble_advertising.o
 *fill*         0x200026b7        0x1 
 .bss.m_manuf_specific_data
                0x200026b8        0xc _build/ble_advertising.o
 .bss.m_peer_addr_reply_expected
                0x200026c4        0x1 _build/ble_advertising.o
 *fill*         0x200026c5        0x3 
 .bss.m_peer_address
                0x200026c8        0x7 _build/ble_advertising.o
 *fill*         0x200026cf        0x1 
 .bss.m_service_data
                0x200026d0        0xc _build/ble_advertising.o
 .bss.m_service_data_array
                0x200026dc       0x1f _build/ble_advertising.o
 *fill*         0x200026fb        0x1 
 .bss.m_slave_conn_int
                0x200026fc        0x4 _build/ble_advertising.o
 .bss.m_tx_power_level
                0x20002700        0x1 _build/ble_advertising.o
 *fill*         0x20002701        0x3 
 .bss.m_whitelist
                0x20002704       0x10 _build/ble_advertising.o
 .bss.m_whitelist_reply_expected
                0x20002714        0x1 _build/ble_advertising.o
 .bss.m_whitelist_temporarily_disabled
                0x20002715        0x1 _build/ble_advertising.o
 *fill*         0x20002716        0x2 
 .bss.mp_whitelist_addr
                0x20002718       0x20 _build/ble_advertising.o
 .bss.mp_whitelist_irk
                0x20002738       0x20 _build/ble_advertising.o
 .bss.m_change_param
                0x20002758        0x1 _build/ble_conn_params.o
 *fill*         0x20002759        0x1 
 .bss.m_conn_handle
                0x2000275a        0x2 _build/ble_conn_params.o
 .bss.m_conn_params_config
                0x2000275c       0x1c _build/ble_conn_params.o
 .bss.m_conn_params_timer_id
                0x20002778        0x4 _build/ble_conn_params.o
 .bss.m_current_conn_params
                0x2000277c        0x8 _build/ble_conn_params.o
 .bss.m_preferred_conn_params
                0x20002784        0x8 _build/ble_conn_params.o
 .bss.m_update_count
                0x2000278c        0x1 _build/ble_conn_params.o
 *fill*         0x2000278d        0x3 
 .bss.fw_rev_handles
                0x20002790        0x8 _build/ble_dis.o
 .bss.hw_rev_handles
                0x20002798        0x8 _build/ble_dis.o
 .bss.manufact_name_handles
                0x200027a0        0x8 _build/ble_dis.o
 .bss.model_num_handles
                0x200027a8        0x8 _build/ble_dis.o
 .bss.pnp_id_handles
                0x200027b0        0x8 _build/ble_dis.o
 .bss.reg_cert_data_list_handles
                0x200027b8        0x8 _build/ble_dis.o
 .bss.serial_num_handles
                0x200027c0        0x8 _build/ble_dis.o
 .bss.service_handle
                0x200027c8        0x2 _build/ble_dis.o
 *fill*         0x200027ca        0x2 
 .bss.sw_rev_handles
                0x200027cc        0x8 _build/ble_dis.o
 .bss.sys_id_handles
                0x200027d4        0x8 _build/ble_dis.o
 .bss.m_application_table
                0x200027dc        0xc _build/device_manager_peripheral.o
 .bss.m_bond_table
                0x200027e8       0x1c _build/device_manager_peripheral.o
 .bss.m_connection_table
                0x20002804        0xc _build/device_manager_peripheral.o
 .bss.m_gatts_table
                0x20002810       0x18 _build/device_manager_peripheral.o
 .bss.m_irk_index_table
                0x20002828        0x7 _build/device_manager_peripheral.o
 .bss.m_module_initialized
                0x2000282f        0x1 _build/device_manager_peripheral.o
 .bss.m_peer_addr_update
                0x20002830        0x4 _build/device_manager_peripheral.o
 .bss.m_peer_table
                0x20002834       0xc4 _build/device_manager_peripheral.o
 .bss.m_storage_handle
                0x200028f8        0x8 _build/device_manager_peripheral.o
 .bss.m_ble_evt_buffer_size
                0x20002900        0x2 _build/softdevice_handler.o
 *fill*         0x20002902        0x2 
 .bss.m_ble_evt_handler
                0x20002904        0x4 _build/softdevice_handler.o
 .bss.m_evt_schedule_func
                0x20002908        0x4 _build/softdevice_handler.o
 .bss.m_softdevice_enabled
                0x2000290c        0x1 _build/softdevice_handler.o
 *fill*         0x2000290d        0x3 
 .bss.m_sys_evt_handler
                0x20002910        0x4 _build/softdevice_handler.o
 .bss.mp_ble_evt_buffer
                0x20002914        0x4 _build/softdevice_handler.o
 *(COMMON)
                0x20002918                . = ALIGN (0x4)
                0x20002918                __bss_end__ = .

.heap           0x20002918      0x800
                0x20002918                __end__ = .
                0x20002918                end = __end__
 *(.heap*)
 .heap          0x20002918      0x800 _build/gcc_startup_nrf51.o
                0x20002918                __HeapBase
                0x20003118                __HeapLimit = .

.stack_dummy    0x20002918      0x800
 *(.stack*)
 .stack         0x20002918      0x800 _build/gcc_startup_nrf51.o
                0x20008000                __StackTop = (ORIGIN (RAM) + LENGTH (RAM))
                0x20007800                __StackLimit = (__StackTop - SIZEOF (.stack_dummy))
                0x20008000                PROVIDE (__stack, __StackTop)
                0x00000001                ASSERT ((__StackLimit >= __HeapLimit), region RAM overflowed with stack)
OUTPUT(_build/nrf51422_xxac_s110.out elf32-littlearm)

.ARM.attributes
                0x00000000       0x28
 .ARM.attributes
                0x00000000       0x1e c:/program files (x86)/gnu tools arm embedded/6 2017-q2-update/bin/../lib/gcc/arm-none-eabi/6.3.1/thumb/v6-m/crti.o
 .ARM.attributes
                0x0000001e       0x1b c:/program files (x86)/gnu tools arm embedded/6 2017-q2-update/bin/../lib/gcc/arm-none-eabi/6.3.1/../../../../arm-none-eabi/lib/thumb/v6-m/crt0.o
 .ARM.attributes
                0x00000039       0x2c c:/program files (x86)/gnu tools arm embedded/6 2017-q2-update/bin/../lib/gcc/arm-none-eabi/6.3.1/../../../../arm-none-eabi/lib/thumb/v6-m\libc_nano.a(lib_a-exit.o)
 .ARM.attributes
                0x00000065       0x2c c:/program files (x86)/gnu tools arm embedded/6 2017-q2-update/bin/../lib/gcc/arm-none-eabi/6.3.1/../../../../arm-none-eabi/lib/thumb/v6-m\libc_nano.a(lib_a-impure.o)
 .ARM.attributes
                0x00000091       0x2c c:/program files (x86)/gnu tools arm embedded/6 2017-q2-update/bin/../lib/gcc/arm-none-eabi/6.3.1/../../../../arm-none-eabi/lib/thumb/v6-m\libc_nano.a(lib_a-init.o)
 .ARM.attributes
                0x000000bd       0x2c c:/program files (x86)/gnu tools arm embedded/6 2017-q2-update/bin/../lib/gcc/arm-none-eabi/6.3.1/../../../../arm-none-eabi/lib/thumb/v6-m\libc_nano.a(lib_a-memset.o)
 .ARM.attributes
                0x000000e9       0x2c c:/program files (x86)/gnu tools arm embedded/6 2017-q2-update/bin/../lib/gcc/arm-none-eabi/6.3.1/../../../../arm-none-eabi/lib/thumb/v6-m\libnosys.a(_exit.o)
 .ARM.attributes
                0x00000115       0x31 _build/app_button.o
 .ARM.attributes
                0x00000146       0x31 _build/app_error.o
 .ARM.attributes
                0x00000177       0x31 _build/app_fifo.o
 .ARM.attributes
                0x000001a8       0x31 _build/app_timer.o
 .ARM.attributes
                0x000001d9       0x31 _build/sensorsim.o
 .ARM.attributes
                0x0000020a       0x31 _build/app_uart_fifo.o
 .ARM.attributes
                0x0000023b       0x31 _build/nrf_drv_common.o
 .ARM.attributes
                0x0000026c       0x31 _build/nrf_drv_gpiote.o
 .ARM.attributes
                0x0000029d       0x31 _build/pstorage.o
 .ARM.attributes
                0x000002ce       0x31 _build/bsp.o
 .ARM.attributes
                0x000002ff       0x31 _build/bsp_btn_ble.o
 .ARM.attributes
                0x00000330       0x31 _build/main.o
 .ARM.attributes
                0x00000361       0x31 _build/ble_advdata.o
 .ARM.attributes
                0x00000392       0x31 _build/ble_advertising.o
 .ARM.attributes
                0x000003c3       0x31 _build/ble_bas.o
 .ARM.attributes
                0x000003f4       0x31 _build/ble_conn_params.o
 .ARM.attributes
                0x00000425       0x31 _build/ble_dis.o
 .ARM.attributes
                0x00000456       0x31 _build/ble_rscs.o
 .ARM.attributes
                0x00000487       0x31 _build/ble_srv_common.o
 .ARM.attributes
                0x000004b8       0x31 _build/device_manager_peripheral.o
 .ARM.attributes
                0x000004e9       0x31 _build/system_nrf51.o
 .ARM.attributes
                0x0000051a       0x31 _build/softdevice_handler.o
 .ARM.attributes
                0x0000054b       0x1b _build/gcc_startup_nrf51.o
 .ARM.attributes
                0x00000566       0x1e c:/program files (x86)/gnu tools arm embedded/6 2017-q2-update/bin/../lib/gcc/arm-none-eabi/6.3.1/thumb/v6-m\libgcc.a(_udivsi3.o)
 .ARM.attributes
                0x00000584       0x1e c:/program files (x86)/gnu tools arm embedded/6 2017-q2-update/bin/../lib/gcc/arm-none-eabi/6.3.1/thumb/v6-m\libgcc.a(_dvmd_tls.o)
 .ARM.attributes
                0x000005a2       0x2c c:/program files (x86)/gnu tools arm embedded/6 2017-q2-update/bin/../lib/gcc/arm-none-eabi/6.3.1/../../../../arm-none-eabi/lib/thumb/v6-m\libc_nano.a(lib_a-memcmp.o)
 .ARM.attributes
                0x000005ce       0x2c c:/program files (x86)/gnu tools arm embedded/6 2017-q2-update/bin/../lib/gcc/arm-none-eabi/6.3.1/../../../../arm-none-eabi/lib/thumb/v6-m\libc_nano.a(lib_a-memcpy-stub.o)
 .ARM.attributes
                0x000005fa       0x1c c:/program files (x86)/gnu tools arm embedded/6 2017-q2-update/bin/../lib/gcc/arm-none-eabi/6.3.1/../../../../arm-none-eabi/lib/thumb/v6-m\libc_nano.a(lib_a-strlen.o)
 .ARM.attributes
                0x00000616       0x1e c:/program files (x86)/gnu tools arm embedded/6 2017-q2-update/bin/../lib/gcc/arm-none-eabi/6.3.1/thumb/v6-m/crtn.o

.comment        0x00000000       0x7f
 .comment       0x00000000       0x7f _build/app_button.o
                                 0x80 (size before relaxing)
 .comment       0x0000007f       0x80 _build/app_error.o
 .comment       0x0000007f       0x80 _build/app_fifo.o
 .comment       0x0000007f       0x80 _build/app_timer.o
 .comment       0x0000007f       0x80 _build/sensorsim.o
 .comment       0x0000007f       0x80 _build/app_uart_fifo.o
 .comment       0x0000007f       0x80 _build/nrf_drv_common.o
 .comment       0x0000007f       0x80 _build/nrf_drv_gpiote.o
 .comment       0x0000007f       0x80 _build/pstorage.o
 .comment       0x0000007f       0x80 _build/bsp.o
 .comment       0x0000007f       0x80 _build/bsp_btn_ble.o
 .comment       0x0000007f       0x80 _build/main.o
 .comment       0x0000007f       0x80 _build/ble_advdata.o
 .comment       0x0000007f       0x80 _build/ble_advertising.o
 .comment       0x0000007f       0x80 _build/ble_bas.o
 .comment       0x0000007f       0x80 _build/ble_conn_params.o
 .comment       0x0000007f       0x80 _build/ble_dis.o
 .comment       0x0000007f       0x80 _build/ble_rscs.o
 .comment       0x0000007f       0x80 _build/ble_srv_common.o
 .comment       0x0000007f       0x80 _build/device_manager_peripheral.o
 .comment       0x0000007f       0x80 _build/system_nrf51.o
 .comment       0x0000007f       0x80 _build/softdevice_handler.o

.debug_frame    0x00000000      0x108
 .debug_frame   0x00000000       0x28 c:/program files (x86)/gnu tools arm embedded/6 2017-q2-update/bin/../lib/gcc/arm-none-eabi/6.3.1/../../../../arm-none-eabi/lib/thumb/v6-m\libc_nano.a(lib_a-exit.o)
 .debug_frame   0x00000028       0x2c c:/program files (x86)/gnu tools arm embedded/6 2017-q2-update/bin/../lib/gcc/arm-none-eabi/6.3.1/../../../../arm-none-eabi/lib/thumb/v6-m\libc_nano.a(lib_a-init.o)
 .debug_frame   0x00000054       0x20 c:/program files (x86)/gnu tools arm embedded/6 2017-q2-update/bin/../lib/gcc/arm-none-eabi/6.3.1/../../../../arm-none-eabi/lib/thumb/v6-m\libc_nano.a(lib_a-memset.o)
 .debug_frame   0x00000074       0x20 c:/program files (x86)/gnu tools arm embedded/6 2017-q2-update/bin/../lib/gcc/arm-none-eabi/6.3.1/../../../../arm-none-eabi/lib/thumb/v6-m\libnosys.a(_exit.o)
 .debug_frame   0x00000094       0x20 c:/program files (x86)/gnu tools arm embedded/6 2017-q2-update/bin/../lib/gcc/arm-none-eabi/6.3.1/thumb/v6-m\libgcc.a(_udivsi3.o)
 .debug_frame   0x000000b4       0x2c c:/program files (x86)/gnu tools arm embedded/6 2017-q2-update/bin/../lib/gcc/arm-none-eabi/6.3.1/../../../../arm-none-eabi/lib/thumb/v6-m\libc_nano.a(lib_a-memcmp.o)
 .debug_frame   0x000000e0       0x28 c:/program files (x86)/gnu tools arm embedded/6 2017-q2-update/bin/../lib/gcc/arm-none-eabi/6.3.1/../../../../arm-none-eabi/lib/thumb/v6-m\libc_nano.a(lib_a-memcpy-stub.o)
